Component: ARM Compiler 5.06 update 6 (build 750) Tool: armlink [4d35ed]

==============================================================================

Section Cross References

    startup_mm32w0xx_q.o(RESET) refers to startup_mm32w0xx_q.o(STACK) for __initial_sp
    startup_mm32w0xx_q.o(RESET) refers to startup_mm32w0xx_q.o(.text) for Reset_Handler
    startup_mm32w0xx_q.o(RESET) refers to sys.o(.text) for SysTick_Handler
    startup_mm32w0xx_q.o(RESET) refers to irq_rf.o(.text) for EXTI0_1_IRQHandler
    startup_mm32w0xx_q.o(RESET) refers to iic.o(.text) for I2C1_IRQHandler
    startup_mm32w0xx_q.o(RESET) refers to uart.o(.text) for UART2_IRQHandler
    startup_mm32w0xx_q.o(.text) refers to startup_mm32w0xx_q.o(STACK) for __initial_sp
    startup_mm32w0xx_q.o(.text) refers to system_mm32w0xx_q.o(.text) for SystemInit
    startup_mm32w0xx_q.o(.text) refers to entry.o(.ARM.Collect$$$$00000000) for __main
    main.o(.text) refers to sys.o(.text) for SysTick_Configuration
    main.o(.text) refers to uart.o(.text) for uart_initwBaudRate
    main.o(.text) refers to spi.o(.text) for SPIM_Init
    main.o(.text) refers to irq_rf.o(.text) for IRQ_RF
    main.o(.text) refers to hwtest.o(i.SetBleIntRunningMode) for SetBleIntRunningMode
    main.o(.text) refers to mg_driver.o(i.radio_initBle) for radio_initBle
    main.o(.text) refers to printf8.o(i.__0printf$8) for __2printf
    main.o(.text) refers to mg_driver.o(i.mg_activate) for mg_activate
    main.o(.text) refers to mg_driver.o(i.mg_writeBuf) for mg_writeBuf
    main.o(.text) refers to hwtest.o(i.ble_run_interrupt_start) for ble_run_interrupt_start
    main.o(.text) refers to main.o(.data) for ble_mac_addr
    uart.o(.text) refers to hal_rcc.o(.text) for RCC_APB1PeriphClockCmd
    uart.o(.text) refers to hal_misc.o(.text) for NVIC_Init
    uart.o(.text) refers to hal_gpio.o(.text) for GPIO_PinAFConfig
    uart.o(.text) refers to hal_uart.o(.text) for UART_Init
    uart.o(.text) refers to uidiv.o(.text) for __aeabi_uidivmod
    uart.o(.text) refers to uart.o(.data) for BaudRate
    uart.o(.text) refers to callback.o(.data) for txLen
    uart.o(.text) refers to callback.o(.bss) for txBuf
    uart.o(.text) refers to sys.o(.data) for SysTick_Count
    sys.o(.text) refers to hwtest.o(i.ble_nMsRoutine) for ble_nMsRoutine
    sys.o(.text) refers to sys.o(.data) for SysTick_Count
    hal_adc.o(.text) refers to hal_rcc.o(.text) for RCC_APB2PeriphResetCmd
    hal_gpio.o(.text) refers to hal_rcc.o(.text) for RCC_AHBPeriphClockCmd
    hal_i2c.o(.text) refers to hal_rcc.o(.text) for RCC_APB1PeriphResetCmd
    hal_i2c.o(.text) refers to uidiv.o(.text) for __aeabi_uidivmod
    hal_i2c.o(.text) refers to hal_i2c.o(.data) for I2C_DMA_DIR
    hal_pwr.o(.text) refers to hal_rcc.o(.text) for RCC_APB1PeriphResetCmd
    hal_rcc.o(.text) refers to hal_rcc.o(.data) for APBAHBPrescTable
    hal_spi.o(.text) refers to hal_rcc.o(.text) for RCC_APB2PeriphResetCmd
    hal_tim.o(.text) refers to hal_rcc.o(.text) for RCC_APB2PeriphResetCmd
    hal_uart.o(.text) refers to hal_rcc.o(.text) for RCC_APB1PeriphResetCmd
    hal_uart.o(.text) refers to uidiv.o(.text) for __aeabi_uidivmod
    hal_wwdg.o(.text) refers to hal_rcc.o(.text) for RCC_APB1PeriphResetCmd
    spi.o(.text) refers to hal_gpio.o(.text) for GPIO_ResetBits
    spi.o(.text) refers to hal_spi.o(.text) for SPI_BiDirectionalLineConfig
    spi.o(.text) refers to hal_rcc.o(.text) for RCC_APB1PeriphClockCmd
    callback.o(.text) refers to hal_uart.o(.text) for UART_GetITStatus
    callback.o(.text) refers to rcc.o(.text) for SysClk48to8
    callback.o(.text) refers to hwtest.o(i.ble_run_interrupt_McuCanSleep) for ble_run_interrupt_McuCanSleep
    callback.o(.text) refers to hal_gpio.o(.text) for GPIO_ResetBits
    callback.o(.text) refers to app.o(.text) for GetConnectedStatus
    callback.o(.text) refers to att.o(i.sconn_notifydata) for sconn_notifydata
    callback.o(.text) refers to idiv.o(.text) for __aeabi_idivmod
    callback.o(.text) refers to uidiv.o(.text) for __aeabi_uidivmod
    callback.o(.text) refers to callback.o(.data) for SleepStop
    callback.o(.text) refers to sys.o(.data) for SysTick_Count
    callback.o(.text) refers to callback.o(.bss) for rxBuf
    callback.o(.text) refers to uart.o(.data) for BaudRate
    iic.o(.text) refers to hal_misc.o(.text) for NVIC_Init
    iic.o(.text) refers to hal_rcc.o(.text) for RCC_APB1PeriphClockCmd
    iic.o(.text) refers to hal_gpio.o(.text) for GPIO_SetBits
    iic.o(.text) refers to hal_i2c.o(.text) for I2C_ClearITPendingBit
    iic.o(.text) refers to callback.o(.data) for RxCont
    iic.o(.text) refers to callback.o(.bss) for rxBuf
    irq_rf.o(.text) refers to hal_rcc.o(.text) for RCC_AHBPeriphClockCmd
    irq_rf.o(.text) refers to hal_gpio.o(.text) for GPIO_Init
    irq_rf.o(.text) refers to hal_syscfg.o(.text) for SYSCFG_EXTILineConfig
    irq_rf.o(.text) refers to hal_exti.o(.text) for EXTI_Init
[...]
    create_node                              0x08003571   Thumb Code    78  data_queue.o(i.create_node)
    i.empty_pk                               0x080035cc   Section        0  ll_control.o(i.empty_pk)
    i.get_ble_version                        0x080035dc   Section        0  hwtest.o(i.get_ble_version)
    i.get_node_free                          0x080035ec   Section        0  data_queue.o(i.get_node_free)
    i.is_node_empty                          0x080035f8   Section        0  data_queue.o(i.is_node_empty)
    i.mg_activate                            0x0800360c   Section        0  mg_driver.o(i.mg_activate)
    i.mg_readBuf                             0x0800362a   Section        0  mg_driver.o(i.mg_readBuf)
    i.mg_readReg                             0x0800365e   Section        0  mg_driver.o(i.mg_readReg)
    i.mg_writeBuf                            0x08003680   Section        0  mg_driver.o(i.mg_writeBuf)
    i.mg_writeReg                            0x080036b8   Section        0  mg_driver.o(i.mg_writeReg)
    i.queue_empty                            0x080036da   Section        0  data_queue.o(i.queue_empty)
    i.queue_init                             0x080036f0   Section        0  data_queue.o(i.queue_init)
    i.queue_pop                              0x08003704   Section        0  data_queue.o(i.queue_pop)
    i.queue_push                             0x0800371c   Section        0  data_queue.o(i.queue_push)
    i.radio_do_cal                           0x0800373e   Section        0  mg_driver.o(i.radio_do_cal)
    i.radio_do_cal_check_result              0x080037d0   Section        0  mg_driver.o(i.radio_do_cal_check_result)
    i.radio_do_cal_start                     0x080037f4   Section        0  mg_driver.o(i.radio_do_cal_start)
    i.radio_do_cal_step_check                0x0800381c   Section        0  mg_driver.o(i.radio_do_cal_step_check)
    i.radio_getClock                         0x080038b8   Section        0  mg_driver.o(i.radio_getClock)
    i.radio_getHClock                        0x080038f0   Section        0  mg_driver.o(i.radio_getHClock)
    i.radio_getHdr                           0x08003918   Section        0  mg_driver.o(i.radio_getHdr)
    i.radio_getPdu                           0x08003954   Section        0  mg_driver.o(i.radio_getPdu)
    i.radio_initBle                          0x080039e8   Section        0  mg_driver.o(i.radio_initBle)
    i.radio_readClearIRQ                     0x08003b7c   Section        0  mg_driver.o(i.radio_readClearIRQ)
    i.radio_setAccessCode                    0x08003b96   Section        0  mg_driver.o(i.radio_setAccessCode)
    i.radio_setAdvHeader                     0x08003bb6   Section        0  mg_driver.o(i.radio_setAdvHeader)
    i.radio_setAdvPayload                    0x08003bce   Section        0  mg_driver.o(i.radio_setAdvPayload)
    i.radio_setChannel                       0x08003bdc   Section        0  mg_driver.o(i.radio_setChannel)
    i.radio_setCrcInit                       0x08003bec   Section        0  mg_driver.o(i.radio_setCrcInit)
    i.radio_setIrqMask                       0x08003c08   Section        0  mg_driver.o(i.radio_setIrqMask)
    i.radio_setMode                          0x08003c1e   Section        0  mg_driver.o(i.radio_setMode)
    i.radio_setPaGain                        0x08003c56   Section        0  mg_driver.o(i.radio_setPaGain)
    i.radio_setStartTime                     0x08003c6c   Section        0  mg_driver.o(i.radio_setStartTime)
    i.radio_setTimeout                       0x08003c88   Section        0  mg_driver.o(i.radio_setTimeout)
    i.radio_setTxPayload                     0x08003cb0   Section        0  mg_driver.o(i.radio_setTxPayload)
    i.radio_setTxPduHeader                   0x08003cbe   Section        0  mg_driver.o(i.radio_setTxPduHeader)
    i.radio_setWakeupTime                    0x08003cda   Section        0  mg_driver.o(i.radio_setWakeupTime)
    i.radio_sleep                            0x08003cf8   Section        0  mg_driver.o(i.radio_sleep)
    i.radio_wakeup                           0x08003d12   Section        0  mg_driver.o(i.radio_wakeup)
    i.readQueue                              0x08003d20   Section        0  data_queue.o(i.readQueue)
    i.sOpCheck_Start                         0x08003d64   Section        0  slave_dispatch.o(i.sOpCheck_Start)
    i.s_llChmReq                             0x08003d80   Section        0  ll_control.o(i.s_llChmReq)
    i.s_llConnParaRsp                        0x08003d84   Section        0  ll_control.o(i.s_llConnParaRsp)
    i.s_llEnc                                0x08003dcc   Section        0  ll_control.o(i.s_llEnc)
    i.s_llFea                                0x08003e10   Section        0  ll_control.o(i.s_llFea)
    i.s_llSmPair                             0x08003e44   Section        0  ll_control.o(i.s_llSmPair)
    i.s_llTer                                0x08003e84   Section        0  ll_control.o(i.s_llTer)
    i.s_llUnknownRsp                         0x08003eac   Section        0  ll_control.o(i.s_llUnknownRsp)
    i.s_llVersion                            0x08003edc   Section        0  ll_control.o(i.s_llVersion)
    i.s_opcodeCheck                          0x08003f10   Section        0  slave_dispatch.o(i.s_opcodeCheck)
    s_opcodeCheck                            0x08003f11   Thumb Code    86  slave_dispatch.o(i.s_opcodeCheck)
    i.s_opcodeCheckOld                       0x08003f6c   Section        0  slave_dispatch.o(i.s_opcodeCheckOld)
    i.savetxbuf                              0x080041f4   Section        0  ll_control.o(i.savetxbuf)
    i.sconnConUpdate                         0x08004214   Section        0  fsm_sconn.o(i.sconnConUpdate)
    i.sconnUpChm                             0x08004278   Section        0  fsm_sconn.o(i.sconnUpChm)
    i.sconn_ReSetLLSupvTimer                 0x080042ac   Section        0  fsm_sconn.o(i.sconn_ReSetLLSupvTimer)
    i.sconn_notifydata                       0x080042b4   Section        0  att.o(i.sconn_notifydata)
    i.sconn_onNumUsedCh                      0x080042f8   Section        0  fsm_sconn.o(i.sconn_onNumUsedCh)
    sconn_onNumUsedCh                        0x080042f9   Thumb Code    52  fsm_sconn.o(i.sconn_onNumUsedCh)
    i.sconn_onRxAA                           0x08004334   Section        0  fsm_sconn.o(i.sconn_onRxAA)
    sconn_onRxAA                             0x08004335   Thumb Code    22  fsm_sconn.o(i.sconn_onRxAA)
    i.sconn_onRxPDU                          0x08004350   Section        0  fsm_sconn.o(i.sconn_onRxPDU)
    sconn_onRxPDU                            0x08004351   Thumb Code   212  fsm_sconn.o(i.sconn_onRxPDU)
    i.sconn_onSleep                          0x08004430   Section        0  fsm_sconn.o(i.sconn_onSleep)
    sconn_onSleep                            0x08004431   Thumb Code   572  fsm_sconn.o(i.sconn_onSleep)
    i.sconn_onTxStarted                      0x0800468c   Section        0  fsm_sconn.o(i.sconn_onTxStarted)
    sconn_onTxStarted                        0x0800468d   Thumb Code    26  fsm_sconn.o(i.sconn_onTxStarted)
    i.sconn_onWakeup                         0x080046ac   Section        0  fsm_sconn.o(i.sconn_onWakeup)
    sconn_onWakeup                           0x080046ad   Thumb Code    84  fsm_sconn.o(i.sconn_onWakeup)
    i.ser_execute_write_rsp                  0x08004708   Section        0  att.o(i.ser_execute_write_rsp)
    i.ser_notify_handle                      0x0800472a   Section        0  att.o(i.ser_notify_handle)
    i.ser_prepare_write_rsp                  0x08004782   Section        0  att.o(i.ser_prepare_write_rsp)
    i.ser_write_rsp_pkt                      0x080047c8   Section        0  att.o(i.ser_write_rsp_pkt)
    i.test_adv_generic                       0x080047f0   Section        0  hwtest.o(i.test_adv_generic)
    i.txRsp                                  0x08004818   Section        0  ll_control.o(i.txRsp)
    i.update_adv_generic_para                0x08004844   Section        0  hwtest.o(i.update_adv_generic_para)
    update_adv_generic_para                  0x08004845   Thumb Code   142  hwtest.o(i.update_adv_generic_para)
    .constdata                               0x080048dc   Section      154  app.o(.constdata)
    .constdata                               0x08004978   Section       28  fsm_adv_generic.o(.constdata)
    .constdata                               0x08004994   Section        4  slave_dispatch.o(.constdata)
    s_opCheck                                0x08004994   Data           4  slave_dispatch.o(.constdata)
    .constdata                               0x08004998   Section       28  fsm_sconn.o(.constdata)
    sconnFsm                                 0x08004998   Data          28  fsm_sconn.o(.constdata)
    .data                                    0x20000000   Section        8  main.o(.data)
    .data                                    0x20000008   Section        8  uart.o(.data)
    .data                                    0x20000010   Section        4  sys.o(.data)
    .data                                    0x20000014   Section        4  hal_i2c.o(.data)
    I2C_CMD_DIR                              0x20000014   Data           1  hal_i2c.o(.data)
    .data                                    0x20000018   Section       16  hal_rcc.o(.data)
    APBAHBPrescTable                         0x20000018   Data          16  hal_rcc.o(.data)
    .data                                    0x20000028   Section       25  callback.o(.data)
    dis_int_count                            0x20000040   Data           1  callback.o(.data)
    .data                                    0x20000042   Section       28  app.o(.data)
    gConnectedFlag                           0x2000005a   Data           1  app.o(.data)
    .data                                    0x2000005e   Section       17  att.o(.data)
    .data                                    0x20000070   Section       59  hwtest.o(.data)
    user_defined_advLen                      0x20000072   Data           1  hwtest.o(.data)
    user_defined_adv_rspLen                  0x20000073   Data           1  hwtest.o(.data)
    status                                   0x20000075   Data           1  hwtest.o(.data)
    nSwTimerRunning                          0x20000077   Data           1  hwtest.o(.data)
    len_pdu                                  0x20000078   Data           1  hwtest.o(.data)
    adv_hdr                                  0x20000079   Data           2  hwtest.o(.data)
    adv_interval                             0x2000007c   Data           2  hwtest.o(.data)
    scan_rsp_hdr                             0x2000007e   Data           2  hwtest.o(.data)
    McuCanSleepMargin                        0x20000080   Data           2  hwtest.o(.data)
    adv_data                                 0x20000082   Data           3  hwtest.o(.data)
    McuWakeUpTick                            0x20000088   Data           4  hwtest.o(.data)
    TargetSwTimerOutTick                     0x2000008c   Data           4  hwtest.o(.data)
    scan_rsp_data                            0x20000090   Data          27  hwtest.o(.data)
    .data                                    0x200000ab   Section        6  hwtest.o(.data)
    .data                                    0x200000b2   Section        8  ll_control.o(.data)
    chmPaBuf                                 0x200000b2   Data           8  ll_control.o(.data)
    .data                                    0x200000bc   Section       12  ll_control.o(.data)
    hdbak                                    0x200000bc   Data           2  ll_control.o(.data)
    hdr                                      0x200000be   Data           2  ll_control.o(.data)
    ctr_UpConn                               0x200000c0   Data           4  ll_control.o(.data)
    ctr_UpChm                                0x200000c4   Data           4  ll_control.o(.data)
    .data                                    0x200000c8   Section       64  fsm_adv_generic.o(.data)
    adv_len                                  0x200000c8   Data           1  fsm_adv_generic.o(.data)
    scan_rsp_len                             0x200000c9   Data           1  fsm_adv_generic.o(.data)
    ch                                       0x200000ca   Data           1  fsm_adv_generic.o(.data)
    IsFixChannel37Adv                        0x200000cb   Data           1  fsm_adv_generic.o(.data)
    DoRCFeqCalFlag                           0x200000cc   Data           1  fsm_adv_generic.o(.data)
    DoRCFeqCalStarted                        0x200000cd   Data           1  fsm_adv_generic.o(.data)
    cnt_less_calib                           0x200000ce   Data           1  fsm_adv_generic.o(.data)
    McuRcCalTimerEnableFlag                  0x200000cf   Data           1  fsm_adv_generic.o(.data)
    EnableAdvFlag                            0x200000d0   Data           1  fsm_adv_generic.o(.data)
    cnt_RcCal                                0x200000d4   Data           2  fsm_adv_generic.o(.data)
    adv_hdr                                  0x200000d6   Data           2  fsm_adv_generic.o(.data)
    scan_rsp_hdr                             0x200000d8   Data           2  fsm_adv_generic.o(.data)
    adv_interval_lfclk                       0x200000dc   Data           4  fsm_adv_generic.o(.data)
    tx_len_hfclk                             0x200000e0   Data           4  fsm_adv_generic.o(.data)
    tx_start                                 0x200000e4   Data           4  fsm_adv_generic.o(.data)
    RcCalLfClk                               0x200000e8   Data           4  fsm_adv_generic.o(.data)
    RcCalHfClk                               0x200000ec   Data           4  fsm_adv_generic.o(.data)
    McuRcCalTimerTarget                      0x200000f0   Data           4  fsm_adv_generic.o(.data)
    LF_AMPLE_U                               0x200000f4   Data           4  fsm_adv_generic.o(.data)
    LF_AMPLE_LF                              0x200000f8   Data           4  fsm_adv_generic.o(.data)
    LF_AMPLE_D                               0x200000fc   Data           4  fsm_adv_generic.o(.data)
    adv_data                                 0x20000100   Data           4  fsm_adv_generic.o(.data)
    scan_rsp_data                            0x20000104   Data           4  fsm_adv_generic.o(.data)
    .data                                    0x20000108   Section        5  mg_driver.o(.data)
    Header                                   0x2000010b   Data           2  mg_driver.o(.data)
    .data                                    0x20000110   Section        8  data_queue.o(.data)
    node_free                                0x20000110   Data           1  data_queue.o(.data)
    node_error_code                          0x20000111   Data           1  data_queue.o(.data)
    count                                    0x20000114   Data           4  data_queue.o(.data)
    .data                                    0x20000118   Section       61  slave_dispatch.o(.data)
    l2cap_len                                0x20000118   Data           1  slave_dispatch.o(.data)
    CurrentLLHdr                             0x20000119   Data           1  slave_dispatch.o(.data)
    dataHdrP                                 0x2000011a   Data           1  slave_dispatch.o(.data)
    attHandle                                0x2000011c   Data           2  slave_dispatch.o(.data)
    att_incl                                 0x20000124   Data           6  slave_dispatch.o(.data)
    queue_tx                                 0x2000012c   Data           8  slave_dispatch.o(.data)
    .data                                    0x20000158   Section        4  fsm_base.o(.data)
    .data                                    0x2000015c   Section        4  fsm_base.o(.data)
    .data                                    0x20000160   Section        4  fsm_base.o(.data)
    .data                                    0x20000164   Section        8  fsm_base.o(.data)
    connState                                0x20000164   Data           1  fsm_base.o(.data)
    .data                                    0x2000016c   Section       67  fsm_sconn.o(.data)
    new_pdu_flag                             0x2000016c   Data           1  fsm_sconn.o(.data)
    LostPackageNum                           0x2000016d   Data           1  fsm_sconn.o(.data)
    NoSleep                                  0x2000016e   Data           1  fsm_sconn.o(.data)
    master_addr_type                         0x20000170   Data           1  fsm_sconn.o(.data)
    ch                                       0x20000171   Data           1  fsm_sconn.o(.data)
    unmapped_ch                              0x20000172   Data           1  fsm_sconn.o(.data)
    winSize                                  0x20000173   Data           1  fsm_sconn.o(.data)
    hop                                      0x20000174   Data           1  fsm_sconn.o(.data)
    num_used_channels                        0x20000175   Data           1  fsm_sconn.o(.data)
    rx_window                                0x20000176   Data           2  fsm_sconn.o(.data)
    connEvents                               0x20000178   Data           2  fsm_sconn.o(.data)
    latency_local                            0x2000017a   Data           2  fsm_sconn.o(.data)
    winOffset                                0x2000017c   Data           2  fsm_sconn.o(.data)
    interval                                 0x2000017e   Data           2  fsm_sconn.o(.data)
    latency                                  0x20000180   Data           2  fsm_sconn.o(.data)
    timeout                                  0x20000182   Data           2  fsm_sconn.o(.data)
    timeoutTime                              0x20000184   Data           2  fsm_sconn.o(.data)
    crcInit                                  0x20000186   Data           3  fsm_sconn.o(.data)
    s_ctr_UpChm                              0x2000018c   Data           4  fsm_sconn.o(.data)
    s_ctr_UpConn                             0x20000190   Data           4  fsm_sconn.o(.data)
    anchor_hfclk                             0x20000194   Data           4  fsm_sconn.o(.data)
    tx_start                                 0x20000198   Data           4  fsm_sconn.o(.data)
    AA                                       0x2000019c   Data           4  fsm_sconn.o(.data)
    wakeupTime                               0x200001a0   Data           4  fsm_sconn.o(.data)
    chM                                      0x200001a4   Data           5  fsm_sconn.o(.data)
    master_addr                              0x200001a9   Data           6  fsm_sconn.o(.data)
    .data                                    0x200001b0   Section        8  fsm_sconn.o(.data)
    chmPaBuf                                 0x200001b0   Data           8  fsm_sconn.o(.data)
    .bss                                     0x200001b8   Section      252  callback.o(.bss)
    .bss                                     0x200002b4   Section      101  hwtest.o(.bss)
    user_defined_adv                         0x200002b4   Data          31  hwtest.o(.bss)
    user_defined_adv_rsp                     0x200002d3   Data          31  hwtest.o(.bss)
    rx_buf                                   0x200002f2   Data          39  hwtest.o(.bss)
    .bss                                     0x2000031a   Section       12  ll_control.o(.bss)
    connPaBuf                                0x2000031a   Data          12  ll_control.o(.bss)
    .bss                                     0x20000326   Section       37  ll_control.o(.bss)
    txbufbak                                 0x20000326   Data          37  ll_control.o(.bss)
    .bss                                     0x2000034c   Section      452  data_queue.o(.bss)
    data_buf                                 0x2000034c   Data         330  data_queue.o(.bss)
    node_buf                                 0x20000498   Data         120  data_queue.o(.bss)
    .bss                                     0x20000510   Section       29  slave_dispatch.o(.bss)
    l2cap_pdu                                0x20000510   Data          29  slave_dispatch.o(.bss)
    .bss                                     0x2000052e   Section       12  fsm_sconn.o(.bss)
    connPaBuf                                0x2000052e   Data          12  fsm_sconn.o(.bss)
    .bss                                     0x2000053a   Section       70  fsm_sconn.o(.bss)
    remapping_table                          0x2000053a   Data          37  fsm_sconn.o(.bss)
    pdu_l2cap_data                           0x2000055f   Data          33  fsm_sconn.o(.bss)
    STACK                                    0x20000580   Section      512  startup_mm32w0xx_q.o(STACK)

    Global Symbols

    Symbol Name                              Value     Ov Type        Size  Object(Section)

    BuildAttributes$$THM_ISAv3M$S$PE$A:L22$X:L11$S22$IEEE1$IW$USESV6$~STKCKD$USESV7$~SHL$OSPACE$ROPI$EBA8$MICROLIB$REQ8$PRES8$EABIv2 0x00000000   Number         0  anon$$obj.o ABSOLUTE
    __ARM_use_no_argv                        0x00000000   Number         0  main.o ABSOLUTE
    __use_no_errno                           0x00000000   Number         0  useno.o ABSOLUTE
    __use_no_exception_handling              0x00000000   Number         0  useno.o ABSOLUTE
    __use_no_fp                              0x00000000   Number         0  useno.o ABSOLUTE
    __use_no_heap                            0x00000000   Number         0  useno.o ABSOLUTE
    __use_no_heap_region                     0x00000000   Number         0  useno.o ABSOLUTE
    __use_no_semihosting                     0x00000000   Number         0  useno.o ABSOLUTE
    __use_no_semihosting_swi                 0x00000000   Number         0  useno.o ABSOLUTE
    __use_no_signal_handling                 0x00000000   Number         0  useno.o ABSOLUTE
    _printf_a                                0x00000000   Number         0  stubs.o ABSOLUTE
    _printf_c                                0x00000000   Number         0  stubs.o ABSOLUTE
    _printf_charcount                        0x00000000   Number         0  stubs.o ABSOLUTE
    _printf_d                                0x00000000   Number         0  stubs.o ABSOLUTE
    _printf_e                                0x00000000   Number         0  stubs.o ABSOLUTE
    _printf_f                                0x00000000   Number         0  stubs.o ABSOLUTE
    _printf_flags                            0x00000000   Number         0  stubs.o ABSOLUTE
    _printf_fp_dec                           0x00000000   Number         0  stubs.o ABSOLUTE
    _printf_fp_hex                           0x00000000   Number         0  stubs.o ABSOLUTE
    _printf_g                                0x00000000   Number         0  stubs.o ABSOLUTE
    _printf_i                                0x00000000   Number         0  stubs.o ABSOLUTE
    _printf_int_dec                          0x00000000   Number         0  stubs.o ABSOLUTE
    _printf_l                                0x00000000   Number         0  stubs.o ABSOLUTE
    _printf_lc                               0x00000000   Number         0  stubs.o ABSOLUTE
    _printf_ll                               0x00000000   Number         0  stubs.o ABSOLUTE
    _printf_lld                              0x00000000   Number         0  stubs.o ABSOLUTE
    _printf_lli                              0x00000000   Number         0  stubs.o ABSOLUTE
    _printf_llo                              0x00000000   Number         0  stubs.o ABSOLUTE
    _printf_llu                              0x00000000   Number         0  stubs.o ABSOLUTE
    _printf_llx                              0x00000000   Number         0  stubs.o ABSOLUTE
    _printf_longlong_dec                     0x00000000   Number         0  stubs.o ABSOLUTE
    _printf_longlong_hex                     0x00000000   Number         0  stubs.o ABSOLUTE
    _printf_longlong_oct                     0x00000000   Number         0  stubs.o ABSOLUTE
    _printf_ls                               0x00000000   Number         0  stubs.o ABSOLUTE
    _printf_mbtowc                           0x00000000   Number         0  stubs.o ABSOLUTE
    _printf_n                                0x00000000   Number         0  stubs.o ABSOLUTE
    _printf_o                                0x00000000   Number         0  stubs.o ABSOLUTE
    _printf_p                                0x00000000   Number         0  stubs.o ABSOLUTE
    _printf_percent                          0x00000000   Number         0  stubs.o ABSOLUTE
    _printf_pre_padding                      0x00000000   Number         0  stubs.o ABSOLUTE
    _printf_return_value                     0x00000000   Number         0  stubs.o ABSOLUTE
    _printf_s                                0x00000000   Number         0  stubs.o ABSOLUTE
    _printf_sizespec                         0x00000000   Number         0  stubs.o ABSOLUTE
    _printf_str                              0x00000000   Number         0  stubs.o ABSOLUTE
    _printf_truncate_signed                  0x00000000   Number         0  stubs.o ABSOLUTE
    _printf_truncate_unsigned                0x00000000   Number         0  stubs.o ABSOLUTE
    _printf_u                                0x00000000   Number         0  stubs.o ABSOLUTE
    _printf_wc                               0x00000000   Number         0  stubs.o ABSOLUTE
    _printf_wctomb                           0x00000000   Number         0  stubs.o ABSOLUTE
    _printf_widthprec                        0x00000000   Number         0  stubs.o ABSOLUTE
    _printf_x                                0x00000000   Number         0  stubs.o ABSOLUTE
    __cpp_initialize__aeabi_                  - Undefined Weak Reference
    __cxa_finalize                            - Undefined Weak Reference
    _clock_init                               - Undefined Weak Reference
    _microlib_exit                            - Undefined Weak Reference
    __Vectors_Size                           0x000000b4   Number         0  startup_mm32w0xx_q.o ABSOLUTE
    __Vectors                                0x08000000   Data           4  startup_mm32w0xx_q.o(RESET)
    __Vectors_End                            0x080000b4   Data           0  startup_mm32w0xx_q.o(RESET)
    __main                                   0x080000b5   Thumb Code     0  entry.o(.ARM.Collect$$$$00000000)
    _main_stk                                0x080000b5   Thumb Code     0  entry2.o(.ARM.Collect$$$$00000001)
    _main_scatterload                        0x080000b9   Thumb Code     0  entry5.o(.ARM.Collect$$$$00000004)
    __main_after_scatterload                 0x080000bd   Thumb Code     0  entry5.o(.ARM.Collect$$$$00000004)
    _main_clock                              0x080000bd   Thumb Code     0  entry7b.o(.ARM.Collect$$$$00000008)
    _main_cpp_init                           0x080000bd   Thumb Code     0  entry8b.o(.ARM.Collect$$$$0000000A)
    _main_init                               0x080000bd   Thumb Code     0  entry9a.o(.ARM.Collect$$$$0000000B)
    __rt_final_cpp                           0x080000c5   Thumb Code     0  entry10a.o(.ARM.Collect$$$$0000000D)
    __rt_final_exit                          0x080000c5   Thumb Code     0  entry11a.o(.ARM.Collect$$$$0000000F)
    SystemInit                               0x0800014d   Thumb Code    66  system_mm32w0xx_q.o(.text)
    Reset_Handler                            0x0800019d   Thumb Code    38  startup_mm32w0xx_q.o(.text)
    NMI_Handler                              0x080001c3   Thumb Code     2  startup_mm32w0xx_q.o(.text)
    HardFault_Handler                        0x080001c5   Thumb Code     2  startup_mm32w0xx_q.o(.text)
    MemManage_Handler                        0x080001c7   Thumb Code     2  startup_mm32w0xx_q.o(.text)
    BusFault_Handler                         0x080001c9   Thumb Code     2  startup_mm32w0xx_q.o(.text)
    UsageFault_Handler                       0x080001cb   Thumb Code     2  startup_mm32w0xx_q.o(.text)
    SVC_Handler                              0x080001cd   Thumb Code     2  startup_mm32w0xx_q.o(.text)
    DebugMon_Handler                         0x080001cf   Thumb Code     2  startup_mm32w0xx_q.o(.text)
    PendSV_Handler                           0x080001d1   Thumb Code     2  startup_mm32w0xx_q.o(.text)
    ADC1_COMP_IRQHandler                     0x080001d5   Thumb Code     0  startup_mm32w0xx_q.o(.text)
    DMA1_Channel1_IRQHandler                 0x080001d5   Thumb Code     0  startup_mm32w0xx_q.o(.text)
    DMA1_Channel2_3_IRQHandler               0x080001d5   Thumb Code     0  startup_mm32w0xx_q.o(.text)
    DMA1_Channel4_5_IRQHandler               0x080001d5   Thumb Code     0  startup_mm32w0xx_q.o(.text)
    EXTI2_3_IRQHandler                       0x080001d5   Thumb Code     0  startup_mm32w0xx_q.o(.text)
    EXTI4_15_IRQHandler                      0x080001d5   Thumb Code     0  startup_mm32w0xx_q.o(.text)
    FLASH_IRQHandler                         0x080001d5   Thumb Code     0  startup_mm32w0xx_q.o(.text)
    PVD_IRQHandler                           0x080001d5   Thumb Code     0  startup_mm32w0xx_q.o(.text)
    RCC_IRQHandler                           0x080001d5   Thumb Code     0  startup_mm32w0xx_q.o(.text)
    SPI1_IRQHandler                          0x080001d5   Thumb Code     0  startup_mm32w0xx_q.o(.text)
    SPI2_IRQHandler                          0x080001d5   Thumb Code     0  startup_mm32w0xx_q.o(.text)
    TIM14_IRQHandler                         0x080001d5   Thumb Code     0  startup_mm32w0xx_q.o(.text)
    TIM16_IRQHandler                         0x080001d5   Thumb Code     0  startup_mm32w0xx_q.o(.text)
    TIM17_IRQHandler                         0x080001d5   Thumb Code     0  startup_mm32w0xx_q.o(.text)
    TIM1_BRK_UP_TRG_COM_IRQHandler           0x080001d5   Thumb Code     0  startup_mm32w0xx_q.o(.text)
    TIM1_CC_IRQHandler                       0x080001d5   Thumb Code     0  startup_mm32w0xx_q.o(.text)
    TIM2_IRQHandler                          0x080001d5   Thumb Code     0  startup_mm32w0xx_q.o(.text)
    TIM3_IRQHandler                          0x080001d5   Thumb Code     0  startup_mm32w0xx_q.o(.text)
    UART1_IRQHandler                         0x080001d5   Thumb Code     0  startup_mm32w0xx_q.o(.text)
    WWDG_IRQHandler                          0x080001d5   Thumb Code     0  startup_mm32w0xx_q.o(.text)
    get_local_addr                           0x080001fd   Thumb Code     6  main.o(.text)
    main                                     0x08000203   Thumb Code   156  main.o(.text)
    _sys_exit                                0x080002d9   Thumb Code     4  uart.o(.text)
    fputc                                    0x080002dd   Thumb Code    22  uart.o(.text)
    uart_initwBaudRate                       0x080002f3   Thumb Code   244  uart.o(.text)
    ChangeBaudRate                           0x080003e7   Thumb Code    64  uart.o(.text)
    moduleOutData                            0x08000427   Thumb Code    50  uart.o(.text)
    UART2_IRQHandler                         0x08000459   Thumb Code   182  uart.o(.text)
    GetSysTickCount                          0x08000545   Thumb Code     6  sys.o(.text)
    SysTick_Handler                          0x0800054b   Thumb Code    18  sys.o(.text)
    SysTick_Configuration                    0x0800055d   Thumb Code    42  sys.o(.text)
    EXTI_DeInit                              0x0800060d   Thumb Code    18  hal_exti.o(.text)
    EXTI_Init                                0x0800061f   Thumb Code   134  hal_exti.o(.text)
    EXTI_StructInit                          0x080006a5   Thumb Code    16  hal_exti.o(.text)
    EXTI_GenerateSWInterrupt                 0x080006b5   Thumb Code    12  hal_exti.o(.text)
    EXTI_GetFlagStatus                       0x080006c1   Thumb Code    22  hal_exti.o(.text)
    EXTI_ClearFlag                           0x080006d7   Thumb Code     6  hal_exti.o(.text)
    EXTI_GetITStatus                         0x080006dd   Thumb Code    36  hal_exti.o(.text)
    EXTI_ClearITPendingBit                   0x08000701   Thumb Code     6  hal_exti.o(.text)
    GPIO_DeInit                              0x08000711   Thumb Code   106  hal_gpio.o(.text)
    GPIO_Init                                0x0800077b   Thumb Code   222  hal_gpio.o(.text)
    GPIO_StructInit                          0x08000859   Thumb Code    16  hal_gpio.o(.text)
    GPIO_ReadInputDataBit                    0x08000869   Thumb Code    20  hal_gpio.o(.text)
    GPIO_ReadInputData                       0x0800087d   Thumb Code     8  hal_gpio.o(.text)
    GPIO_ReadOutputDataBit                   0x08000885   Thumb Code    20  hal_gpio.o(.text)
    GPIO_ReadOutputData                      0x08000899   Thumb Code     8  hal_gpio.o(.text)
    GPIO_SetBits                             0x080008a1   Thumb Code     4  hal_gpio.o(.text)
    GPIO_ResetBits                           0x080008a5   Thumb Code     4  hal_gpio.o(.text)
    GPIO_WriteBit                            0x080008a9   Thumb Code    12  hal_gpio.o(.text)
    GPIO_Write                               0x080008b5   Thumb Code     4  hal_gpio.o(.text)
    GPIO_PinLockConfig                       0x080008b9   Thumb Code    22  hal_gpio.o(.text)
    GPIO_PinAFConfig                         0x080008cf   Thumb Code    70  hal_gpio.o(.text)
    I2C_DeInit                               0x08000921   Thumb Code    30  hal_i2c.o(.text)
    I2C_Init                                 0x0800093f   Thumb Code   182  hal_i2c.o(.text)
    I2C_StructInit                           0x080009f5   Thumb Code    18  hal_i2c.o(.text)
    I2C_Cmd                                  0x08000a07   Thumb Code    32  hal_i2c.o(.text)
    I2C_DMACmd                               0x08000a27   Thumb Code    64  hal_i2c.o(.text)
    I2C_GenerateSTART                        0x08000a67   Thumb Code    26  hal_i2c.o(.text)
    I2C_GenerateSTOP                         0x08000a81   Thumb Code    58  hal_i2c.o(.text)
    I2C_OwnAddress2Config                    0x08000abb   Thumb Code    20  hal_i2c.o(.text)
    I2C_DualAddressCmd                       0x08000acf   Thumb Code    26  hal_i2c.o(.text)
    I2C_GeneralCallCmd                       0x08000ae9   Thumb Code    26  hal_i2c.o(.text)
    I2C_ITConfig                             0x08000b03   Thumb Code    28  hal_i2c.o(.text)
    I2C_SendData                             0x08000b1f   Thumb Code     4  hal_i2c.o(.text)
    I2C_SendLastDataOrStop                   0x08000b23   Thumb Code    10  hal_i2c.o(.text)
    I2C_ReadLastDataOrStop                   0x08000b2d   Thumb Code    12  hal_i2c.o(.text)
    I2C_ReadCmd                              0x08000b39   Thumb Code     8  hal_i2c.o(.text)
    I2C_ReceiveData                          0x08000b41   Thumb Code    14  hal_i2c.o(.text)
    I2C_Send7bitAddress                      0x08000b4f   Thumb Code     6  hal_i2c.o(.text)
    I2C_ReadRegister                         0x08000b55   Thumb Code     6  hal_i2c.o(.text)
    I2C_GetLastEvent                         0x08000b5b   Thumb Code    16  hal_i2c.o(.text)
    I2C_CheckEvent                           0x08000b6b   Thumb Code    52  hal_i2c.o(.text)
    I2C_GetFlagStatus                        0x08000b9f   Thumb Code    76  hal_i2c.o(.text)
    I2C_ClearFlag                            0x08000beb   Thumb Code   146  hal_i2c.o(.text)
    I2C_GetITStatus                          0x08000c7d   Thumb Code    20  hal_i2c.o(.text)
    I2C_ClearITPendingBit                    0x08000c91   Thumb Code   196  hal_i2c.o(.text)
    NVIC_Init                                0x08000d55   Thumb Code   106  hal_misc.o(.text)
    NVIC_SetVectorTable                      0x08000dbf   Thumb Code     2  hal_misc.o(.text)
    NVIC_SystemLPConfig                      0x08000dc1   Thumb Code    28  hal_misc.o(.text)
    SysTick_CLKSourceConfig                  0x08000ddd   Thumb Code    32  hal_misc.o(.text)
    RCC_DeInit                               0x08000e09   Thumb Code    56  hal_rcc.o(.text)
    RCC_HSEConfig                            0x08000e41   Thumb Code    84  hal_rcc.o(.text)
    RCC_GetFlagStatus                        0x08000e95   Thumb Code    48  hal_rcc.o(.text)
    RCC_WaitForHSEStartUp                    0x08000ec5   Thumb Code    60  hal_rcc.o(.text)
    RCC_AdjustHSICalibrationValue            0x08000f01   Thumb Code    26  hal_rcc.o(.text)
    RCC_HSICmd                               0x08000f1b   Thumb Code    32  hal_rcc.o(.text)
    RCC_SYSCLKConfig                         0x08000f3b   Thumb Code    24  hal_rcc.o(.text)
    RCC_GetSYSCLKSource                      0x08000f53   Thumb Code    10  hal_rcc.o(.text)
    RCC_HCLKConfig                           0x08000f5d   Thumb Code    28  hal_rcc.o(.text)
    RCC_PCLK1Config                          0x08000f79   Thumb Code    30  hal_rcc.o(.text)
    RCC_PCLK2Config                          0x08000f97   Thumb Code    28  hal_rcc.o(.text)
    RCC_ITConfig                             0x08000fb3   Thumb Code    32  hal_rcc.o(.text)
    RCC_LSICmd                               0x08000fd3   Thumb Code    32  hal_rcc.o(.text)
    RCC_GetClocksFreq                        0x08000ff3   Thumb Code   146  hal_rcc.o(.text)
    RCC_AHBPeriphClockCmd                    0x08001085   Thumb Code    28  hal_rcc.o(.text)
    RCC_APB2PeriphClockCmd                   0x080010a1   Thumb Code    28  hal_rcc.o(.text)
    RCC_APB1PeriphClockCmd                   0x080010bd   Thumb Code    28  hal_rcc.o(.text)
    RCC_APB2PeriphResetCmd                   0x080010d9   Thumb Code    28  hal_rcc.o(.text)
    RCC_APB1PeriphResetCmd                   0x080010f5   Thumb Code    28  hal_rcc.o(.text)
    RCC_ClockSecuritySystemCmd               0x08001111   Thumb Code    34  hal_rcc.o(.text)
    RCC_MCOConfig                            0x08001133   Thumb Code    28  hal_rcc.o(.text)
    RCC_ClearFlag                            0x0800114f   Thumb Code    16  hal_rcc.o(.text)
    RCC_GetITStatus                          0x0800115f   Thumb Code    22  hal_rcc.o(.text)
    RCC_ClearITPendingBit                    0x08001175   Thumb Code    14  hal_rcc.o(.text)
    SPI_DeInit                               0x080011a1   Thumb Code    50  hal_spi.o(.text)
    SPI_Init                                 0x080011d3   Thumb Code    88  hal_spi.o(.text)
    SPI_StructInit                           0x0800122b   Thumb Code    32  hal_spi.o(.text)
    SPI_Cmd                                  0x0800124b   Thumb Code    26  hal_spi.o(.text)
    SPI_ITConfig                             0x08001265   Thumb Code    40  hal_spi.o(.text)
    SPI_DMACmd                               0x0800128d   Thumb Code    20  hal_spi.o(.text)
    SPI_FifoTrigger                          0x080012a1   Thumb Code    20  hal_spi.o(.text)
    SPI_SendData                             0x080012b5   Thumb Code    40  hal_spi.o(.text)
    SPI_ReceiveData                          0x080012dd   Thumb Code    50  hal_spi.o(.text)
    SPI_CSInternalSelected                   0x0800130f   Thumb Code    24  hal_spi.o(.text)
    SPI_NSSInternalSoftwareConfig            0x08001327   Thumb Code    30  hal_spi.o(.text)
    SPI_DataSizeConfig                       0x08001345   Thumb Code    16  hal_spi.o(.text)
    SPI_BiDirectionalLineConfig              0x08001355   Thumb Code    58  hal_spi.o(.text)
    SPI_GetFlagStatus                        0x0800138f   Thumb Code   104  hal_spi.o(.text)
    SPI_GetITStatus                          0x080013f7   Thumb Code    20  hal_spi.o(.text)
    SPI_ClearITPendingBit                    0x0800140b   Thumb Code     8  hal_spi.o(.text)
    SPI_RxBytes                              0x08001413   Thumb Code     4  hal_spi.o(.text)
    SPI_SlaveAdjust                          0x08001417   Thumb Code     8  hal_spi.o(.text)
    SYSCFG_DeInit                            0x08001431   Thumb Code    28  hal_syscfg.o(.text)
    SYSCFG_MemoryRemapConfig                 0x0800144d   Thumb Code    24  hal_syscfg.o(.text)
    SYSCFG_DMAChannelRemapConfig             0x08001465   Thumb Code    28  hal_syscfg.o(.text)
    SYSCFG_EXTILineConfig                    0x08001481   Thumb Code    66  hal_syscfg.o(.text)
    UART_DeInit                              0x080014c9   Thumb Code    54  hal_uart.o(.text)
    UART_Init                                0x080014ff   Thumb Code   116  hal_uart.o(.text)
    UART_StructInit                          0x08001573   Thumb Code    26  hal_uart.o(.text)
    UART_Cmd                                 0x0800158d   Thumb Code    24  hal_uart.o(.text)
    UART_ITConfig                            0x080015a5   Thumb Code    20  hal_uart.o(.text)
    UART_DMACmd                              0x080015b9   Thumb Code    20  hal_uart.o(.text)
    UART_SendData                            0x080015cd   Thumb Code     6  hal_uart.o(.text)
    UART_ReceiveData                         0x080015d3   Thumb Code     8  hal_uart.o(.text)
    UART_GetFlagStatus                       0x080015db   Thumb Code    20  hal_uart.o(.text)
    UART_ClearFlag                           0x080015ef   Thumb Code     2  hal_uart.o(.text)
    UART_GetITStatus                         0x080015f1   Thumb Code    20  hal_uart.o(.text)
    UART_ClearITPendingBit                   0x08001605   Thumb Code     4  hal_uart.o(.text)
    SPI_WriteRead                            0x08001615   Thumb Code    42  spi.o(.text)
    SPI_CS_Enable_                           0x0800163f   Thumb Code    14  spi.o(.text)
    SPI_CS_Disable_                          0x0800164d   Thumb Code    14  spi.o(.text)
    SPIM_TXEn                                0x0800165b   Thumb Code    14  spi.o(.text)
    SPIM_TXDisable                           0x08001669   Thumb Code    14  spi.o(.text)
    SPIM_RXEn                                0x08001677   Thumb Code    14  spi.o(.text)
    SPIM_RXDisable                           0x08001685   Thumb Code    16  spi.o(.text)
    SPIM_Init                                0x08001695   Thumb Code   234  spi.o(.text)
    McuGotoSleepAndWakeup                    0x0800178d   Thumb Code   106  callback.o(.text)
    IrqMcuGotoSleepAndWakeup                 0x080017f7   Thumb Code   108  callback.o(.text)
    DisableEnvINT                            0x08001863   Thumb Code    24  callback.o(.text)
    EnableEnvINT                             0x0800187b   Thumb Code    36  callback.o(.text)
    CheckComPortInData                       0x0800189f   Thumb Code   134  callback.o(.text)
    UsrProcCallback                          0x08001925   Thumb Code   138  callback.o(.text)
    IIC_Init                                 0x080019f9   Thumb Code   164  iic.o(.text)
    I2C1_IRQHandler                          0x08001a9d   Thumb Code   162  iic.o(.text)
    IRQ_RF                                   0x08001b5d   Thumb Code   122  irq_rf.o(.text)
    IsIrqEnabled                             0x08001bd7   Thumb Code    16  irq_rf.o(.text)
    EXTI0_1_IRQHandler                       0x08001be7   Thumb Code    16  irq_rf.o(.text)
    SetSysClock_HSI                          0x08001c09   Thumb Code   172  rcc.o(.text)
    SysClk8to48                              0x08001cb5   Thumb Code   106  rcc.o(.text)
    SysClk48to8                              0x08001d1f   Thumb Code    74  rcc.o(.text)
    getDeviceInfoData                        0x08001df1   Thumb Code    10  app.o(.text)
    updateDeviceInfoData                     0x08001dfb   Thumb Code    34  app.o(.text)
    GetCharListDim                           0x08001e1d   Thumb Code     4  app.o(.text)
    att_server_rdByGrType                    0x08001e21   Thumb Code   126  app.o(.text)
    ser_write_rsp                            0x08001e9f   Thumb Code    92  app.o(.text)
    ser_prepare_write                        0x08001efb   Thumb Code    24  app.o(.text)
    ser_execute_write                        0x08001f13   Thumb Code     2  app.o(.text)
    server_rd_rsp                            0x08001f15   Thumb Code   272  app.o(.text)
    server_blob_rd_rsp                       0x08002025   Thumb Code    22  app.o(.text)
    GetPrimaryServiceHandle                  0x0800203b   Thumb Code    32  app.o(.text)
    gatt_user_send_notify_data_callback      0x0800205b   Thumb Code     2  app.o(.text)
    getsoftwareversion                       0x0800205d   Thumb Code     4  app.o(.text)
    GetConnectedStatus                       0x08002061   Thumb Code     6  app.o(.text)
    ConnectStausUpdate                       0x08002067   Thumb Code    14  app.o(.text)
    __aeabi_uidiv                            0x080020b1   Thumb Code     0  uidiv.o(.text)
    __aeabi_uidivmod                         0x080020b1   Thumb Code    44  uidiv.o(.text)
    __aeabi_idiv                             0x080020dd   Thumb Code     0  idiv.o(.text)
    __aeabi_idivmod                          0x080020dd   Thumb Code    40  idiv.o(.text)
    __aeabi_memcpy                           0x08002105   Thumb Code    36  memcpya.o(.text)
    __aeabi_memcpy4                          0x08002105   Thumb Code     0  memcpya.o(.text)
    __aeabi_memcpy8                          0x08002105   Thumb Code     0  memcpya.o(.text)
    __aeabi_memset                           0x08002129   Thumb Code    14  memseta.o(.text)
    __aeabi_memset4                          0x08002129   Thumb Code     0  memseta.o(.text)
    __aeabi_memset8                          0x08002129   Thumb Code     0  memseta.o(.text)
    __aeabi_memclr                           0x08002137   Thumb Code     4  memseta.o(.text)
    __aeabi_memclr4                          0x08002137   Thumb Code     0  memseta.o(.text)
    __aeabi_memclr8                          0x08002137   Thumb Code     0  memseta.o(.text)
    _memset$wrapper                          0x0800213b   Thumb Code    18  memseta.o(.text)
    strlen                                   0x0800214d   Thumb Code    14  strlen.o(.text)
    memcmp                                   0x0800215b   Thumb Code    26  memcmp.o(.text)
    __aeabi_uldivmod                         0x08002175   Thumb Code    96  uldiv.o(.text)
    __scatterload                            0x080021d5   Thumb Code    28  init.o(.text)
    __scatterload_rt2                        0x080021d5   Thumb Code     0  init.o(.text)
    __aeabi_llsl                             0x080021f9   Thumb Code    32  llshl.o(.text)
    _ll_shift_l                              0x080021f9   Thumb Code     0  llshl.o(.text)
    __aeabi_llsr                             0x08002219   Thumb Code    34  llushr.o(.text)
    _ll_ushift_r                             0x08002219   Thumb Code     0  llushr.o(.text)
    __decompress                             0x0800223b   Thumb Code     0  __dczerorl.o(.text)
    __decompress0                            0x0800223b   Thumb Code    58  __dczerorl.o(.text)
    CheckMcuTimerForRcCal                    0x080022a5   Thumb Code    42  fsm_adv_generic.o(i.CheckMcuTimerForRcCal)
    DoRcConvert_HF_LF_COEF                   0x08002335   Thumb Code    16  fsm_adv_generic.o(i.DoRcConvert_HF_LF_COEF)
    DoRcConvert_LF_AMPLE                     0x08002349   Thumb Code    38  fsm_adv_generic.o(i.DoRcConvert_LF_AMPLE)
    GenerateTxQueue                          0x08002375   Thumb Code    48  slave_dispatch.o(i.GenerateTxQueue)
    GetAdvCh                                 0x080023a9   Thumb Code     6  fsm_adv_generic.o(i.GetAdvCh)
    GetAdvEnable                             0x080023b5   Thumb Code     6  fsm_adv_generic.o(i.GetAdvEnable)
    GetFirmwareInfo                          0x080023c1   Thumb Code    32  att.o(i.GetFirmwareInfo)
    IsSwTimeOut                              0x080023e9   Thumb Code    32  hwtest.o(i.IsSwTimeOut)
    ReSConnect                               0x0800240d   Thumb Code    98  fsm_sconn.o(i.ReSConnect)
    SIG_CommandRej                           0x08002481   Thumb Code    52  l2cap.o(i.SIG_CommandRej)
    SaveCurrentHdr                           0x080024b5   Thumb Code     6  slave_dispatch.o(i.SaveCurrentHdr)
    SetBleIntRunningMode                     0x080024c1   Thumb Code     8  hwtest.o(i.SetBleIntRunningMode)
    SetMcuSleepFlag                          0x080024cd   Thumb Code    10  hwtest.o(i.SetMcuSleepFlag)
    SetSwTimer                               0x080024dd   Thumb Code    20  hwtest.o(i.SetSwTimer)
    StartBBTimerForRcCal                     0x080024f5   Thumb Code    22  fsm_adv_generic.o(i.StartBBTimerForRcCal)
    Tx_len                                   0x08002511   Thumb Code    14  fsm_base.o(i.Tx_len)
    __0printf$8                              0x08002525   Thumb Code    24  printf8.o(i.__0printf$8)
    __1printf$8                              0x08002525   Thumb Code     0  printf8.o(i.__0printf$8)
    __2printf                                0x08002525   Thumb Code     0  printf8.o(i.__0printf$8)
    __ARM_common_switch8                     0x08002545   Thumb Code    26  mg_driver.o(i.__ARM_common_switch8)
    __scatterload_copy                       0x0800255f   Thumb Code    14  handlers.o(i.__scatterload_copy)
    __scatterload_null                       0x0800256d   Thumb Code     2  handlers.o(i.__scatterload_null)
    __scatterload_zeroinit                   0x0800256f   Thumb Code    14  handlers.o(i.__scatterload_zeroinit)
    att_ErrorFd_eCode                        0x08002d5d   Thumb Code    44  att.o(i.att_ErrorFd_eCode)
    att_exMtuReq                             0x08002d95   Thumb Code    30  att.o(i.att_exMtuReq)
    att_notFd                                0x08002dbd   Thumb Code    10  att.o(i.att_notFd)
    att_server_findByType                    0x08002dcf   Thumb Code   110  att.o(i.att_server_findByType)
    att_server_findIn                        0x08002e3d   Thumb Code   126  att.o(i.att_server_findIn)
    att_server_rd                            0x08002ec1   Thumb Code    80  att.o(i.att_server_rd)
    att_server_rdByGrTypeRspPrimaryService   0x08002f11   Thumb Code    90  att.o(i.att_server_rdByGrTypeRspPrimaryService)
    att_server_rdByType                      0x08002f6d   Thumb Code   478  att.o(i.att_server_rdByType)
    bb_DoRcCal                               0x0800315d   Thumb Code    40  fsm_adv_generic.o(i.bb_DoRcCal)
    bb_advCalTimerIrq                        0x08003191   Thumb Code    12  fsm_adv_generic.o(i.bb_advCalTimerIrq)
    bb_advGenericSetup                       0x0800319d   Thumb Code    38  fsm_adv_generic.o(i.bb_advGenericSetup)
    bb_advGenericStart                       0x080031c9   Thumb Code    10  fsm_adv_generic.o(i.bb_advGenericStart)
    bb_getConnState                          0x080031dd   Thumb Code    26  fsm_base.o(i.bb_getConnState)
    bb_sconnStart                            0x080031fd   Thumb Code   110  fsm_sconn.o(i.bb_sconnStart)
    bb_setConnState                          0x08003281   Thumb Code     6  fsm_base.o(i.bb_setConnState)
    ble_nMsRoutine                           0x0800328d   Thumb Code    38  hwtest.o(i.ble_nMsRoutine)
    ble_run                                  0x080032bd   Thumb Code   512  hwtest.o(i.ble_run)
    ble_run_interrupt_McuCanSleep            0x080034d1   Thumb Code    32  hwtest.o(i.ble_run_interrupt_McuCanSleep)
    ble_run_interrupt_start                  0x080034f5   Thumb Code    34  hwtest.o(i.ble_run_interrupt_start)
    ble_set_adv_type                         0x0800351d   Thumb Code    22  hwtest.o(i.ble_set_adv_type)
    ble_set_name                             0x08003539   Thumb Code    50  hwtest.o(i.ble_set_name)
    empty_pk                                 0x080035cd   Thumb Code    14  ll_control.o(i.empty_pk)
    get_ble_version                          0x080035dd   Thumb Code     4  hwtest.o(i.get_ble_version)
    get_node_free                            0x080035ed   Thumb Code     6  data_queue.o(i.get_node_free)
    is_node_empty                            0x080035f9   Thumb Code    16  data_queue.o(i.is_node_empty)
    mg_activate                              0x0800360d   Thumb Code    30  mg_driver.o(i.mg_activate)
    mg_readBuf                               0x0800362b   Thumb Code    52  mg_driver.o(i.mg_readBuf)
    mg_readReg                               0x0800365f   Thumb Code    34  mg_driver.o(i.mg_readReg)
    mg_writeBuf                              0x08003681   Thumb Code    56  mg_driver.o(i.mg_writeBuf)
    mg_writeReg                              0x080036b9   Thumb Code    34  mg_driver.o(i.mg_writeReg)
    queue_empty                              0x080036db   Thumb Code    20  data_queue.o(i.queue_empty)
    queue_init                               0x080036f1   Thumb Code    14  data_queue.o(i.queue_init)
    queue_pop                                0x08003705   Thumb Code    24  data_queue.o(i.queue_pop)
    queue_push                               0x0800371d   Thumb Code    34  data_queue.o(i.queue_push)
    radio_do_cal                             0x0800373f   Thumb Code   146  mg_driver.o(i.radio_do_cal)
    radio_do_cal_check_result                0x080037d1   Thumb Code    34  mg_driver.o(i.radio_do_cal_check_result)
    radio_do_cal_start                       0x080037f5   Thumb Code    36  mg_driver.o(i.radio_do_cal_start)
    radio_do_cal_step_check                  0x0800381d   Thumb Code   152  mg_driver.o(i.radio_do_cal_step_check)
    radio_getClock                           0x080038b9   Thumb Code    56  mg_driver.o(i.radio_getClock)
    radio_getHClock                          0x080038f1   Thumb Code    38  mg_driver.o(i.radio_getHClock)
    radio_getHdr                             0x08003919   Thumb Code    54  mg_driver.o(i.radio_getHdr)
    radio_getPdu                             0x08003955   Thumb Code   142  mg_driver.o(i.radio_getPdu)
    radio_initBle                            0x080039e9   Thumb Code   392  mg_driver.o(i.radio_initBle)
    radio_readClearIRQ                       0x08003b7d   Thumb Code    26  mg_driver.o(i.radio_readClearIRQ)
    radio_setAccessCode                      0x08003b97   Thumb Code    32  mg_driver.o(i.radio_setAccessCode)
    radio_setAdvHeader                       0x08003bb7   Thumb Code    24  mg_driver.o(i.radio_setAdvHeader)
    radio_setAdvPayload                      0x08003bcf   Thumb Code    14  mg_driver.o(i.radio_setAdvPayload)
    radio_setChannel                         0x08003bdd   Thumb Code    16  mg_driver.o(i.radio_setChannel)
    radio_setCrcInit                         0x08003bed   Thumb Code    28  mg_driver.o(i.radio_setCrcInit)
    radio_setIrqMask                         0x08003c09   Thumb Code    22  mg_driver.o(i.radio_setIrqMask)
    radio_setMode                            0x08003c1f   Thumb Code    56  mg_driver.o(i.radio_setMode)
    radio_setPaGain                          0x08003c57   Thumb Code    22  mg_driver.o(i.radio_setPaGain)
    radio_setStartTime                       0x08003c6d   Thumb Code    26  mg_driver.o(i.radio_setStartTime)
    radio_setTimeout                         0x08003c89   Thumb Code    36  mg_driver.o(i.radio_setTimeout)
    radio_setTxPayload                       0x08003cb1   Thumb Code    14  mg_driver.o(i.radio_setTxPayload)
    radio_setTxPduHeader                     0x08003cbf   Thumb Code    28  mg_driver.o(i.radio_setTxPduHeader)
    radio_setWakeupTime                      0x08003cdb   Thumb Code    30  mg_driver.o(i.radio_setWakeupTime)
    radio_sleep                              0x08003cf9   Thumb Code    26  mg_driver.o(i.radio_sleep)
    radio_wakeup                             0x08003d13   Thumb Code    12  mg_driver.o(i.radio_wakeup)
    readQueue                                0x08003d21   Thumb Code    62  data_queue.o(i.readQueue)
    sOpCheck_Start                           0x08003d65   Thumb Code    20  slave_dispatch.o(i.sOpCheck_Start)
    s_llChmReq                               0x08003d81   Thumb Code     2  ll_control.o(i.s_llChmReq)
    s_llConnParaRsp                          0x08003d85   Thumb Code    42  ll_control.o(i.s_llConnParaRsp)
    s_llEnc                                  0x08003dcd   Thumb Code    62  ll_control.o(i.s_llEnc)
    s_llFea                                  0x08003e11   Thumb Code    36  ll_control.o(i.s_llFea)
    s_llSmPair                               0x08003e45   Thumb Code    60  ll_control.o(i.s_llSmPair)
    s_llTer                                  0x08003e85   Thumb Code    36  ll_control.o(i.s_llTer)
    s_llUnknownRsp                           0x08003ead   Thumb Code    38  ll_control.o(i.s_llUnknownRsp)
    s_llVersion                              0x08003edd   Thumb Code    38  ll_control.o(i.s_llVersion)
    s_opcodeCheckOld                         0x08003f6d   Thumb Code   640  slave_dispatch.o(i.s_opcodeCheckOld)
    savetxbuf                                0x080041f5   Thumb Code    24  ll_control.o(i.savetxbuf)
    sconnConUpdate                           0x08004215   Thumb Code    90  fsm_sconn.o(i.sconnConUpdate)
    sconnUpChm                               0x08004279   Thumb Code    44  fsm_sconn.o(i.sconnUpChm)
    sconn_ReSetLLSupvTimer                   0x080042ad   Thumb Code     8  fsm_sconn.o(i.sconn_ReSetLLSupvTimer)
    sconn_notifydata                         0x080042b5   Thumb Code    64  att.o(i.sconn_notifydata)
    ser_execute_write_rsp                    0x08004709   Thumb Code    34  att.o(i.ser_execute_write_rsp)
    ser_notify_handle                        0x0800472b   Thumb Code    88  att.o(i.ser_notify_handle)
    ser_prepare_write_rsp                    0x08004783   Thumb Code    70  att.o(i.ser_prepare_write_rsp)
    ser_write_rsp_pkt                        0x080047c9   Thumb Code    30  att.o(i.ser_write_rsp_pkt)
    test_adv_generic                         0x080047f1   Thumb Code    36  hwtest.o(i.test_adv_generic)
    txRsp                                    0x08004819   Thumb Code    42  ll_control.o(i.txRsp)
    AttCharList                              0x080048dc   Data          90  app.o(.constdata)
    AttUuid128List                           0x08004936   Data          64  app.o(.constdata)
    adv_generic_fsm                          0x08004978   Data          28  fsm_adv_generic.o(.constdata)
    Region$$Table$$Base                      0x080049b4   Number         0  anon$$obj.o(Region$$Table)
    Region$$Table$$Limit                     0x080049d4   Number         0  anon$$obj.o(Region$$Table)
    ble_mac_addr                             0x20000000   Data           4  main.o(.data)
    GPIO_InitStructure                       0x20000004   Data           4  main.o(.data)
    BaudRate                                 0x20000008   Data           4  uart.o(.data)
    __stdout                                 0x2000000c   Data           4  uart.o(.data)
    SysTick_Count                            0x20000010   Data           4  sys.o(.data)
    I2C_DMA_DIR                              0x20000016   Data           2  hal_i2c.o(.data)
    AtCmdBufDataSize                         0x20000028   Data           1  callback.o(.data)
    txLen                                    0x20000029   Data           1  callback.o(.data)
    PosW                                     0x2000002a   Data           1  callback.o(.data)
    RxCont                                   0x2000002c   Data           2  callback.o(.data)
    comrxbuf_rd_pos                          0x2000002e   Data           2  callback.o(.data)
    tempI2cData                              0x20000030   Data           4  callback.o(.data)
    TxTimeout                                0x20000034   Data           4  callback.o(.data)
    SleepStop                                0x20000038   Data           1  callback.o(.data)
    SleepStatus                              0x20000039   Data           1  callback.o(.data)
    RxTimeout                                0x2000003c   Data           4  callback.o(.data)
    DeviceInfo                               0x20000042   Data          24  app.o(.data)
    cur_notifyhandle                         0x2000005c   Data           2  app.o(.data)
    att_enable_default_device_info           0x2000005e   Data           1  att.o(.data)
    lamp_lum                                 0x2000005f   Data           1  att.o(.data)
    lamp_onoff                               0x20000060   Data           1  att.o(.data)
    rsp_data_sn                              0x20000061   Data           1  att.o(.data)
    lamp_addr                                0x20000062   Data           2  att.o(.data)
    FIRMWARE_INFO                            0x20000064   Data          11  att.o(.data)
    s_flags                                  0x20000070   Data           1  hwtest.o(.data)
    m_flags                                  0x20000071   Data           1  hwtest.o(.data)
    BleRunStepFlags                          0x20000074   Data           1  hwtest.o(.data)
    role_type                                0x20000076   Data           1  hwtest.o(.data)
    myAddr                                   0x200000ab   Data           6  hwtest.o(.data)
    WakeupDelay                              0x200000d2   Data           2  fsm_adv_generic.o(.data)
    ChipVer                                  0x20000108   Data           1  mg_driver.o(.data)
    radio_do_cal_state                       0x20000109   Data           1  mg_driver.o(.data)
    radio_rf_cal_method                      0x2000010a   Data           1  mg_driver.o(.data)
    s_opcodeChe                              0x20000120   Data           4  slave_dispatch.o(.data)
    s_TxBuff                                 0x20000134   Data          33  slave_dispatch.o(.data)
    bb_fsm                                   0x20000158   Data           4  fsm_base.o(.data)
    wakeup_hfclk                             0x2000015c   Data           4  fsm_base.o(.data)
    wakeup_lfclk                             0x20000160   Data           4  fsm_base.o(.data)
    tx_len_hfclkb                            0x20000168   Data           4  fsm_base.o(.data)
    rssi_data                                0x2000016f   Data           1  fsm_sconn.o(.data)
    AtCmdBuf                                 0x200001b8   Data          52  callback.o(.bss)
    txBuf                                    0x200001ec   Data         100  callback.o(.bss)
    rxBuf                                    0x20000250   Data         100  callback.o(.bss)
    __initial_sp                             0x20000780   Data           0  startup_mm32w0xx_q.o(STACK)



==============================================================================

Memory Map of the image

  Image Entry point : 0x080000b5

  Load Region LR_IROM1 (Base: 0x08000000, Size: 0x00004b8c, Max: 0x00020000, ABSOLUTE, COMPRESSED[0x00004a4c])

    Execution Region ER_IROM1 (Exec base: 0x08000000, Load base: 0x08000000, Size: 0x000049d4, Max: 0x00020000, ABSOLUTE)

    Exec Addr    Load Addr    Size         Type   Attr      Idx    E Section Name        Object

    0x08000000   0x08000000   0x000000b4   Data   RO           50    RESET               startup_mm32w0xx_q.o
    0x080000b4   0x080000b4   0x00000000   Code   RO         1969  * .ARM.Collect$$$$00000000  mc_p.l(entry.o)
    0x080000b4   0x080000b4   0x00000004   Code   RO         2249    .ARM.Collect$$$$00000001  mc_p.l(entry2.o)
    0x080000b8   0x080000b8   0x00000004   Code   RO         2252    .ARM.Collect$$$$00000004  mc_p.l(entry5.o)
    0x080000bc   0x080000bc   0x00000000   Code   RO         2254    .ARM.Collect$$$$00000008  mc_p.l(entry7b.o)
    0x080000bc   0x080000bc   0x00000000   Code   RO         2256    .ARM.Collect$$$$0000000A  mc_p.l(entry8b.o)
    0x080000bc   0x080000bc   0x00000008   Code   RO         2257    .ARM.Collect$$$$0000000B  mc_p.l(entry9a.o)
    0x080000c4   0x080000c4   0x00000000   Code   RO         2259    .ARM.Collect$$$$0000000D  mc_p.l(entry10a.o)
    0x080000c4   0x080000c4   0x00000000   Code   RO         2261    .ARM.Collect$$$$0000000F  mc_p.l(entry11a.o)
    0x080000c4   0x080000c4   0x00000004   Code   RO         2250    .ARM.Collect$$$$00002712  mc_p.l(entry2.o)
    0x080000c8   0x080000c8   0x000000d4   Code   RO            3    .text               system_mm32w0xx_q.o
    0x0800019c   0x0800019c   0x00000060   Code   RO           51    .text               startup_mm32w0xx_q.o
    0x080001fc   0x080001fc   0x000000dc   Code   RO           57    .text               main.o
    0x080002d8   0x080002d8   0x0000026c   Code   RO          176    .text               uart.o
    0x08000544   0x08000544   0x000000c8   Code   RO          227    .text               sys.o
    0x0800060c   0x0800060c   0x00000104   Code   RO          313    .text               hal_exti.o
    0x08000710   0x08000710   0x00000210   Code   RO          353    .text               hal_gpio.o
    0x08000920   0x08000920   0x00000434   Code   RO          373    .text               hal_i2c.o
    0x08000d54   0x08000d54   0x000000b4   Code   RO          416    .text               hal_misc.o
    0x08000e08   0x08000e08   0x00000398   Code   RO          456    .text               hal_rcc.o
    0x080011a0   0x080011a0   0x00000290   Code   RO          478    .text               hal_spi.o
    0x08001430   0x08001430   0x00000098   Code   RO          498    .text               hal_syscfg.o
    0x080014c8   0x080014c8   0x0000014c   Code   RO          538    .text               hal_uart.o
    0x08001614   0x08001614   0x00000178   Code   RO          578    .text               spi.o
    0x0800178c   0x0800178c   0x0000026c   Code   RO          598    .text               callback.o
    0x080019f8   0x080019f8   0x00000164   Code   RO          623    .text               iic.o
    0x08001b5c   0x08001b5c   0x000000ac   Code   RO          644    .text               irq_rf.o
    0x08001c08   0x08001c08   0x000001e8   Code   RO          667    .text               rcc.o
    0x08001df0   0x08001df0   0x000002c0   Code   RO          738    .text               app.o
    0x080020b0   0x080020b0   0x0000002c   Code   RO         1972    .text               mc_p.l(uidiv.o)
    0x080020dc   0x080020dc   0x00000028   Code   RO         1974    .text               mc_p.l(idiv.o)
    0x08002104   0x08002104   0x00000024   Code   RO         1976    .text               mc_p.l(memcpya.o)
    0x08002128   0x08002128   0x00000024   Code   RO         1978    .text               mc_p.l(memseta.o)
    0x0800214c   0x0800214c   0x0000000e   Code   RO         1980    .text               mc_p.l(strlen.o)
    0x0800215a   0x0800215a   0x0000001a   Code   RO         1982    .text               mc_p.l(memcmp.o)
    0x08002174   0x08002174   0x00000060   Code   RO         2263    .text               mc_p.l(uldiv.o)
    0x080021d4   0x080021d4   0x00000024   Code   RO         2276    .text               mc_p.l(init.o)
    0x080021f8   0x080021f8   0x00000020   Code   RO         2278    .text               mc_p.l(llshl.o)
    0x08002218   0x08002218   0x00000022   Code   RO         2280    .text               mc_p.l(llushr.o)
    0x0800223a   0x0800223a   0x0000003a   Code   RO         2296    .text               mc_p.l(__dczerorl.o)
    0x08002274   0x08002274   0x00000030   Code   RO          945    i.CanSleep          mg_BLE_lib_m0.lib(hwtest.o)
    0x080022a4   0x080022a4   0x00000030   Code   RO         1264    i.CheckMcuTimerForRcCal  mg_BLE_lib_m0.lib(fsm_adv_generic.o)
    0x080022d4   0x080022d4   0x0000004c   Code   RO         1815    i.ConnUpdate        mg_BLE_lib_m0.lib(fsm_sconn.o)
    0x08002320   0x08002320   0x00000012   Code   RO         1381    i.DelayUs           mg_BLE_lib_m0.lib(mg_driver.o)
    0x08002332   0x08002332   0x00000002   PAD
    0x08002334   0x08002334   0x00000014   Code   RO         1265    i.DoRcConvert_HF_LF_COEF  mg_BLE_lib_m0.lib(fsm_adv_generic.o)
    0x08002348   0x08002348   0x0000002c   Code   RO         1266    i.DoRcConvert_LF_AMPLE  mg_BLE_lib_m0.lib(fsm_adv_generic.o)
    0x08002374   0x08002374   0x00000034   Code   RO         1734    i.GenerateTxQueue   mg_BLE_lib_m0.lib(slave_dispatch.o)
    0x080023a8   0x080023a8   0x0000000c   Code   RO         1267    i.GetAdvCh          mg_BLE_lib_m0.lib(fsm_adv_generic.o)
    0x080023b4   0x080023b4   0x0000000c   Code   RO         1268    i.GetAdvEnable      mg_BLE_lib_m0.lib(fsm_adv_generic.o)
    0x080023c0   0x080023c0   0x00000028   Code   RO          765    i.GetFirmwareInfo   mg_BLE_lib_m0.lib(att.o)
    0x080023e8   0x080023e8   0x00000024   Code   RO          946    i.IsSwTimeOut       mg_BLE_lib_m0.lib(hwtest.o)
    0x0800240c   0x0800240c   0x00000074   Code   RO         1818    i.ReSConnect        mg_BLE_lib_m0.lib(fsm_sconn.o)
    0x08002480   0x08002480   0x00000034   Code   RO         1949    i.SIG_CommandRej    mg_BLE_lib_m0.lib(l2cap.o)
    0x080024b4   0x080024b4   0x0000000c   Code   RO         1735    i.SaveCurrentHdr    mg_BLE_lib_m0.lib(slave_dispatch.o)
    0x080024c0   0x080024c0   0x0000000c   Code   RO          947    i.SetBleIntRunningMode  mg_BLE_lib_m0.lib(hwtest.o)
    0x080024cc   0x080024cc   0x00000010   Code   RO          949    i.SetMcuSleepFlag   mg_BLE_lib_m0.lib(hwtest.o)
    0x080024dc   0x080024dc   0x00000018   Code   RO          950    i.SetSwTimer        mg_BLE_lib_m0.lib(hwtest.o)
    0x080024f4   0x080024f4   0x0000001c   Code   RO         1270    i.StartBBTimerForRcCal  mg_BLE_lib_m0.lib(fsm_adv_generic.o)
    0x08002510   0x08002510   0x00000014   Code   RO         1781    i.Tx_len            mg_BLE_lib_m0.lib(fsm_base.o)
    0x08002524   0x08002524   0x00000020   Code   RO         2195    i.__0printf$8       mc_p.l(printf8.o)
    0x08002544   0x08002544   0x0000001a   Code   RO         1649    i.__ARM_common_switch8  mg_BLE_lib_m0.lib(mg_driver.o)
    0x0800255e   0x0800255e   0x0000000e   Code   RO         2290    i.__scatterload_copy  mc_p.l(handlers.o)
    0x0800256c   0x0800256c   0x00000002   Code   RO         2291    i.__scatterload_null  mc_p.l(handlers.o)
    0x0800256e   0x0800256e   0x0000000e   Code   RO         2292    i.__scatterload_zeroinit  mc_p.l(handlers.o)
    0x0800257c   0x0800257c   0x00000428   Code   RO         2202    i._printf_core      mc_p.l(printf8.o)
    0x080029a4   0x080029a4   0x00000020   Code   RO         2203    i._printf_post_padding  mc_p.l(printf8.o)
    0x080029c4   0x080029c4   0x0000002c   Code   RO         2204    i._printf_pre_padding  mc_p.l(printf8.o)
    0x080029f0   0x080029f0   0x00000030   Code   RO         1271    i.adv_generic_onRxAA  mg_BLE_lib_m0.lib(fsm_adv_generic.o)
    0x08002a20   0x08002a20   0x00000090   Code   RO         1272    i.adv_generic_onRxPDU  mg_BLE_lib_m0.lib(fsm_adv_generic.o)
    0x08002ab0   0x08002ab0   0x00000100   Code   RO         1273    i.adv_generic_onSleep  mg_BLE_lib_m0.lib(fsm_adv_generic.o)
    0x08002bb0   0x08002bb0   0x00000030   Code   RO         1274    i.adv_generic_onStart  mg_BLE_lib_m0.lib(fsm_adv_generic.o)
    0x08002be0   0x08002be0   0x00000038   Code   RO         1275    i.adv_generic_onTxStarted  mg_BLE_lib_m0.lib(fsm_adv_generic.o)
    0x08002c18   0x08002c18   0x00000074   Code   RO         1276    i.adv_generic_onWakeup  mg_BLE_lib_m0.lib(fsm_adv_generic.o)
    0x08002c8c   0x08002c8c   0x00000048   Code   RO         1819    i.applyConnUpdate   mg_BLE_lib_m0.lib(fsm_sconn.o)
    0x08002cd4   0x08002cd4   0x00000088   Code   RO         1820    i.apply_connPara    mg_BLE_lib_m0.lib(fsm_sconn.o)
    0x08002d5c   0x08002d5c   0x00000038   Code   RO          767    i.att_ErrorFd_eCode  mg_BLE_lib_m0.lib(att.o)
    0x08002d94   0x08002d94   0x00000028   Code   RO          769    i.att_exMtuReq      mg_BLE_lib_m0.lib(att.o)
    0x08002dbc   0x08002dbc   0x0000000a   Code   RO          770    i.att_notFd         mg_BLE_lib_m0.lib(att.o)
    0x08002dc6   0x08002dc6   0x00000008   Code   RO          771    i.att_rsp           mg_BLE_lib_m0.lib(att.o)
    0x08002dce   0x08002dce   0x0000006e   Code   RO          772    i.att_server_findByType  mg_BLE_lib_m0.lib(att.o)
    0x08002e3c   0x08002e3c   0x00000084   Code   RO          773    i.att_server_findIn  mg_BLE_lib_m0.lib(att.o)
    0x08002ec0   0x08002ec0   0x00000050   Code   RO          774    i.att_server_rd     mg_BLE_lib_m0.lib(att.o)
    0x08002f10   0x08002f10   0x0000005a   Code   RO          776    i.att_server_rdByGrTypeRspPrimaryService  mg_BLE_lib_m0.lib(att.o)
    0x08002f6a   0x08002f6a   0x00000002   PAD
    0x08002f6c   0x08002f6c   0x000001f0   Code   RO          777    i.att_server_rdByType  mg_BLE_lib_m0.lib(att.o)
    0x0800315c   0x0800315c   0x00000034   Code   RO         1277    i.bb_DoRcCal        mg_BLE_lib_m0.lib(fsm_adv_generic.o)
    0x08003190   0x08003190   0x0000000c   Code   RO         1278    i.bb_advCalTimerIrq  mg_BLE_lib_m0.lib(fsm_adv_generic.o)
    0x0800319c   0x0800319c   0x0000002c   Code   RO         1279    i.bb_advGenericSetup  mg_BLE_lib_m0.lib(fsm_adv_generic.o)
    0x080031c8   0x080031c8   0x00000014   Code   RO         1280    i.bb_advGenericStart  mg_BLE_lib_m0.lib(fsm_adv_generic.o)
    0x080031dc   0x080031dc   0x00000020   Code   RO         1782    i.bb_getConnState   mg_BLE_lib_m0.lib(fsm_base.o)
    0x080031fc   0x080031fc   0x00000084   Code   RO         1821    i.bb_sconnStart     mg_BLE_lib_m0.lib(fsm_sconn.o)
    0x08003280   0x08003280   0x0000000c   Code   RO         1783    i.bb_setConnState   mg_BLE_lib_m0.lib(fsm_base.o)
    0x0800328c   0x0800328c   0x00000030   Code   RO          951    i.ble_nMsRoutine    mg_BLE_lib_m0.lib(hwtest.o)
    0x080032bc   0x080032bc   0x00000214   Code   RO          952    i.ble_run           mg_BLE_lib_m0.lib(hwtest.o)
    0x080034d0   0x080034d0   0x00000024   Code   RO          953    i.ble_run_interrupt_McuCanSleep  mg_BLE_lib_m0.lib(hwtest.o)
    0x080034f4   0x080034f4   0x00000028   Code   RO          954    i.ble_run_interrupt_start  mg_BLE_lib_m0.lib(hwtest.o)
    0x0800351c   0x0800351c   0x0000001c   Code   RO          957    i.ble_set_adv_type  mg_BLE_lib_m0.lib(hwtest.o)
    0x08003538   0x08003538   0x00000038   Code   RO          959    i.ble_set_name      mg_BLE_lib_m0.lib(hwtest.o)
    0x08003570   0x08003570   0x0000005c   Code   RO         1655    i.create_node       mg_BLE_lib_m0.lib(data_queue.o)
    0x080035cc   0x080035cc   0x0000000e   Code   RO         1138    i.empty_pk          mg_BLE_lib_m0.lib(ll_control.o)
    0x080035da   0x080035da   0x00000002   PAD
    0x080035dc   0x080035dc   0x00000010   Code   RO          960    i.get_ble_version   mg_BLE_lib_m0.lib(hwtest.o)
    0x080035ec   0x080035ec   0x0000000c   Code   RO         1656    i.get_node_free     mg_BLE_lib_m0.lib(data_queue.o)
    0x080035f8   0x080035f8   0x00000014   Code   RO         1657    i.is_node_empty     mg_BLE_lib_m0.lib(data_queue.o)
    0x0800360c   0x0800360c   0x0000001e   Code   RO         1384    i.mg_activate       mg_BLE_lib_m0.lib(mg_driver.o)
    0x0800362a   0x0800362a   0x00000034   Code   RO         1385    i.mg_readBuf        mg_BLE_lib_m0.lib(mg_driver.o)
    0x0800365e   0x0800365e   0x00000022   Code   RO         1386    i.mg_readReg        mg_BLE_lib_m0.lib(mg_driver.o)
    0x08003680   0x08003680   0x00000038   Code   RO         1387    i.mg_writeBuf       mg_BLE_lib_m0.lib(mg_driver.o)
    0x080036b8   0x080036b8   0x00000022   Code   RO         1388    i.mg_writeReg       mg_BLE_lib_m0.lib(mg_driver.o)
    0x080036da   0x080036da   0x00000014   Code   RO         1659    i.queue_empty       mg_BLE_lib_m0.lib(data_queue.o)
    0x080036ee   0x080036ee   0x00000002   PAD
    0x080036f0   0x080036f0   0x00000014   Code   RO         1661    i.queue_init        mg_BLE_lib_m0.lib(data_queue.o)
    0x08003704   0x08003704   0x00000018   Code   RO         1662    i.queue_pop         mg_BLE_lib_m0.lib(data_queue.o)
    0x0800371c   0x0800371c   0x00000022   Code   RO         1663    i.queue_push        mg_BLE_lib_m0.lib(data_queue.o)
    0x0800373e   0x0800373e   0x00000092   Code   RO         1390    i.radio_do_cal      mg_BLE_lib_m0.lib(mg_driver.o)
    0x080037d0   0x080037d0   0x00000022   Code   RO         1391    i.radio_do_cal_check_result  mg_BLE_lib_m0.lib(mg_driver.o)
    0x080037f2   0x080037f2   0x00000002   PAD
    0x080037f4   0x080037f4   0x00000028   Code   RO         1393    i.radio_do_cal_start  mg_BLE_lib_m0.lib(mg_driver.o)
    0x0800381c   0x0800381c   0x0000009c   Code   RO         1394    i.radio_do_cal_step_check  mg_BLE_lib_m0.lib(mg_driver.o)
    0x080038b8   0x080038b8   0x00000038   Code   RO         1396    i.radio_getClock    mg_BLE_lib_m0.lib(mg_driver.o)
    0x080038f0   0x080038f0   0x00000026   Code   RO         1397    i.radio_getHClock   mg_BLE_lib_m0.lib(mg_driver.o)
    0x08003916   0x08003916   0x00000002   PAD
    0x08003918   0x08003918   0x0000003c   Code   RO         1398    i.radio_getHdr      mg_BLE_lib_m0.lib(mg_driver.o)
    0x08003954   0x08003954   0x00000094   Code   RO         1399    i.radio_getPdu      mg_BLE_lib_m0.lib(mg_driver.o)
    0x080039e8   0x080039e8   0x00000194   Code   RO         1400    i.radio_initBle     mg_BLE_lib_m0.lib(mg_driver.o)
    0x08003b7c   0x08003b7c   0x0000001a   Code   RO         1403    i.radio_readClearIRQ  mg_BLE_lib_m0.lib(mg_driver.o)
    0x08003b96   0x08003b96   0x00000020   Code   RO         1405    i.radio_setAccessCode  mg_BLE_lib_m0.lib(mg_driver.o)
    0x08003bb6   0x08003bb6   0x00000018   Code   RO         1406    i.radio_setAdvHeader  mg_BLE_lib_m0.lib(mg_driver.o)
    0x08003bce   0x08003bce   0x0000000e   Code   RO         1407    i.radio_setAdvPayload  mg_BLE_lib_m0.lib(mg_driver.o)
    0x08003bdc   0x08003bdc   0x00000010   Code   RO         1410    i.radio_setChannel  mg_BLE_lib_m0.lib(mg_driver.o)
    0x08003bec   0x08003bec   0x0000001c   Code   RO         1411    i.radio_setCrcInit  mg_BLE_lib_m0.lib(mg_driver.o)
    0x08003c08   0x08003c08   0x00000016   Code   RO         1412    i.radio_setIrqMask  mg_BLE_lib_m0.lib(mg_driver.o)
    0x08003c1e   0x08003c1e   0x00000038   Code   RO         1413    i.radio_setMode     mg_BLE_lib_m0.lib(mg_driver.o)
    0x08003c56   0x08003c56   0x00000016   Code   RO         1414    i.radio_setPaGain   mg_BLE_lib_m0.lib(mg_driver.o)
    0x08003c6c   0x08003c6c   0x0000001a   Code   RO         1417    i.radio_setStartTime  mg_BLE_lib_m0.lib(mg_driver.o)
    0x08003c86   0x08003c86   0x00000002   PAD
    0x08003c88   0x08003c88   0x00000028   Code   RO         1418    i.radio_setTimeout  mg_BLE_lib_m0.lib(mg_driver.o)
    0x08003cb0   0x08003cb0   0x0000000e   Code   RO         1419    i.radio_setTxPayload  mg_BLE_lib_m0.lib(mg_driver.o)
    0x08003cbe   0x08003cbe   0x0000001c   Code   RO         1420    i.radio_setTxPduHeader  mg_BLE_lib_m0.lib(mg_driver.o)
    0x08003cda   0x08003cda   0x0000001e   Code   RO         1421    i.radio_setWakeupTime  mg_BLE_lib_m0.lib(mg_driver.o)
    0x08003cf8   0x08003cf8   0x0000001a   Code   RO         1423    i.radio_sleep       mg_BLE_lib_m0.lib(mg_driver.o)
    0x08003d12   0x08003d12   0x0000000c   Code   RO         1425    i.radio_wakeup      mg_BLE_lib_m0.lib(mg_driver.o)
    0x08003d1e   0x08003d1e   0x00000002   PAD
    0x08003d20   0x08003d20   0x00000044   Code   RO         1665    i.readQueue         mg_BLE_lib_m0.lib(data_queue.o)
    0x08003d64   0x08003d64   0x0000001c   Code   RO         1736    i.sOpCheck_Start    mg_BLE_lib_m0.lib(slave_dispatch.o)
    0x08003d80   0x08003d80   0x00000002   Code   RO         1140    i.s_llChmReq        mg_BLE_lib_m0.lib(ll_control.o)
    0x08003d82   0x08003d82   0x00000002   PAD
    0x08003d84   0x08003d84   0x00000048   Code   RO         1142    i.s_llConnParaRsp   mg_BLE_lib_m0.lib(ll_control.o)
    0x08003dcc   0x08003dcc   0x00000044   Code   RO         1143    i.s_llEnc           mg_BLE_lib_m0.lib(ll_control.o)
    0x08003e10   0x08003e10   0x00000034   Code   RO         1144    i.s_llFea           mg_BLE_lib_m0.lib(ll_control.o)
    0x08003e44   0x08003e44   0x00000040   Code   RO         1145    i.s_llSmPair        mg_BLE_lib_m0.lib(ll_control.o)
    0x08003e84   0x08003e84   0x00000028   Code   RO         1146    i.s_llTer           mg_BLE_lib_m0.lib(ll_control.o)
    0x08003eac   0x08003eac   0x00000030   Code   RO         1148    i.s_llUnknownRsp    mg_BLE_lib_m0.lib(ll_control.o)
    0x08003edc   0x08003edc   0x00000034   Code   RO         1149    i.s_llVersion       mg_BLE_lib_m0.lib(ll_control.o)
    0x08003f10   0x08003f10   0x0000005c   Code   RO         1737    i.s_opcodeCheck     mg_BLE_lib_m0.lib(slave_dispatch.o)
    0x08003f6c   0x08003f6c   0x00000288   Code   RO         1738    i.s_opcodeCheckOld  mg_BLE_lib_m0.lib(slave_dispatch.o)
    0x080041f4   0x080041f4   0x00000020   Code   RO         1150    i.savetxbuf         mg_BLE_lib_m0.lib(ll_control.o)
    0x08004214   0x08004214   0x00000064   Code   RO         1825    i.sconnConUpdate    mg_BLE_lib_m0.lib(fsm_sconn.o)
    0x08004278   0x08004278   0x00000034   Code   RO         1826    i.sconnUpChm        mg_BLE_lib_m0.lib(fsm_sconn.o)
    0x080042ac   0x080042ac   0x00000008   Code   RO         1828    i.sconn_ReSetLLSupvTimer  mg_BLE_lib_m0.lib(fsm_sconn.o)
    0x080042b4   0x080042b4   0x00000044   Code   RO          780    i.sconn_notifydata  mg_BLE_lib_m0.lib(att.o)
    0x080042f8   0x080042f8   0x0000003c   Code   RO         1830    i.sconn_onNumUsedCh  mg_BLE_lib_m0.lib(fsm_sconn.o)
    0x08004334   0x08004334   0x0000001c   Code   RO         1831    i.sconn_onRxAA      mg_BLE_lib_m0.lib(fsm_sconn.o)
    0x08004350   0x08004350   0x000000e0   Code   RO         1832    i.sconn_onRxPDU     mg_BLE_lib_m0.lib(fsm_sconn.o)
    0x08004430   0x08004430   0x0000025c   Code   RO         1833    i.sconn_onSleep     mg_BLE_lib_m0.lib(fsm_sconn.o)
    0x0800468c   0x0800468c   0x00000020   Code   RO         1834    i.sconn_onTxStarted  mg_BLE_lib_m0.lib(fsm_sconn.o)
    0x080046ac   0x080046ac   0x0000005c   Code   RO         1835    i.sconn_onWakeup    mg_BLE_lib_m0.lib(fsm_sconn.o)
    0x08004708   0x08004708   0x00000022   Code   RO          781    i.ser_execute_write_rsp  mg_BLE_lib_m0.lib(att.o)
    0x0800472a   0x0800472a   0x00000058   Code   RO          782    i.ser_notify_handle  mg_BLE_lib_m0.lib(att.o)
    0x08004782   0x08004782   0x00000046   Code   RO          783    i.ser_prepare_write_rsp  mg_BLE_lib_m0.lib(att.o)
    0x080047c8   0x080047c8   0x00000028   Code   RO          784    i.ser_write_rsp_pkt  mg_BLE_lib_m0.lib(att.o)
    0x080047f0   0x080047f0   0x00000028   Code   RO          961    i.test_adv_generic  mg_BLE_lib_m0.lib(hwtest.o)
    0x08004818   0x08004818   0x0000002a   Code   RO         1153    i.txRsp             mg_BLE_lib_m0.lib(ll_control.o)
    0x08004842   0x08004842   0x00000002   PAD
    0x08004844   0x08004844   0x00000098   Code   RO          962    i.update_adv_generic_para  mg_BLE_lib_m0.lib(hwtest.o)
    0x080048dc   0x080048dc   0x0000009a   Data   RO          739    .constdata          app.o
    0x08004976   0x08004976   0x00000002   PAD
    0x08004978   0x08004978   0x0000001c   Data   RO         1283    .constdata          mg_BLE_lib_m0.lib(fsm_adv_generic.o)
    0x08004994   0x08004994   0x00000004   Data   RO         1740    .constdata          mg_BLE_lib_m0.lib(slave_dispatch.o)
    0x08004998   0x08004998   0x0000001c   Data   RO         1838    .constdata          mg_BLE_lib_m0.lib(fsm_sconn.o)
    0x080049b4   0x080049b4   0x00000020   Data   RO         2288    Region$$Table       anon$$obj.o


    Execution Region RW_IRAM1 (Exec base: 0x20000000, Load base: 0x080049d4, Size: 0x00000780, Max: 0x00002000, ABSOLUTE, COMPRESSED[0x00000078])

    Exec Addr    Load Addr    Size         Type   Attr      Idx    E Section Name        Object

    0x20000000   COMPRESSED   0x00000008   Data   RW           58    .data               main.o
    0x20000008   COMPRESSED   0x00000008   Data   RW          177    .data               uart.o
    0x20000010   COMPRESSED   0x00000004   Data   RW          228    .data               sys.o
    0x20000014   COMPRESSED   0x00000004   Data   RW          374    .data               hal_i2c.o
    0x20000018   COMPRESSED   0x00000010   Data   RW          457    .data               hal_rcc.o
    0x20000028   COMPRESSED   0x00000019   Data   RW          600    .data               callback.o
    0x20000041   COMPRESSED   0x00000001   PAD
    0x20000042   COMPRESSED   0x0000001c   Data   RW          740    .data               app.o
    0x2000005e   COMPRESSED   0x00000011   Data   RW          786    .data               mg_BLE_lib_m0.lib(att.o)
    0x2000006f   COMPRESSED   0x00000001   PAD
    0x20000070   COMPRESSED   0x0000003b   Data   RW          964    .data               mg_BLE_lib_m0.lib(hwtest.o)
    0x200000ab   COMPRESSED   0x00000006   Data   RW          965    .data               mg_BLE_lib_m0.lib(hwtest.o)
    0x200000b1   COMPRESSED   0x00000001   PAD
    0x200000b2   COMPRESSED   0x00000008   Data   RW         1156    .data               mg_BLE_lib_m0.lib(ll_control.o)
    0x200000ba   COMPRESSED   0x00000002   PAD
    0x200000bc   COMPRESSED   0x0000000c   Data   RW         1157    .data               mg_BLE_lib_m0.lib(ll_control.o)
    0x200000c8   COMPRESSED   0x00000040   Data   RW         1284    .data               mg_BLE_lib_m0.lib(fsm_adv_generic.o)
    0x20000108   COMPRESSED   0x00000005   Data   RW         1426    .data               mg_BLE_lib_m0.lib(mg_driver.o)
    0x2000010d   COMPRESSED   0x00000003   PAD
    0x20000110   COMPRESSED   0x00000008   Data   RW         1668    .data               mg_BLE_lib_m0.lib(data_queue.o)
    0x20000118   COMPRESSED   0x0000003d   Data   RW         1741    .data               mg_BLE_lib_m0.lib(slave_dispatch.o)
    0x20000155   COMPRESSED   0x00000003   PAD
    0x20000158   COMPRESSED   0x00000004   Data   RW         1784    .data               mg_BLE_lib_m0.lib(fsm_base.o)
    0x2000015c   COMPRESSED   0x00000004   Data   RW         1785    .data               mg_BLE_lib_m0.lib(fsm_base.o)
    0x20000160   COMPRESSED   0x00000004   Data   RW         1786    .data               mg_BLE_lib_m0.lib(fsm_base.o)
    0x20000164   COMPRESSED   0x00000008   Data   RW         1787    .data               mg_BLE_lib_m0.lib(fsm_base.o)
    0x2000016c   COMPRESSED   0x00000043   Data   RW         1839    .data               mg_BLE_lib_m0.lib(fsm_sconn.o)
    0x200001af   COMPRESSED   0x00000001   PAD
    0x200001b0   COMPRESSED   0x00000008   Data   RW         1840    .data               mg_BLE_lib_m0.lib(fsm_sconn.o)
    0x200001b8        -       0x000000fc   Zero   RW          599    .bss                callback.o
    0x200002b4        -       0x00000065   Zero   RW          963    .bss                mg_BLE_lib_m0.lib(hwtest.o)
    0x20000319   COMPRESSED   0x00000001   PAD
    0x2000031a        -       0x0000000c   Zero   RW         1154    .bss                mg_BLE_lib_m0.lib(ll_control.o)
    0x20000326        -       0x00000025   Zero   RW         1155    .bss                mg_BLE_lib_m0.lib(ll_control.o)
    0x2000034b   COMPRESSED   0x00000001   PAD
    0x2000034c        -       0x000001c4   Zero   RW         1667    .bss                mg_BLE_lib_m0.lib(data_queue.o)
    0x20000510        -       0x0000001d   Zero   RW         1739    .bss                mg_BLE_lib_m0.lib(slave_dispatch.o)
    0x2000052d   COMPRESSED   0x00000001   PAD
    0x2000052e        -       0x0000000c   Zero   RW         1836    .bss                mg_BLE_lib_m0.lib(fsm_sconn.o)
    0x2000053a        -       0x00000046   Zero   RW         1837    .bss                mg_BLE_lib_m0.lib(fsm_sconn.o)
    0x20000580        -       0x00000200   Zero   RW           48    STACK               startup_mm32w0xx_q.o


==============================================================================

Image component sizes


      Code (inc. data)   RO Data    RW Data    ZI Data      Debug   Object Name

       704         60        154         28          0       5930   app.o
       620         74          0         25        252       2988   callback.o
       260         10          0          0          0       2379   hal_exti.o
       528         12          0          0          0       4589   hal_gpio.o
      1076         48          0          4          0       7352   hal_i2c.o
       180         12          0          0          0       1740   hal_misc.o
       920         30          0         16          0       6929   hal_rcc.o
       656         18          0          0          0       5298   hal_spi.o
       152          6          0          0          0       1324   hal_syscfg.o
       332         12          0          0          0       3680   hal_uart.o
       356         30          0          0          0       1391   iic.o
       172         18          0          0          0        921   irq_rf.o
       220         58          0          8          0      31052   main.o
       488         26          0          0          0       1266   rcc.o
       376         14          0          0          0       2471   spi.o
        96         38        180          0        512        932   startup_mm32w0xx_q.o
       200         24          0          4          0       7180   sys.o
       212         14          0          0          0      89225   system_mm32w0xx_q.o
       620         54          0          8          0       3996   uart.o

    ----------------------------------------------------------------------
      8168        558        368         94        764     180643   Object Totals
         0          0         32          0          0          0   (incl. Generated)
         0          0          2          1          0          0   (incl. Padding)

    ----------------------------------------------------------------------

      Code (inc. data)   RO Data    RW Data    ZI Data      Debug   Library Member Name

        58          0          0          0          0          0   __dczerorl.o
         0          0          0          0          0          0   entry.o
         0          0          0          0          0          0   entry10a.o
         0          0          0          0          0          0   entry11a.o
         8          4          0          0          0          0   entry2.o
         4          0          0          0          0          0   entry5.o
         0          0          0          0          0          0   entry7b.o
         0          0          0          0          0          0   entry8b.o
         8          4          0          0          0          0   entry9a.o
        30          0          0          0          0          0   handlers.o
        40          0          0          0          0         72   idiv.o
        36          8          0          0          0         68   init.o
        32          0          0          0          0         68   llshl.o
        34          0          0          0          0         68   llushr.o
        26          0          0          0          0         72   memcmp.o
        36          0          0          0          0         60   memcpya.o
        36          0          0          0          0        100   memseta.o
      1172         52          0          0          0        324   printf8.o
        14          0          0          0          0         60   strlen.o
        44          0          0          0          0         72   uidiv.o
        96          0          0          0          0         84   uldiv.o
      1362         68          0         17          0      23917   att.o
       290         36          0          8        452       5306   data_queue.o
       960        108         28         64          0      10603   fsm_adv_generic.o
        64         18          0         20          0       4508   fsm_base.o
      1732        152         28         75         82      13023   fsm_sconn.o
      1084        106          0         65        101      13565   hwtest.o
        52          0          0          0          0        545   l2cap.o
       486         92          0         20         49       6622   ll_control.o
      1748         46          0          5          0      18365   mg_driver.o
       832         66          4         61         29       5404   slave_dispatch.o

    ----------------------------------------------------------------------
     10304        760         60        346        716     102906   Library Totals
        20          0          0         11          3          0   (incl. Padding)

    ----------------------------------------------------------------------

      Code (inc. data)   RO Data    RW Data    ZI Data      Debug   Library Name

      1674         68          0          0          0       1048   mc_p.l
      8610        692         60        335        713     101858   mg_BLE_lib_m0.lib

    ----------------------------------------------------------------------
     10304        760         60        346        716     102906   Library Totals

    ----------------------------------------------------------------------

==============================================================================


      Code (inc. data)   RO Data    RW Data    ZI Data      Debug   

     18472       1318        428        440       1480     276557   Grand Totals
     18472       1318        428        120       1480     276557   ELF Image Totals (compressed)
     18472       1318        428        120          0          0   ROM Totals

==============================================================================

    Total RO  Size (Code + RO Data)                18900 (  18.46kB)
    Total RW  Size (RW Data + ZI Data)              1920 (   1.88kB)
    Total ROM Size (Code + RO Data + RW Data)      19020 (  18.57kB)

==============================================================================

