<html>
<body>
<pre>
<h1>µVision Build Log</h1>
<h2>Tool Versions:</h2>
IDE-Version: ¦ÌVision V5.31.0.0
Copyright (C) 2020 ARM Ltd and ARM Germany GmbH. All rights reserved.
License Information: qitas t, friday, LIC=NQQMA-1WGZP-01SP1-CUNH7-BPK1S-H3ZY4
 
Tool Versions:
Toolchain:       MDK-ARM Plus  Version: 5.31.0.0
Toolchain Path:  C:\Keil_v5\ARM\ARMCC\Bin
C Compiler:      Armcc.exe V5.06 update 6 (build 750)
Assembler:       Armasm.exe V5.06 update 6 (build 750)
Linker/Locator:  ArmLink.exe V5.06 update 6 (build 750)
Library Manager: ArmAr.exe V5.06 update 6 (build 750)
Hex Converter:   FromElf.exe V5.06 update 6 (build 750)
CPU DLL:         SARMCM3.DLL V5.31.0.0
Dialog DLL:      DARMCM1.DLL V1.19.3.0
Target DLL:      MM32LINKCM3.dll V1.0.0.0
Dialog DLL:      TARMCM1.DLL V1.14.2.0
 
<h2>Project:</h2>
G:\MM32CODE\MM32W0xxxxB_samplecode\MM32W0xxxxB_q_samplecode\MM32W0xx_BLE_INT_SV3.6.0_Q_EN\SPI_Control_BLE_Prj\KEIL_PRJ\SPI_BLE.uvprojx
Project File Date:  10/15/2020

<h2>Output:</h2>
*** Using Compiler 'V5.06 update 6 (build 750)', folder: 'C:\Keil_v5\ARM\ARMCC\Bin'
Build target 'MM32W0xx_q'
assembling startup_MM32W0xx_q.s...
compiling HAL_dma.c...
compiling system_MM32W0xx_q.c...
compiling HAL_adc.c...
compiling main.c...
compiling HAL_exti.c...
compiling sys.c...
compiling HAL_flash.c...
compiling uart.c...
compiling HAL_crc.c...
compiling delay.c...
compiling HAL_gpio.c...
compiling HAL_iwdg.c...
compiling HAL_i2c.c...
compiling HAL_misc.c...
compiling HAL_pwr.c...
compiling HAL_syscfg.c...
compiling HAL_rcc.c...
compiling HAL_spi.c...
compiling HAL_uart.c...
compiling HAL_wwdg.c...
compiling spi.c...
compiling HAL_tim.c...
compiling callback.c...
compiling iic.c...
compiling IRQ_RF.c...
compiling led_mesh.c...
compiling rcc.c...
compiling AT_CMD.c...
compiling app.c...
linking...
Program Size: Code=18472 RO-data=428 RW-data=440 ZI-data=1480  
FromELF: creating hex file...
".\obj\DebugInFlash\MB031.axf" - 0 Error(s), 0 Warning(s).

<h2>Software Packages used:</h2>

Package Vendor: MindMotion
                http://www.mindmotion.com.cn/Download/MDK_KEIL/MindMotion.MM32L0xx_DFP.1.1.1.pack
                MindMotion.MM32L0xx_DFP.1.1.1
                MindMotion MM32L0xx Series Device Support, Drivers and Examples

<h2>Collection of Component include folders:</h2>
  C:\Keil_v5\ARM\PACK\MindMotion\MM32L0xx_DFP\1.1.1\Device\MM32L0xx\Include

<h2>Collection of Component Files used:</h2>
Build Time Elapsed:  00:00:01
</pre>
</body>
</html>
