<!doctype html public "-//w3c//dtd html 4.0 transitional//en">
<html><head>
<title>Static Call Graph - [.\obj\DebugInFlash\MB031.axf]</title></head>
<body><HR>
<H1>Static Call Graph for image .\obj\DebugInFlash\MB031.axf</H1><HR>
<BR><P>#&#060CALLGRAPH&#062# ARM Linker, 5060750: Last Updated: Thu Oct 15 17:32:42 2020
<BR><P>
<H3>Maximum Stack Usage =        232 bytes + Unknown(Cycles, Untraceable Function Pointers)</H3><H3>
Call chain for Maximum Stack Depth:</H3>
main &rArr; ble_run_interrupt_start &rArr; ble_run &rArr; UsrProcCallback &rArr; CheckComPortInData &rArr; sconn_notifydata &rArr; ser_notify_handle &rArr; att_rsp &rArr; GenerateTxQueue &rArr; queue_push &rArr; create_node
<P>
<H3>
Mutually Recursive functions
</H3> <LI><a href="#[1]">NMI_Handler</a>&nbsp;&nbsp;&nbsp;&rArr;&nbsp;&nbsp;&nbsp;<a href="#[1]">NMI_Handler</a><BR>
 <LI><a href="#[2]">HardFault_Handler</a>&nbsp;&nbsp;&nbsp;&rArr;&nbsp;&nbsp;&nbsp;<a href="#[2]">HardFault_Handler</a><BR>
 <LI><a href="#[3]">MemManage_Handler</a>&nbsp;&nbsp;&nbsp;&rArr;&nbsp;&nbsp;&nbsp;<a href="#[3]">MemManage_Handler</a><BR>
 <LI><a href="#[4]">BusFault_Handler</a>&nbsp;&nbsp;&nbsp;&rArr;&nbsp;&nbsp;&nbsp;<a href="#[4]">BusFault_Handler</a><BR>
 <LI><a href="#[5]">UsageFault_Handler</a>&nbsp;&nbsp;&nbsp;&rArr;&nbsp;&nbsp;&nbsp;<a href="#[5]">UsageFault_Handler</a><BR>
 <LI><a href="#[6]">SVC_Handler</a>&nbsp;&nbsp;&nbsp;&rArr;&nbsp;&nbsp;&nbsp;<a href="#[6]">SVC_Handler</a><BR>
 <LI><a href="#[7]">DebugMon_Handler</a>&nbsp;&nbsp;&nbsp;&rArr;&nbsp;&nbsp;&nbsp;<a href="#[7]">DebugMon_Handler</a><BR>
 <LI><a href="#[8]">PendSV_Handler</a>&nbsp;&nbsp;&nbsp;&rArr;&nbsp;&nbsp;&nbsp;<a href="#[8]">PendSV_Handler</a><BR>
 <LI><a href="#[14]">ADC1_COMP_IRQHandler</a>&nbsp;&nbsp;&nbsp;&rArr;&nbsp;&nbsp;&nbsp;<a href="#[14]">ADC1_COMP_IRQHandler</a><BR>
</UL>
<P>
<H3>
Function Pointers
</H3><UL>
 <LI><a href="#[14]">ADC1_COMP_IRQHandler</a> from startup_mm32w0xx_q.o(.text) referenced from startup_mm32w0xx_q.o(RESET)
 <LI><a href="#[4]">BusFault_Handler</a> from startup_mm32w0xx_q.o(.text) referenced from startup_mm32w0xx_q.o(RESET)
 <LI><a href="#[11]">DMA1_Channel1_IRQHandler</a> from startup_mm32w0xx_q.o(.text) referenced from startup_mm32w0xx_q.o(RESET)
 <LI><a href="#[12]">DMA1_Channel2_3_IRQHandler</a> from startup_mm32w0xx_q.o(.text) referenced from startup_mm32w0xx_q.o(RESET)
 <LI><a href="#[13]">DMA1_Channel4_5_IRQHandler</a> from startup_mm32w0xx_q.o(.text) referenced from startup_mm32w0xx_q.o(RESET)
 <LI><a href="#[7]">DebugMon_Handler</a> from startup_mm32w0xx_q.o(.text) referenced from startup_mm32w0xx_q.o(RESET)
 <LI><a href="#[e]">EXTI0_1_IRQHandler</a> from irq_rf.o(.text) referenced from startup_mm32w0xx_q.o(RESET)
 <LI><a href="#[f]">EXTI2_3_IRQHandler</a> from startup_mm32w0xx_q.o(.text) referenced from startup_mm32w0xx_q.o(RESET)
 <LI><a href="#[10]">EXTI4_15_IRQHandler</a> from startup_mm32w0xx_q.o(.text) referenced from startup_mm32w0xx_q.o(RESET)
 <LI><a href="#[c]">FLASH_IRQHandler</a> from startup_mm32w0xx_q.o(.text) referenced from startup_mm32w0xx_q.o(RESET)
 <LI><a href="#[2]">HardFault_Handler</a> from startup_mm32w0xx_q.o(.text) referenced from startup_mm32w0xx_q.o(RESET)
 <LI><a href="#[1c]">I2C1_IRQHandler</a> from iic.o(.text) referenced from startup_mm32w0xx_q.o(RESET)
 <LI><a href="#[3]">MemManage_Handler</a> from startup_mm32w0xx_q.o(.text) referenced from startup_mm32w0xx_q.o(RESET)
 <LI><a href="#[1]">NMI_Handler</a> from startup_mm32w0xx_q.o(.text) referenced from startup_mm32w0xx_q.o(RESET)
 <LI><a href="#[b]">PVD_IRQHandler</a> from startup_mm32w0xx_q.o(.text) referenced from startup_mm32w0xx_q.o(RESET)
 <LI><a href="#[8]">PendSV_Handler</a> from startup_mm32w0xx_q.o(.text) referenced from startup_mm32w0xx_q.o(RESET)
 <LI><a href="#[d]">RCC_IRQHandler</a> from startup_mm32w0xx_q.o(.text) referenced from startup_mm32w0xx_q.o(RESET)
 <LI><a href="#[0]">Reset_Handler</a> from startup_mm32w0xx_q.o(.text) referenced from startup_mm32w0xx_q.o(RESET)
 <LI><a href="#[1d]">SPI1_IRQHandler</a> from startup_mm32w0xx_q.o(.text) referenced from startup_mm32w0xx_q.o(RESET)
 <LI><a href="#[1e]">SPI2_IRQHandler</a> from startup_mm32w0xx_q.o(.text) referenced from startup_mm32w0xx_q.o(RESET)
 <LI><a href="#[6]">SVC_Handler</a> from startup_mm32w0xx_q.o(.text) referenced from startup_mm32w0xx_q.o(RESET)
 <LI><a href="#[9]">SysTick_Handler</a> from sys.o(.text) referenced from startup_mm32w0xx_q.o(RESET)
 <LI><a href="#[22]">SystemInit</a> from system_mm32w0xx_q.o(.text) referenced from startup_mm32w0xx_q.o(.text)
 <LI><a href="#[19]">TIM14_IRQHandler</a> from startup_mm32w0xx_q.o(.text) referenced from startup_mm32w0xx_q.o(RESET)
 <LI><a href="#[1a]">TIM16_IRQHandler</a> from startup_mm32w0xx_q.o(.text) referenced from startup_mm32w0xx_q.o(RESET)
 <LI><a href="#[1b]">TIM17_IRQHandler</a> from startup_mm32w0xx_q.o(.text) referenced from startup_mm32w0xx_q.o(RESET)
 <LI><a href="#[15]">TIM1_BRK_UP_TRG_COM_IRQHandler</a> from startup_mm32w0xx_q.o(.text) referenced from startup_mm32w0xx_q.o(RESET)
 <LI><a href="#[16]">TIM1_CC_IRQHandler</a> from startup_mm32w0xx_q.o(.text) referenced from startup_mm32w0xx_q.o(RESET)
 <LI><a href="#[17]">TIM2_IRQHandler</a> from startup_mm32w0xx_q.o(.text) referenced from startup_mm32w0xx_q.o(RESET)
 <LI><a href="#[18]">TIM3_IRQHandler</a> from startup_mm32w0xx_q.o(.text) referenced from startup_mm32w0xx_q.o(RESET)
 <LI><a href="#[1f]">UART1_IRQHandler</a> from startup_mm32w0xx_q.o(.text) referenced from startup_mm32w0xx_q.o(RESET)
 <LI><a href="#[20]">UART2_IRQHandler</a> from uart.o(.text) referenced from startup_mm32w0xx_q.o(RESET)
 <LI><a href="#[5]">UsageFault_Handler</a> from startup_mm32w0xx_q.o(.text) referenced from startup_mm32w0xx_q.o(RESET)
 <LI><a href="#[a]">WWDG_IRQHandler</a> from startup_mm32w0xx_q.o(.text) referenced from startup_mm32w0xx_q.o(RESET)
 <LI><a href="#[23]">__main</a> from entry.o(.ARM.Collect$$$$00000000) referenced from startup_mm32w0xx_q.o(.text)
 <LI><a href="#[27]">adv_generic_onRxAA</a> from fsm_adv_generic.o(i.adv_generic_onRxAA) referenced from fsm_adv_generic.o(.constdata)
 <LI><a href="#[28]">adv_generic_onRxPDU</a> from fsm_adv_generic.o(i.adv_generic_onRxPDU) referenced from fsm_adv_generic.o(.constdata)
 <LI><a href="#[2a]">adv_generic_onSleep</a> from fsm_adv_generic.o(i.adv_generic_onSleep) referenced from fsm_adv_generic.o(.constdata)
 <LI><a href="#[25]">adv_generic_onStart</a> from fsm_adv_generic.o(i.adv_generic_onStart) referenced from fsm_adv_generic.o(.constdata)
 <LI><a href="#[29]">adv_generic_onTxStarted</a> from fsm_adv_generic.o(i.adv_generic_onTxStarted) referenced from fsm_adv_generic.o(.constdata)
 <LI><a href="#[26]">adv_generic_onWakeup</a> from fsm_adv_generic.o(i.adv_generic_onWakeup) referenced from fsm_adv_generic.o(.constdata)
 <LI><a href="#[24]">fputc</a> from uart.o(.text) referenced from printf8.o(i.__0printf$8)
 <LI><a href="#[21]">main</a> from main.o(.text) referenced from entry9a.o(.ARM.Collect$$$$0000000B)
 <LI><a href="#[2b]">s_opcodeCheck</a> from slave_dispatch.o(i.s_opcodeCheck) referenced from slave_dispatch.o(.constdata)
 <LI><a href="#[2d]">sconn_onRxAA</a> from fsm_sconn.o(i.sconn_onRxAA) referenced from fsm_sconn.o(.constdata)
 <LI><a href="#[2e]">sconn_onRxPDU</a> from fsm_sconn.o(i.sconn_onRxPDU) referenced from fsm_sconn.o(.constdata)
 <LI><a href="#[30]">sconn_onSleep</a> from fsm_sconn.o(i.sconn_onSleep) referenced from fsm_sconn.o(.constdata)
 <LI><a href="#[2f]">sconn_onTxStarted</a> from fsm_sconn.o(i.sconn_onTxStarted) referenced from fsm_sconn.o(.constdata)
 <LI><a href="#[2c]">sconn_onWakeup</a> from fsm_sconn.o(i.sconn_onWakeup) referenced from fsm_sconn.o(.constdata)
</UL>
<P>
<H3>
Global Symbols
</H3>
<P><STRONG><a name="[23]"></a>__main</STRONG> (Thumb, 0 bytes, Stack size unknown bytes, entry.o(.ARM.Collect$$$$00000000))
<BR>[Address Reference Count : 1]<UL><LI> startup_mm32w0xx_q.o(.text)
</UL>
<P><STRONG><a name="[fd]"></a>_main_stk</STRONG> (Thumb, 0 bytes, Stack size unknown bytes, entry2.o(.ARM.Collect$$$$00000001))

<P><STRONG><a name="[31]"></a>_main_scatterload</STRONG> (Thumb, 0 bytes, Stack size unknown bytes, entry5.o(.ARM.Collect$$$$00000004))
<BR><BR>[Calls]<UL><LI><a href="#[32]">&gt;&gt;</a>&nbsp;&nbsp;&nbsp;__scatterload
</UL>

<P><STRONG><a name="[93]"></a>__main_after_scatterload</STRONG> (Thumb, 0 bytes, Stack size unknown bytes, entry5.o(.ARM.Collect$$$$00000004))
<BR><BR>[Called By]<UL><LI><a href="#[32]">&gt;&gt;</a>&nbsp;&nbsp;&nbsp;__scatterload
</UL>

<P><STRONG><a name="[fe]"></a>_main_clock</STRONG> (Thumb, 0 bytes, Stack size unknown bytes, entry7b.o(.ARM.Collect$$$$00000008))

<P><STRONG><a name="[ff]"></a>_main_cpp_init</STRONG> (Thumb, 0 bytes, Stack size unknown bytes, entry8b.o(.ARM.Collect$$$$0000000A))

<P><STRONG><a name="[100]"></a>_main_init</STRONG> (Thumb, 0 bytes, Stack size unknown bytes, entry9a.o(.ARM.Collect$$$$0000000B))

<P><STRONG><a name="[101]"></a>__rt_final_cpp</STRONG> (Thumb, 0 bytes, Stack size unknown bytes, entry10a.o(.ARM.Collect$$$$0000000D))

<P><STRONG><a name="[102]"></a>__rt_final_exit</STRONG> (Thumb, 0 bytes, Stack size unknown bytes, entry11a.o(.ARM.Collect$$$$0000000F))

<P><STRONG><a name="[22]"></a>SystemInit</STRONG> (Thumb, 66 bytes, Stack size 8 bytes, system_mm32w0xx_q.o(.text))
<BR><BR>[Stack]<UL><LI>Max Depth = 16<LI>Call Chain = SystemInit &rArr; SetSysClock
</UL>
<BR>[Calls]<UL><LI><a href="#[33]">&gt;&gt;</a>&nbsp;&nbsp;&nbsp;SetSysClock
</UL>
<BR>[Address Reference Count : 1]<UL><LI> startup_mm32w0xx_q.o(.text)
</UL>
<P><STRONG><a name="[0]"></a>Reset_Handler</STRONG> (Thumb, 38 bytes, Stack size 0 bytes, startup_mm32w0xx_q.o(.text))
<BR>[Address Reference Count : 1]<UL><LI> startup_mm32w0xx_q.o(RESET)
</UL>
<P><STRONG><a name="[1]"></a>NMI_Handler</STRONG> (Thumb, 2 bytes, Stack size 0 bytes, startup_mm32w0xx_q.o(.text))
<BR><BR>[Calls]<UL><LI><a href="#[1]">&gt;&gt;</a>&nbsp;&nbsp;&nbsp;NMI_Handler
</UL>
<BR>[Called By]<UL><LI><a href="#[1]">&gt;&gt;</a>&nbsp;&nbsp;&nbsp;NMI_Handler
</UL>
<BR>[Address Reference Count : 1]<UL><LI> startup_mm32w0xx_q.o(RESET)
</UL>
<P><STRONG><a name="[2]"></a>HardFault_Handler</STRONG> (Thumb, 2 bytes, Stack size 0 bytes, startup_mm32w0xx_q.o(.text))
<BR><BR>[Calls]<UL><LI><a href="#[2]">&gt;&gt;</a>&nbsp;&nbsp;&nbsp;HardFault_Handler
</UL>
<BR>[Called By]<UL><LI><a href="#[2]">&gt;&gt;</a>&nbsp;&nbsp;&nbsp;HardFault_Handler
</UL>
<BR>[Address Reference Count : 1]<UL><LI> startup_mm32w0xx_q.o(RESET)
</UL>
<P><STRONG><a name="[3]"></a>MemManage_Handler</STRONG> (Thumb, 2 bytes, Stack size 0 bytes, startup_mm32w0xx_q.o(.text))
<BR><BR>[Calls]<UL><LI><a href="#[3]">&gt;&gt;</a>&nbsp;&nbsp;&nbsp;MemManage_Handler
</UL>
<BR>[Called By]<UL><LI><a href="#[3]">&gt;&gt;</a>&nbsp;&nbsp;&nbsp;MemManage_Handler
</UL>
<BR>[Address Reference Count : 1]<UL><LI> startup_mm32w0xx_q.o(RESET)
</UL>
<P><STRONG><a name="[4]"></a>BusFault_Handler</STRONG> (Thumb, 2 bytes, Stack size 0 bytes, startup_mm32w0xx_q.o(.text))
<BR><BR>[Calls]<UL><LI><a href="#[4]">&gt;&gt;</a>&nbsp;&nbsp;&nbsp;BusFault_Handler
</UL>
<BR>[Called By]<UL><LI><a href="#[4]">&gt;&gt;</a>&nbsp;&nbsp;&nbsp;BusFault_Handler
</UL>
<BR>[Address Reference Count : 1]<UL><LI> startup_mm32w0xx_q.o(RESET)
</UL>
<P><STRONG><a name="[5]"></a>UsageFault_Handler</STRONG> (Thumb, 2 bytes, Stack size 0 bytes, startup_mm32w0xx_q.o(.text))
<BR><BR>[Calls]<UL><LI><a href="#[5]">&gt;&gt;</a>&nbsp;&nbsp;&nbsp;UsageFault_Handler
</UL>
<BR>[Called By]<UL><LI><a href="#[5]">&gt;&gt;</a>&nbsp;&nbsp;&nbsp;UsageFault_Handler
</UL>
<BR>[Address Reference Count : 1]<UL><LI> startup_mm32w0xx_q.o(RESET)
</UL>
<P><STRONG><a name="[6]"></a>SVC_Handler</STRONG> (Thumb, 2 bytes, Stack size 0 bytes, startup_mm32w0xx_q.o(.text))
<BR><BR>[Calls]<UL><LI><a href="#[6]">&gt;&gt;</a>&nbsp;&nbsp;&nbsp;SVC_Handler
</UL>
<BR>[Called By]<UL><LI><a href="#[6]">&gt;&gt;</a>&nbsp;&nbsp;&nbsp;SVC_Handler
</UL>
<BR>[Address Reference Count : 1]<UL><LI> startup_mm32w0xx_q.o(RESET)
</UL>
<P><STRONG><a name="[7]"></a>DebugMon_Handler</STRONG> (Thumb, 2 bytes, Stack size 0 bytes, startup_mm32w0xx_q.o(.text))
<BR><BR>[Calls]<UL><LI><a href="#[7]">&gt;&gt;</a>&nbsp;&nbsp;&nbsp;DebugMon_Handler
</UL>
<BR>[Called By]<UL><LI><a href="#[7]">&gt;&gt;</a>&nbsp;&nbsp;&nbsp;DebugMon_Handler
</UL>
<BR>[Address Reference Count : 1]<UL><LI> startup_mm32w0xx_q.o(RESET)
</UL>
<P><STRONG><a name="[8]"></a>PendSV_Handler</STRONG> (Thumb, 2 bytes, Stack size 0 bytes, startup_mm32w0xx_q.o(.text))
<BR><BR>[Calls]<UL><LI><a href="#[8]">&gt;&gt;</a>&nbsp;&nbsp;&nbsp;PendSV_Handler
</UL>
<BR>[Called By]<UL><LI><a href="#[8]">&gt;&gt;</a>&nbsp;&nbsp;&nbsp;PendSV_Handler
</UL>
<BR>[Address Reference Count : 1]<UL><LI> startup_mm32w0xx_q.o(RESET)
</UL>
<P><STRONG><a name="[14]"></a>ADC1_COMP_IRQHandler</STRONG> (Thumb, 0 bytes, Stack size 0 bytes, startup_mm32w0xx_q.o(.text))
<BR><BR>[Calls]<UL><LI><a href="#[14]">&gt;&gt;</a>&nbsp;&nbsp;&nbsp;ADC1_COMP_IRQHandler
</UL>
<BR>[Called By]<UL><LI><a href="#[14]">&gt;&gt;</a>&nbsp;&nbsp;&nbsp;ADC1_COMP_IRQHandler
</UL>
<BR>[Address Reference Count : 1]<UL><LI> startup_mm32w0xx_q.o(RESET)
</UL>
<P><STRONG><a name="[11]"></a>DMA1_Channel1_IRQHandler</STRONG> (Thumb, 0 bytes, Stack size 0 bytes, startup_mm32w0xx_q.o(.text))
<BR>[Address Reference Count : 1]<UL><LI> startup_mm32w0xx_q.o(RESET)
</UL>
<P><STRONG><a name="[12]"></a>DMA1_Channel2_3_IRQHandler</STRONG> (Thumb, 0 bytes, Stack size 0 bytes, startup_mm32w0xx_q.o(.text))
<BR>[Address Reference Count : 1]<UL><LI> startup_mm32w0xx_q.o(RESET)
</UL>
<P><STRONG><a name="[13]"></a>DMA1_Channel4_5_IRQHandler</STRONG> (Thumb, 0 bytes, Stack size 0 bytes, startup_mm32w0xx_q.o(.text))
<BR>[Address Reference Count : 1]<UL><LI> startup_mm32w0xx_q.o(RESET)
</UL>
<P><STRONG><a name="[f]"></a>EXTI2_3_IRQHandler</STRONG> (Thumb, 0 bytes, Stack size 0 bytes, startup_mm32w0xx_q.o(.text))
<BR>[Address Reference Count : 1]<UL><LI> startup_mm32w0xx_q.o(RESET)
</UL>
<P><STRONG><a name="[10]"></a>EXTI4_15_IRQHandler</STRONG> (Thumb, 0 bytes, Stack size 0 bytes, startup_mm32w0xx_q.o(.text))
<BR>[Address Reference Count : 1]<UL><LI> startup_mm32w0xx_q.o(RESET)
</UL>
<P><STRONG><a name="[c]"></a>FLASH_IRQHandler</STRONG> (Thumb, 0 bytes, Stack size 0 bytes, startup_mm32w0xx_q.o(.text))
<BR>[Address Reference Count : 1]<UL><LI> startup_mm32w0xx_q.o(RESET)
</UL>
<P><STRONG><a name="[b]"></a>PVD_IRQHandler</STRONG> (Thumb, 0 bytes, Stack size 0 bytes, startup_mm32w0xx_q.o(.text))
<BR>[Address Reference Count : 1]<UL><LI> startup_mm32w0xx_q.o(RESET)
</UL>
<P><STRONG><a name="[d]"></a>RCC_IRQHandler</STRONG> (Thumb, 0 bytes, Stack size 0 bytes, startup_mm32w0xx_q.o(.text))
<BR>[Address Reference Count : 1]<UL><LI> startup_mm32w0xx_q.o(RESET)
</UL>
<P><STRONG><a name="[1d]"></a>SPI1_IRQHandler</STRONG> (Thumb, 0 bytes, Stack size 0 bytes, startup_mm32w0xx_q.o(.text))
<BR>[Address Reference Count : 1]<UL><LI> startup_mm32w0xx_q.o(RESET)
</UL>
<P><STRONG><a name="[1e]"></a>SPI2_IRQHandler</STRONG> (Thumb, 0 bytes, Stack size 0 bytes, startup_mm32w0xx_q.o(.text))
<BR>[Address Reference Count : 1]<UL><LI> startup_mm32w0xx_q.o(RESET)
</UL>
<P><STRONG><a name="[19]"></a>TIM14_IRQHandler</STRONG> (Thumb, 0 bytes, Stack size 0 bytes, startup_mm32w0xx_q.o(.text))
<BR>[Address Reference Count : 1]<UL><LI> startup_mm32w0xx_q.o(RESET)
</UL>
<P><STRONG><a name="[1a]"></a>TIM16_IRQHandler</STRONG> (Thumb, 0 bytes, Stack size 0 bytes, startup_mm32w0xx_q.o(.text))
<BR>[Address Reference Count : 1]<UL><LI> startup_mm32w0xx_q.o(RESET)
</UL>
<P><STRONG><a name="[1b]"></a>TIM17_IRQHandler</STRONG> (Thumb, 0 bytes, Stack size 0 bytes, startup_mm32w0xx_q.o(.text))
<BR>[Address Reference Count : 1]<UL><LI> startup_mm32w0xx_q.o(RESET)
</UL>
<P><STRONG><a name="[15]"></a>TIM1_BRK_UP_TRG_COM_IRQHandler</STRONG> (Thumb, 0 bytes, Stack size 0 bytes, startup_mm32w0xx_q.o(.text))
<BR>[Address Reference Count : 1]<UL><LI> startup_mm32w0xx_q.o(RESET)
</UL>
<P><STRONG><a name="[16]"></a>TIM1_CC_IRQHandler</STRONG> (Thumb, 0 bytes, Stack size 0 bytes, startup_mm32w0xx_q.o(.text))
<BR>[Address Reference Count : 1]<UL><LI> startup_mm32w0xx_q.o(RESET)
</UL>
<P><STRONG><a name="[17]"></a>TIM2_IRQHandler</STRONG> (Thumb, 0 bytes, Stack size 0 bytes, startup_mm32w0xx_q.o(.text))
<BR>[Address Reference Count : 1]<UL><LI> startup_mm32w0xx_q.o(RESET)
</UL>
<P><STRONG><a name="[18]"></a>TIM3_IRQHandler</STRONG> (Thumb, 0 bytes, Stack size 0 bytes, startup_mm32w0xx_q.o(.text))
<BR>[Address Reference Count : 1]<UL><LI> startup_mm32w0xx_q.o(RESET)
</UL>
<P><STRONG><a name="[1f]"></a>UART1_IRQHandler</STRONG> (Thumb, 0 bytes, Stack size 0 bytes, startup_mm32w0xx_q.o(.text))
<BR>[Address Reference Count : 1]<UL><LI> startup_mm32w0xx_q.o(RESET)
</UL>
<P><STRONG><a name="[a]"></a>WWDG_IRQHandler</STRONG> (Thumb, 0 bytes, Stack size 0 bytes, startup_mm32w0xx_q.o(.text))
<BR>[Address Reference Count : 1]<UL><LI> startup_mm32w0xx_q.o(RESET)
</UL>
<P><STRONG><a name="[103]"></a>get_local_addr</STRONG> (Thumb, 6 bytes, Stack size 0 bytes, main.o(.text), UNUSED)

<P><STRONG><a name="[21]"></a>main</STRONG> (Thumb, 156 bytes, Stack size 24 bytes, main.o(.text))
<BR><BR>[Stack]<UL><LI>Max Depth = 232<LI>Call Chain = main &rArr; ble_run_interrupt_start &rArr; ble_run &rArr; UsrProcCallback &rArr; CheckComPortInData &rArr; sconn_notifydata &rArr; ser_notify_handle &rArr; att_rsp &rArr; GenerateTxQueue &rArr; queue_push &rArr; create_node
</UL>
<BR>[Calls]<UL><LI><a href="#[36]">&gt;&gt;</a>&nbsp;&nbsp;&nbsp;uart_initwBaudRate
<LI><a href="#[3a]">&gt;&gt;</a>&nbsp;&nbsp;&nbsp;radio_initBle
<LI><a href="#[3d]">&gt;&gt;</a>&nbsp;&nbsp;&nbsp;mg_writeBuf
<LI><a href="#[3c]">&gt;&gt;</a>&nbsp;&nbsp;&nbsp;mg_activate
<LI><a href="#[3e]">&gt;&gt;</a>&nbsp;&nbsp;&nbsp;ble_run_interrupt_start
<LI><a href="#[35]">&gt;&gt;</a>&nbsp;&nbsp;&nbsp;SysTick_Configuration
<LI><a href="#[39]">&gt;&gt;</a>&nbsp;&nbsp;&nbsp;SetBleIntRunningMode
<LI><a href="#[37]">&gt;&gt;</a>&nbsp;&nbsp;&nbsp;SPIM_Init
<LI><a href="#[38]">&gt;&gt;</a>&nbsp;&nbsp;&nbsp;IRQ_RF
<LI><a href="#[3b]">&gt;&gt;</a>&nbsp;&nbsp;&nbsp;__2printf
</UL>
<BR>[Address Reference Count : 1]<UL><LI> entry9a.o(.ARM.Collect$$$$0000000B)
</UL>
<P><STRONG><a name="[104]"></a>_sys_exit</STRONG> (Thumb, 4 bytes, Stack size 0 bytes, uart.o(.text), UNUSED)

<P><STRONG><a name="[24]"></a>fputc</STRONG> (Thumb, 22 bytes, Stack size 0 bytes, uart.o(.text))
<BR>[Address Reference Count : 1]<UL><LI> printf8.o(i.__0printf$8)
</UL>
<P><STRONG><a name="[36]"></a>uart_initwBaudRate</STRONG> (Thumb, 244 bytes, Stack size 32 bytes, uart.o(.text))
<BR><BR>[Stack]<UL><LI>Max Depth = 92<LI>Call Chain = uart_initwBaudRate &rArr; UART_Init &rArr; __aeabi_uidivmod
</UL>
<BR>[Calls]<UL><LI><a href="#[43]">&gt;&gt;</a>&nbsp;&nbsp;&nbsp;UART_Init
<LI><a href="#[44]">&gt;&gt;</a>&nbsp;&nbsp;&nbsp;UART_ITConfig
<LI><a href="#[45]">&gt;&gt;</a>&nbsp;&nbsp;&nbsp;UART_Cmd
<LI><a href="#[3f]">&gt;&gt;</a>&nbsp;&nbsp;&nbsp;RCC_APB1PeriphClockCmd
<LI><a href="#[40]">&gt;&gt;</a>&nbsp;&nbsp;&nbsp;RCC_AHBPeriphClockCmd
<LI><a href="#[41]">&gt;&gt;</a>&nbsp;&nbsp;&nbsp;NVIC_Init
<LI><a href="#[47]">&gt;&gt;</a>&nbsp;&nbsp;&nbsp;GPIO_ResetBits
<LI><a href="#[42]">&gt;&gt;</a>&nbsp;&nbsp;&nbsp;GPIO_PinAFConfig
<LI><a href="#[46]">&gt;&gt;</a>&nbsp;&nbsp;&nbsp;GPIO_Init
</UL>
<BR>[Called By]<UL><LI><a href="#[21]">&gt;&gt;</a>&nbsp;&nbsp;&nbsp;main
</UL>

<P><STRONG><a name="[48]"></a>ChangeBaudRate</STRONG> (Thumb, 64 bytes, Stack size 24 bytes, uart.o(.text))
<BR><BR>[Stack]<UL><LI>Max Depth = 36<LI>Call Chain = ChangeBaudRate &rArr; __aeabi_uidivmod
</UL>
<BR>[Calls]<UL><LI><a href="#[45]">&gt;&gt;</a>&nbsp;&nbsp;&nbsp;UART_Cmd
<LI><a href="#[49]">&gt;&gt;</a>&nbsp;&nbsp;&nbsp;RCC_GetClocksFreq
<LI><a href="#[4a]">&gt;&gt;</a>&nbsp;&nbsp;&nbsp;__aeabi_uidivmod
</UL>
<BR>[Called By]<UL><LI><a href="#[83]">&gt;&gt;</a>&nbsp;&nbsp;&nbsp;ser_write_rsp
</UL>

<P><STRONG><a name="[85]"></a>moduleOutData</STRONG> (Thumb, 50 bytes, Stack size 12 bytes, uart.o(.text))
<BR><BR>[Stack]<UL><LI>Max Depth = 12<LI>Call Chain = moduleOutData
</UL>
<BR>[Called By]<UL><LI><a href="#[86]">&gt;&gt;</a>&nbsp;&nbsp;&nbsp;ser_prepare_write
<LI><a href="#[83]">&gt;&gt;</a>&nbsp;&nbsp;&nbsp;ser_write_rsp
</UL>

<P><STRONG><a name="[20]"></a>UART2_IRQHandler</STRONG> (Thumb, 182 bytes, Stack size 8 bytes, uart.o(.text))
<BR><BR>[Stack]<UL><LI>Max Depth = 20<LI>Call Chain = UART2_IRQHandler &rArr; __aeabi_uidivmod
</UL>
<BR>[Calls]<UL><LI><a href="#[4e]">&gt;&gt;</a>&nbsp;&nbsp;&nbsp;UART_SendData
<LI><a href="#[4d]">&gt;&gt;</a>&nbsp;&nbsp;&nbsp;UART_ReceiveData
<LI><a href="#[44]">&gt;&gt;</a>&nbsp;&nbsp;&nbsp;UART_ITConfig
<LI><a href="#[4b]">&gt;&gt;</a>&nbsp;&nbsp;&nbsp;UART_GetITStatus
<LI><a href="#[4c]">&gt;&gt;</a>&nbsp;&nbsp;&nbsp;UART_ClearITPendingBit
<LI><a href="#[4a]">&gt;&gt;</a>&nbsp;&nbsp;&nbsp;__aeabi_uidivmod
</UL>
<BR>[Address Reference Count : 1]<UL><LI> startup_mm32w0xx_q.o(RESET)
</UL>
<P><STRONG><a name="[95]"></a>GetSysTickCount</STRONG> (Thumb, 6 bytes, Stack size 0 bytes, sys.o(.text))
<BR><BR>[Called By]<UL><LI><a href="#[3e]">&gt;&gt;</a>&nbsp;&nbsp;&nbsp;ble_run_interrupt_start
<LI><a href="#[96]">&gt;&gt;</a>&nbsp;&nbsp;&nbsp;CheckMcuTimerForRcCal
<LI><a href="#[a0]">&gt;&gt;</a>&nbsp;&nbsp;&nbsp;SetSwTimer
<LI><a href="#[9e]">&gt;&gt;</a>&nbsp;&nbsp;&nbsp;IsSwTimeOut
<LI><a href="#[94]">&gt;&gt;</a>&nbsp;&nbsp;&nbsp;CanSleep
<LI><a href="#[78]">&gt;&gt;</a>&nbsp;&nbsp;&nbsp;ble_run
<LI><a href="#[a8]">&gt;&gt;</a>&nbsp;&nbsp;&nbsp;StartBBTimerForRcCal
</UL>

<P><STRONG><a name="[9]"></a>SysTick_Handler</STRONG> (Thumb, 18 bytes, Stack size 8 bytes, sys.o(.text))
<BR><BR>[Stack]<UL><LI>Max Depth = 72<LI>Call Chain = SysTick_Handler &rArr; ble_nMsRoutine &rArr; bb_advCalTimerIrq &rArr; radio_sleep &rArr; mg_writeBuf &rArr; SPI_CS_Disable_
</UL>
<BR>[Calls]<UL><LI><a href="#[4f]">&gt;&gt;</a>&nbsp;&nbsp;&nbsp;ble_nMsRoutine
</UL>
<BR>[Address Reference Count : 1]<UL><LI> startup_mm32w0xx_q.o(RESET)
</UL>
<P><STRONG><a name="[35]"></a>SysTick_Configuration</STRONG> (Thumb, 42 bytes, Stack size 8 bytes, sys.o(.text))
<BR><BR>[Stack]<UL><LI>Max Depth = 16<LI>Call Chain = SysTick_Configuration &rArr; NVIC_SetPriority
</UL>
<BR>[Calls]<UL><LI><a href="#[50]">&gt;&gt;</a>&nbsp;&nbsp;&nbsp;NVIC_SetPriority
</UL>
<BR>[Called By]<UL><LI><a href="#[21]">&gt;&gt;</a>&nbsp;&nbsp;&nbsp;main
</UL>

<P><STRONG><a name="[105]"></a>EXTI_DeInit</STRONG> (Thumb, 18 bytes, Stack size 0 bytes, hal_exti.o(.text), UNUSED)

<P><STRONG><a name="[75]"></a>EXTI_Init</STRONG> (Thumb, 134 bytes, Stack size 0 bytes, hal_exti.o(.text))
<BR><BR>[Called By]<UL><LI><a href="#[38]">&gt;&gt;</a>&nbsp;&nbsp;&nbsp;IRQ_RF
</UL>

<P><STRONG><a name="[106]"></a>EXTI_StructInit</STRONG> (Thumb, 16 bytes, Stack size 0 bytes, hal_exti.o(.text), UNUSED)

<P><STRONG><a name="[107]"></a>EXTI_GenerateSWInterrupt</STRONG> (Thumb, 12 bytes, Stack size 0 bytes, hal_exti.o(.text), UNUSED)

<P><STRONG><a name="[108]"></a>EXTI_GetFlagStatus</STRONG> (Thumb, 22 bytes, Stack size 0 bytes, hal_exti.o(.text), UNUSED)

<P><STRONG><a name="[109]"></a>EXTI_ClearFlag</STRONG> (Thumb, 6 bytes, Stack size 0 bytes, hal_exti.o(.text), UNUSED)

<P><STRONG><a name="[10a]"></a>EXTI_GetITStatus</STRONG> (Thumb, 36 bytes, Stack size 0 bytes, hal_exti.o(.text), UNUSED)

<P><STRONG><a name="[77]"></a>EXTI_ClearITPendingBit</STRONG> (Thumb, 6 bytes, Stack size 0 bytes, hal_exti.o(.text))
<BR><BR>[Called By]<UL><LI><a href="#[e]">&gt;&gt;</a>&nbsp;&nbsp;&nbsp;EXTI0_1_IRQHandler
</UL>

<P><STRONG><a name="[51]"></a>GPIO_DeInit</STRONG> (Thumb, 106 bytes, Stack size 8 bytes, hal_gpio.o(.text), UNUSED)
<BR><BR>[Calls]<UL><LI><a href="#[40]">&gt;&gt;</a>&nbsp;&nbsp;&nbsp;RCC_AHBPeriphClockCmd
</UL>

<P><STRONG><a name="[46]"></a>GPIO_Init</STRONG> (Thumb, 222 bytes, Stack size 28 bytes, hal_gpio.o(.text))
<BR><BR>[Stack]<UL><LI>Max Depth = 28<LI>Call Chain = GPIO_Init
</UL>
<BR>[Called By]<UL><LI><a href="#[36]">&gt;&gt;</a>&nbsp;&nbsp;&nbsp;uart_initwBaudRate
<LI><a href="#[37]">&gt;&gt;</a>&nbsp;&nbsp;&nbsp;SPIM_Init
<LI><a href="#[38]">&gt;&gt;</a>&nbsp;&nbsp;&nbsp;IRQ_RF
<LI><a href="#[71]">&gt;&gt;</a>&nbsp;&nbsp;&nbsp;IIC_Init
</UL>

<P><STRONG><a name="[10b]"></a>GPIO_StructInit</STRONG> (Thumb, 16 bytes, Stack size 0 bytes, hal_gpio.o(.text), UNUSED)

<P><STRONG><a name="[10c]"></a>GPIO_ReadInputDataBit</STRONG> (Thumb, 20 bytes, Stack size 0 bytes, hal_gpio.o(.text), UNUSED)

<P><STRONG><a name="[70]"></a>GPIO_ReadInputData</STRONG> (Thumb, 8 bytes, Stack size 0 bytes, hal_gpio.o(.text))
<BR><BR>[Called By]<UL><LI><a href="#[76]">&gt;&gt;</a>&nbsp;&nbsp;&nbsp;IsIrqEnabled
<LI><a href="#[6f]">&gt;&gt;</a>&nbsp;&nbsp;&nbsp;UsrProcCallback
</UL>

<P><STRONG><a name="[10d]"></a>GPIO_ReadOutputDataBit</STRONG> (Thumb, 20 bytes, Stack size 0 bytes, hal_gpio.o(.text), UNUSED)

<P><STRONG><a name="[10e]"></a>GPIO_ReadOutputData</STRONG> (Thumb, 8 bytes, Stack size 0 bytes, hal_gpio.o(.text), UNUSED)

<P><STRONG><a name="[5c]"></a>GPIO_SetBits</STRONG> (Thumb, 4 bytes, Stack size 0 bytes, hal_gpio.o(.text))
<BR><BR>[Called By]<UL><LI><a href="#[37]">&gt;&gt;</a>&nbsp;&nbsp;&nbsp;SPIM_Init
<LI><a href="#[1c]">&gt;&gt;</a>&nbsp;&nbsp;&nbsp;I2C1_IRQHandler
<LI><a href="#[71]">&gt;&gt;</a>&nbsp;&nbsp;&nbsp;IIC_Init
<LI><a href="#[69]">&gt;&gt;</a>&nbsp;&nbsp;&nbsp;DisableEnvINT
<LI><a href="#[5b]">&gt;&gt;</a>&nbsp;&nbsp;&nbsp;SPI_CS_Disable_
</UL>

<P><STRONG><a name="[47]"></a>GPIO_ResetBits</STRONG> (Thumb, 4 bytes, Stack size 0 bytes, hal_gpio.o(.text))
<BR><BR>[Called By]<UL><LI><a href="#[36]">&gt;&gt;</a>&nbsp;&nbsp;&nbsp;uart_initwBaudRate
<LI><a href="#[6a]">&gt;&gt;</a>&nbsp;&nbsp;&nbsp;EnableEnvINT
<LI><a href="#[67]">&gt;&gt;</a>&nbsp;&nbsp;&nbsp;IrqMcuGotoSleepAndWakeup
<LI><a href="#[5a]">&gt;&gt;</a>&nbsp;&nbsp;&nbsp;SPI_CS_Enable_
</UL>

<P><STRONG><a name="[10f]"></a>GPIO_WriteBit</STRONG> (Thumb, 12 bytes, Stack size 0 bytes, hal_gpio.o(.text), UNUSED)

<P><STRONG><a name="[110]"></a>GPIO_Write</STRONG> (Thumb, 4 bytes, Stack size 0 bytes, hal_gpio.o(.text), UNUSED)

<P><STRONG><a name="[111]"></a>GPIO_PinLockConfig</STRONG> (Thumb, 22 bytes, Stack size 0 bytes, hal_gpio.o(.text), UNUSED)

<P><STRONG><a name="[42]"></a>GPIO_PinAFConfig</STRONG> (Thumb, 70 bytes, Stack size 20 bytes, hal_gpio.o(.text))
<BR><BR>[Stack]<UL><LI>Max Depth = 20<LI>Call Chain = GPIO_PinAFConfig
</UL>
<BR>[Called By]<UL><LI><a href="#[36]">&gt;&gt;</a>&nbsp;&nbsp;&nbsp;uart_initwBaudRate
<LI><a href="#[37]">&gt;&gt;</a>&nbsp;&nbsp;&nbsp;SPIM_Init
<LI><a href="#[71]">&gt;&gt;</a>&nbsp;&nbsp;&nbsp;IIC_Init
</UL>

<P><STRONG><a name="[52]"></a>I2C_DeInit</STRONG> (Thumb, 30 bytes, Stack size 8 bytes, hal_i2c.o(.text), UNUSED)
<BR><BR>[Calls]<UL><LI><a href="#[53]">&gt;&gt;</a>&nbsp;&nbsp;&nbsp;RCC_APB1PeriphResetCmd
</UL>

<P><STRONG><a name="[54]"></a>I2C_Init</STRONG> (Thumb, 182 bytes, Stack size 48 bytes, hal_i2c.o(.text), UNUSED)
<BR><BR>[Calls]<UL><LI><a href="#[49]">&gt;&gt;</a>&nbsp;&nbsp;&nbsp;RCC_GetClocksFreq
<LI><a href="#[4a]">&gt;&gt;</a>&nbsp;&nbsp;&nbsp;__aeabi_uidivmod
</UL>

<P><STRONG><a name="[112]"></a>I2C_StructInit</STRONG> (Thumb, 18 bytes, Stack size 0 bytes, hal_i2c.o(.text), UNUSED)

<P><STRONG><a name="[113]"></a>I2C_Cmd</STRONG> (Thumb, 32 bytes, Stack size 0 bytes, hal_i2c.o(.text), UNUSED)

<P><STRONG><a name="[114]"></a>I2C_DMACmd</STRONG> (Thumb, 64 bytes, Stack size 0 bytes, hal_i2c.o(.text), UNUSED)

<P><STRONG><a name="[115]"></a>I2C_GenerateSTART</STRONG> (Thumb, 26 bytes, Stack size 0 bytes, hal_i2c.o(.text), UNUSED)

<P><STRONG><a name="[116]"></a>I2C_GenerateSTOP</STRONG> (Thumb, 58 bytes, Stack size 12 bytes, hal_i2c.o(.text), UNUSED)

<P><STRONG><a name="[117]"></a>I2C_OwnAddress2Config</STRONG> (Thumb, 20 bytes, Stack size 0 bytes, hal_i2c.o(.text), UNUSED)

<P><STRONG><a name="[118]"></a>I2C_DualAddressCmd</STRONG> (Thumb, 26 bytes, Stack size 0 bytes, hal_i2c.o(.text), UNUSED)

<P><STRONG><a name="[119]"></a>I2C_GeneralCallCmd</STRONG> (Thumb, 26 bytes, Stack size 0 bytes, hal_i2c.o(.text), UNUSED)

<P><STRONG><a name="[11a]"></a>I2C_ITConfig</STRONG> (Thumb, 28 bytes, Stack size 0 bytes, hal_i2c.o(.text), UNUSED)

<P><STRONG><a name="[11b]"></a>I2C_SendData</STRONG> (Thumb, 4 bytes, Stack size 0 bytes, hal_i2c.o(.text), UNUSED)

<P><STRONG><a name="[11c]"></a>I2C_SendLastDataOrStop</STRONG> (Thumb, 10 bytes, Stack size 0 bytes, hal_i2c.o(.text), UNUSED)

<P><STRONG><a name="[11d]"></a>I2C_ReadLastDataOrStop</STRONG> (Thumb, 12 bytes, Stack size 0 bytes, hal_i2c.o(.text), UNUSED)

<P><STRONG><a name="[11e]"></a>I2C_ReadCmd</STRONG> (Thumb, 8 bytes, Stack size 0 bytes, hal_i2c.o(.text), UNUSED)

<P><STRONG><a name="[11f]"></a>I2C_ReceiveData</STRONG> (Thumb, 14 bytes, Stack size 0 bytes, hal_i2c.o(.text), UNUSED)

<P><STRONG><a name="[120]"></a>I2C_Send7bitAddress</STRONG> (Thumb, 6 bytes, Stack size 0 bytes, hal_i2c.o(.text), UNUSED)

<P><STRONG><a name="[121]"></a>I2C_ReadRegister</STRONG> (Thumb, 6 bytes, Stack size 0 bytes, hal_i2c.o(.text), UNUSED)

<P><STRONG><a name="[122]"></a>I2C_GetLastEvent</STRONG> (Thumb, 16 bytes, Stack size 0 bytes, hal_i2c.o(.text), UNUSED)

<P><STRONG><a name="[123]"></a>I2C_CheckEvent</STRONG> (Thumb, 52 bytes, Stack size 16 bytes, hal_i2c.o(.text), UNUSED)

<P><STRONG><a name="[124]"></a>I2C_GetFlagStatus</STRONG> (Thumb, 76 bytes, Stack size 16 bytes, hal_i2c.o(.text), UNUSED)

<P><STRONG><a name="[125]"></a>I2C_ClearFlag</STRONG> (Thumb, 146 bytes, Stack size 0 bytes, hal_i2c.o(.text), UNUSED)

<P><STRONG><a name="[126]"></a>I2C_GetITStatus</STRONG> (Thumb, 20 bytes, Stack size 0 bytes, hal_i2c.o(.text), UNUSED)

<P><STRONG><a name="[72]"></a>I2C_ClearITPendingBit</STRONG> (Thumb, 196 bytes, Stack size 0 bytes, hal_i2c.o(.text))
<BR><BR>[Called By]<UL><LI><a href="#[1c]">&gt;&gt;</a>&nbsp;&nbsp;&nbsp;I2C1_IRQHandler
</UL>

<P><STRONG><a name="[41]"></a>NVIC_Init</STRONG> (Thumb, 106 bytes, Stack size 0 bytes, hal_misc.o(.text))
<BR><BR>[Called By]<UL><LI><a href="#[36]">&gt;&gt;</a>&nbsp;&nbsp;&nbsp;uart_initwBaudRate
<LI><a href="#[38]">&gt;&gt;</a>&nbsp;&nbsp;&nbsp;IRQ_RF
<LI><a href="#[71]">&gt;&gt;</a>&nbsp;&nbsp;&nbsp;IIC_Init
</UL>

<P><STRONG><a name="[127]"></a>NVIC_SetVectorTable</STRONG> (Thumb, 2 bytes, Stack size 0 bytes, hal_misc.o(.text), UNUSED)

<P><STRONG><a name="[128]"></a>NVIC_SystemLPConfig</STRONG> (Thumb, 28 bytes, Stack size 0 bytes, hal_misc.o(.text), UNUSED)

<P><STRONG><a name="[129]"></a>SysTick_CLKSourceConfig</STRONG> (Thumb, 32 bytes, Stack size 0 bytes, hal_misc.o(.text), UNUSED)

<P><STRONG><a name="[12a]"></a>RCC_DeInit</STRONG> (Thumb, 56 bytes, Stack size 0 bytes, hal_rcc.o(.text), UNUSED)

<P><STRONG><a name="[12b]"></a>RCC_HSEConfig</STRONG> (Thumb, 84 bytes, Stack size 0 bytes, hal_rcc.o(.text), UNUSED)

<P><STRONG><a name="[56]"></a>RCC_GetFlagStatus</STRONG> (Thumb, 48 bytes, Stack size 8 bytes, hal_rcc.o(.text), UNUSED)
<BR><BR>[Called By]<UL><LI><a href="#[55]">&gt;&gt;</a>&nbsp;&nbsp;&nbsp;RCC_WaitForHSEStartUp
</UL>

<P><STRONG><a name="[55]"></a>RCC_WaitForHSEStartUp</STRONG> (Thumb, 60 bytes, Stack size 16 bytes, hal_rcc.o(.text), UNUSED)
<BR><BR>[Calls]<UL><LI><a href="#[56]">&gt;&gt;</a>&nbsp;&nbsp;&nbsp;RCC_GetFlagStatus
</UL>

<P><STRONG><a name="[12c]"></a>RCC_AdjustHSICalibrationValue</STRONG> (Thumb, 26 bytes, Stack size 0 bytes, hal_rcc.o(.text), UNUSED)

<P><STRONG><a name="[12d]"></a>RCC_HSICmd</STRONG> (Thumb, 32 bytes, Stack size 0 bytes, hal_rcc.o(.text), UNUSED)

<P><STRONG><a name="[79]"></a>RCC_SYSCLKConfig</STRONG> (Thumb, 24 bytes, Stack size 0 bytes, hal_rcc.o(.text))
<BR><BR>[Called By]<UL><LI><a href="#[65]">&gt;&gt;</a>&nbsp;&nbsp;&nbsp;SysClk48to8
</UL>

<P><STRONG><a name="[7a]"></a>RCC_GetSYSCLKSource</STRONG> (Thumb, 10 bytes, Stack size 0 bytes, hal_rcc.o(.text))
<BR><BR>[Called By]<UL><LI><a href="#[65]">&gt;&gt;</a>&nbsp;&nbsp;&nbsp;SysClk48to8
</UL>

<P><STRONG><a name="[12e]"></a>RCC_HCLKConfig</STRONG> (Thumb, 28 bytes, Stack size 0 bytes, hal_rcc.o(.text), UNUSED)

<P><STRONG><a name="[12f]"></a>RCC_PCLK1Config</STRONG> (Thumb, 30 bytes, Stack size 0 bytes, hal_rcc.o(.text), UNUSED)

<P><STRONG><a name="[130]"></a>RCC_PCLK2Config</STRONG> (Thumb, 28 bytes, Stack size 0 bytes, hal_rcc.o(.text), UNUSED)

<P><STRONG><a name="[131]"></a>RCC_ITConfig</STRONG> (Thumb, 32 bytes, Stack size 0 bytes, hal_rcc.o(.text), UNUSED)

<P><STRONG><a name="[132]"></a>RCC_LSICmd</STRONG> (Thumb, 32 bytes, Stack size 0 bytes, hal_rcc.o(.text), UNUSED)

<P><STRONG><a name="[49]"></a>RCC_GetClocksFreq</STRONG> (Thumb, 146 bytes, Stack size 8 bytes, hal_rcc.o(.text))
<BR><BR>[Stack]<UL><LI>Max Depth = 8<LI>Call Chain = RCC_GetClocksFreq
</UL>
<BR>[Called By]<UL><LI><a href="#[54]">&gt;&gt;</a>&nbsp;&nbsp;&nbsp;I2C_Init
<LI><a href="#[43]">&gt;&gt;</a>&nbsp;&nbsp;&nbsp;UART_Init
<LI><a href="#[48]">&gt;&gt;</a>&nbsp;&nbsp;&nbsp;ChangeBaudRate
</UL>

<P><STRONG><a name="[40]"></a>RCC_AHBPeriphClockCmd</STRONG> (Thumb, 28 bytes, Stack size 0 bytes, hal_rcc.o(.text))
<BR><BR>[Called By]<UL><LI><a href="#[51]">&gt;&gt;</a>&nbsp;&nbsp;&nbsp;GPIO_DeInit
<LI><a href="#[36]">&gt;&gt;</a>&nbsp;&nbsp;&nbsp;uart_initwBaudRate
<LI><a href="#[37]">&gt;&gt;</a>&nbsp;&nbsp;&nbsp;SPIM_Init
<LI><a href="#[38]">&gt;&gt;</a>&nbsp;&nbsp;&nbsp;IRQ_RF
</UL>

<P><STRONG><a name="[73]"></a>RCC_APB2PeriphClockCmd</STRONG> (Thumb, 28 bytes, Stack size 0 bytes, hal_rcc.o(.text))
<BR><BR>[Called By]<UL><LI><a href="#[38]">&gt;&gt;</a>&nbsp;&nbsp;&nbsp;IRQ_RF
</UL>

<P><STRONG><a name="[3f]"></a>RCC_APB1PeriphClockCmd</STRONG> (Thumb, 28 bytes, Stack size 0 bytes, hal_rcc.o(.text))
<BR><BR>[Called By]<UL><LI><a href="#[36]">&gt;&gt;</a>&nbsp;&nbsp;&nbsp;uart_initwBaudRate
<LI><a href="#[37]">&gt;&gt;</a>&nbsp;&nbsp;&nbsp;SPIM_Init
<LI><a href="#[38]">&gt;&gt;</a>&nbsp;&nbsp;&nbsp;IRQ_RF
<LI><a href="#[71]">&gt;&gt;</a>&nbsp;&nbsp;&nbsp;IIC_Init
</UL>

<P><STRONG><a name="[58]"></a>RCC_APB2PeriphResetCmd</STRONG> (Thumb, 28 bytes, Stack size 0 bytes, hal_rcc.o(.text), UNUSED)
<BR><BR>[Called By]<UL><LI><a href="#[57]">&gt;&gt;</a>&nbsp;&nbsp;&nbsp;SPI_DeInit
<LI><a href="#[59]">&gt;&gt;</a>&nbsp;&nbsp;&nbsp;UART_DeInit
</UL>

<P><STRONG><a name="[53]"></a>RCC_APB1PeriphResetCmd</STRONG> (Thumb, 28 bytes, Stack size 0 bytes, hal_rcc.o(.text), UNUSED)
<BR><BR>[Called By]<UL><LI><a href="#[52]">&gt;&gt;</a>&nbsp;&nbsp;&nbsp;I2C_DeInit
<LI><a href="#[59]">&gt;&gt;</a>&nbsp;&nbsp;&nbsp;UART_DeInit
</UL>

<P><STRONG><a name="[133]"></a>RCC_ClockSecuritySystemCmd</STRONG> (Thumb, 34 bytes, Stack size 0 bytes, hal_rcc.o(.text), UNUSED)

<P><STRONG><a name="[134]"></a>RCC_MCOConfig</STRONG> (Thumb, 28 bytes, Stack size 0 bytes, hal_rcc.o(.text), UNUSED)

<P><STRONG><a name="[135]"></a>RCC_ClearFlag</STRONG> (Thumb, 16 bytes, Stack size 0 bytes, hal_rcc.o(.text), UNUSED)

<P><STRONG><a name="[136]"></a>RCC_GetITStatus</STRONG> (Thumb, 22 bytes, Stack size 0 bytes, hal_rcc.o(.text), UNUSED)

<P><STRONG><a name="[137]"></a>RCC_ClearITPendingBit</STRONG> (Thumb, 14 bytes, Stack size 0 bytes, hal_rcc.o(.text), UNUSED)

<P><STRONG><a name="[57]"></a>SPI_DeInit</STRONG> (Thumb, 50 bytes, Stack size 8 bytes, hal_spi.o(.text), UNUSED)
<BR><BR>[Calls]<UL><LI><a href="#[58]">&gt;&gt;</a>&nbsp;&nbsp;&nbsp;RCC_APB2PeriphResetCmd
</UL>

<P><STRONG><a name="[62]"></a>SPI_Init</STRONG> (Thumb, 88 bytes, Stack size 8 bytes, hal_spi.o(.text))
<BR><BR>[Stack]<UL><LI>Max Depth = 8<LI>Call Chain = SPI_Init
</UL>
<BR>[Called By]<UL><LI><a href="#[37]">&gt;&gt;</a>&nbsp;&nbsp;&nbsp;SPIM_Init
</UL>

<P><STRONG><a name="[138]"></a>SPI_StructInit</STRONG> (Thumb, 32 bytes, Stack size 0 bytes, hal_spi.o(.text), UNUSED)

<P><STRONG><a name="[63]"></a>SPI_Cmd</STRONG> (Thumb, 26 bytes, Stack size 0 bytes, hal_spi.o(.text))
<BR><BR>[Called By]<UL><LI><a href="#[37]">&gt;&gt;</a>&nbsp;&nbsp;&nbsp;SPIM_Init
</UL>

<P><STRONG><a name="[139]"></a>SPI_ITConfig</STRONG> (Thumb, 40 bytes, Stack size 8 bytes, hal_spi.o(.text), UNUSED)

<P><STRONG><a name="[13a]"></a>SPI_DMACmd</STRONG> (Thumb, 20 bytes, Stack size 0 bytes, hal_spi.o(.text), UNUSED)

<P><STRONG><a name="[13b]"></a>SPI_FifoTrigger</STRONG> (Thumb, 20 bytes, Stack size 0 bytes, hal_spi.o(.text), UNUSED)

<P><STRONG><a name="[13c]"></a>SPI_SendData</STRONG> (Thumb, 40 bytes, Stack size 0 bytes, hal_spi.o(.text), UNUSED)

<P><STRONG><a name="[13d]"></a>SPI_ReceiveData</STRONG> (Thumb, 50 bytes, Stack size 0 bytes, hal_spi.o(.text), UNUSED)

<P><STRONG><a name="[13e]"></a>SPI_CSInternalSelected</STRONG> (Thumb, 24 bytes, Stack size 8 bytes, hal_spi.o(.text), UNUSED)

<P><STRONG><a name="[13f]"></a>SPI_NSSInternalSoftwareConfig</STRONG> (Thumb, 30 bytes, Stack size 0 bytes, hal_spi.o(.text), UNUSED)

<P><STRONG><a name="[140]"></a>SPI_DataSizeConfig</STRONG> (Thumb, 16 bytes, Stack size 0 bytes, hal_spi.o(.text), UNUSED)

<P><STRONG><a name="[5e]"></a>SPI_BiDirectionalLineConfig</STRONG> (Thumb, 58 bytes, Stack size 0 bytes, hal_spi.o(.text))
<BR><BR>[Called By]<UL><LI><a href="#[61]">&gt;&gt;</a>&nbsp;&nbsp;&nbsp;SPIM_RXDisable
<LI><a href="#[60]">&gt;&gt;</a>&nbsp;&nbsp;&nbsp;SPIM_RXEn
<LI><a href="#[5f]">&gt;&gt;</a>&nbsp;&nbsp;&nbsp;SPIM_TXDisable
<LI><a href="#[5d]">&gt;&gt;</a>&nbsp;&nbsp;&nbsp;SPIM_TXEn
</UL>

<P><STRONG><a name="[141]"></a>SPI_GetFlagStatus</STRONG> (Thumb, 104 bytes, Stack size 12 bytes, hal_spi.o(.text), UNUSED)

<P><STRONG><a name="[142]"></a>SPI_GetITStatus</STRONG> (Thumb, 20 bytes, Stack size 0 bytes, hal_spi.o(.text), UNUSED)

<P><STRONG><a name="[143]"></a>SPI_ClearITPendingBit</STRONG> (Thumb, 8 bytes, Stack size 0 bytes, hal_spi.o(.text), UNUSED)

<P><STRONG><a name="[144]"></a>SPI_RxBytes</STRONG> (Thumb, 4 bytes, Stack size 0 bytes, hal_spi.o(.text), UNUSED)

<P><STRONG><a name="[145]"></a>SPI_SlaveAdjust</STRONG> (Thumb, 8 bytes, Stack size 0 bytes, hal_spi.o(.text), UNUSED)

<P><STRONG><a name="[146]"></a>SYSCFG_DeInit</STRONG> (Thumb, 28 bytes, Stack size 0 bytes, hal_syscfg.o(.text), UNUSED)

<P><STRONG><a name="[147]"></a>SYSCFG_MemoryRemapConfig</STRONG> (Thumb, 24 bytes, Stack size 0 bytes, hal_syscfg.o(.text), UNUSED)

<P><STRONG><a name="[148]"></a>SYSCFG_DMAChannelRemapConfig</STRONG> (Thumb, 28 bytes, Stack size 0 bytes, hal_syscfg.o(.text), UNUSED)

<P><STRONG><a name="[74]"></a>SYSCFG_EXTILineConfig</STRONG> (Thumb, 66 bytes, Stack size 12 bytes, hal_syscfg.o(.text))
<BR><BR>[Stack]<UL><LI>Max Depth = 12<LI>Call Chain = SYSCFG_EXTILineConfig
</UL>
<BR>[Called By]<UL><LI><a href="#[38]">&gt;&gt;</a>&nbsp;&nbsp;&nbsp;IRQ_RF
</UL>

<P><STRONG><a name="[59]"></a>UART_DeInit</STRONG> (Thumb, 54 bytes, Stack size 8 bytes, hal_uart.o(.text), UNUSED)
<BR><BR>[Calls]<UL><LI><a href="#[53]">&gt;&gt;</a>&nbsp;&nbsp;&nbsp;RCC_APB1PeriphResetCmd
<LI><a href="#[58]">&gt;&gt;</a>&nbsp;&nbsp;&nbsp;RCC_APB2PeriphResetCmd
</UL>

<P><STRONG><a name="[43]"></a>UART_Init</STRONG> (Thumb, 116 bytes, Stack size 48 bytes, hal_uart.o(.text))
<BR><BR>[Stack]<UL><LI>Max Depth = 60<LI>Call Chain = UART_Init &rArr; __aeabi_uidivmod
</UL>
<BR>[Calls]<UL><LI><a href="#[49]">&gt;&gt;</a>&nbsp;&nbsp;&nbsp;RCC_GetClocksFreq
<LI><a href="#[4a]">&gt;&gt;</a>&nbsp;&nbsp;&nbsp;__aeabi_uidivmod
</UL>
<BR>[Called By]<UL><LI><a href="#[36]">&gt;&gt;</a>&nbsp;&nbsp;&nbsp;uart_initwBaudRate
</UL>

<P><STRONG><a name="[149]"></a>UART_StructInit</STRONG> (Thumb, 26 bytes, Stack size 0 bytes, hal_uart.o(.text), UNUSED)

<P><STRONG><a name="[45]"></a>UART_Cmd</STRONG> (Thumb, 24 bytes, Stack size 0 bytes, hal_uart.o(.text))
<BR><BR>[Called By]<UL><LI><a href="#[48]">&gt;&gt;</a>&nbsp;&nbsp;&nbsp;ChangeBaudRate
<LI><a href="#[36]">&gt;&gt;</a>&nbsp;&nbsp;&nbsp;uart_initwBaudRate
</UL>

<P><STRONG><a name="[44]"></a>UART_ITConfig</STRONG> (Thumb, 20 bytes, Stack size 0 bytes, hal_uart.o(.text))
<BR><BR>[Called By]<UL><LI><a href="#[20]">&gt;&gt;</a>&nbsp;&nbsp;&nbsp;UART2_IRQHandler
<LI><a href="#[36]">&gt;&gt;</a>&nbsp;&nbsp;&nbsp;uart_initwBaudRate
<LI><a href="#[6f]">&gt;&gt;</a>&nbsp;&nbsp;&nbsp;UsrProcCallback
</UL>

<P><STRONG><a name="[14a]"></a>UART_DMACmd</STRONG> (Thumb, 20 bytes, Stack size 0 bytes, hal_uart.o(.text), UNUSED)

<P><STRONG><a name="[4e]"></a>UART_SendData</STRONG> (Thumb, 6 bytes, Stack size 0 bytes, hal_uart.o(.text))
<BR><BR>[Called By]<UL><LI><a href="#[20]">&gt;&gt;</a>&nbsp;&nbsp;&nbsp;UART2_IRQHandler
<LI><a href="#[6f]">&gt;&gt;</a>&nbsp;&nbsp;&nbsp;UsrProcCallback
</UL>

<P><STRONG><a name="[4d]"></a>UART_ReceiveData</STRONG> (Thumb, 8 bytes, Stack size 0 bytes, hal_uart.o(.text))
<BR><BR>[Called By]<UL><LI><a href="#[20]">&gt;&gt;</a>&nbsp;&nbsp;&nbsp;UART2_IRQHandler
</UL>

<P><STRONG><a name="[14b]"></a>UART_GetFlagStatus</STRONG> (Thumb, 20 bytes, Stack size 0 bytes, hal_uart.o(.text), UNUSED)

<P><STRONG><a name="[14c]"></a>UART_ClearFlag</STRONG> (Thumb, 2 bytes, Stack size 0 bytes, hal_uart.o(.text), UNUSED)

<P><STRONG><a name="[4b]"></a>UART_GetITStatus</STRONG> (Thumb, 20 bytes, Stack size 0 bytes, hal_uart.o(.text))
<BR><BR>[Called By]<UL><LI><a href="#[20]">&gt;&gt;</a>&nbsp;&nbsp;&nbsp;UART2_IRQHandler
<LI><a href="#[64]">&gt;&gt;</a>&nbsp;&nbsp;&nbsp;McuGotoSleepAndWakeup
</UL>

<P><STRONG><a name="[4c]"></a>UART_ClearITPendingBit</STRONG> (Thumb, 4 bytes, Stack size 0 bytes, hal_uart.o(.text))
<BR><BR>[Called By]<UL><LI><a href="#[20]">&gt;&gt;</a>&nbsp;&nbsp;&nbsp;UART2_IRQHandler
</UL>

<P><STRONG><a name="[d7]"></a>SPI_WriteRead</STRONG> (Thumb, 42 bytes, Stack size 0 bytes, spi.o(.text))
<BR><BR>[Called By]<UL><LI><a href="#[3d]">&gt;&gt;</a>&nbsp;&nbsp;&nbsp;mg_writeBuf
<LI><a href="#[3c]">&gt;&gt;</a>&nbsp;&nbsp;&nbsp;mg_activate
<LI><a href="#[d8]">&gt;&gt;</a>&nbsp;&nbsp;&nbsp;mg_readBuf
<LI><a href="#[a6]">&gt;&gt;</a>&nbsp;&nbsp;&nbsp;mg_writeReg
<LI><a href="#[b4]">&gt;&gt;</a>&nbsp;&nbsp;&nbsp;mg_readReg
</UL>

<P><STRONG><a name="[5a]"></a>SPI_CS_Enable_</STRONG> (Thumb, 14 bytes, Stack size 8 bytes, spi.o(.text))
<BR><BR>[Stack]<UL><LI>Max Depth = 8<LI>Call Chain = SPI_CS_Enable_
</UL>
<BR>[Calls]<UL><LI><a href="#[47]">&gt;&gt;</a>&nbsp;&nbsp;&nbsp;GPIO_ResetBits
</UL>
<BR>[Called By]<UL><LI><a href="#[3d]">&gt;&gt;</a>&nbsp;&nbsp;&nbsp;mg_writeBuf
<LI><a href="#[3c]">&gt;&gt;</a>&nbsp;&nbsp;&nbsp;mg_activate
<LI><a href="#[d8]">&gt;&gt;</a>&nbsp;&nbsp;&nbsp;mg_readBuf
<LI><a href="#[a6]">&gt;&gt;</a>&nbsp;&nbsp;&nbsp;mg_writeReg
<LI><a href="#[b4]">&gt;&gt;</a>&nbsp;&nbsp;&nbsp;mg_readReg
</UL>

<P><STRONG><a name="[5b]"></a>SPI_CS_Disable_</STRONG> (Thumb, 14 bytes, Stack size 8 bytes, spi.o(.text))
<BR><BR>[Stack]<UL><LI>Max Depth = 8<LI>Call Chain = SPI_CS_Disable_
</UL>
<BR>[Calls]<UL><LI><a href="#[5c]">&gt;&gt;</a>&nbsp;&nbsp;&nbsp;GPIO_SetBits
</UL>
<BR>[Called By]<UL><LI><a href="#[3d]">&gt;&gt;</a>&nbsp;&nbsp;&nbsp;mg_writeBuf
<LI><a href="#[3c]">&gt;&gt;</a>&nbsp;&nbsp;&nbsp;mg_activate
<LI><a href="#[37]">&gt;&gt;</a>&nbsp;&nbsp;&nbsp;SPIM_Init
<LI><a href="#[d8]">&gt;&gt;</a>&nbsp;&nbsp;&nbsp;mg_readBuf
<LI><a href="#[a6]">&gt;&gt;</a>&nbsp;&nbsp;&nbsp;mg_writeReg
<LI><a href="#[b4]">&gt;&gt;</a>&nbsp;&nbsp;&nbsp;mg_readReg
</UL>

<P><STRONG><a name="[5d]"></a>SPIM_TXEn</STRONG> (Thumb, 14 bytes, Stack size 8 bytes, spi.o(.text))
<BR><BR>[Stack]<UL><LI>Max Depth = 8<LI>Call Chain = SPIM_TXEn
</UL>
<BR>[Calls]<UL><LI><a href="#[5e]">&gt;&gt;</a>&nbsp;&nbsp;&nbsp;SPI_BiDirectionalLineConfig
</UL>
<BR>[Called By]<UL><LI><a href="#[37]">&gt;&gt;</a>&nbsp;&nbsp;&nbsp;SPIM_Init
</UL>

<P><STRONG><a name="[5f]"></a>SPIM_TXDisable</STRONG> (Thumb, 14 bytes, Stack size 8 bytes, spi.o(.text), UNUSED)
<BR><BR>[Calls]<UL><LI><a href="#[5e]">&gt;&gt;</a>&nbsp;&nbsp;&nbsp;SPI_BiDirectionalLineConfig
</UL>

<P><STRONG><a name="[60]"></a>SPIM_RXEn</STRONG> (Thumb, 14 bytes, Stack size 8 bytes, spi.o(.text))
<BR><BR>[Stack]<UL><LI>Max Depth = 8<LI>Call Chain = SPIM_RXEn
</UL>
<BR>[Calls]<UL><LI><a href="#[5e]">&gt;&gt;</a>&nbsp;&nbsp;&nbsp;SPI_BiDirectionalLineConfig
</UL>
<BR>[Called By]<UL><LI><a href="#[37]">&gt;&gt;</a>&nbsp;&nbsp;&nbsp;SPIM_Init
</UL>

<P><STRONG><a name="[61]"></a>SPIM_RXDisable</STRONG> (Thumb, 16 bytes, Stack size 8 bytes, spi.o(.text), UNUSED)
<BR><BR>[Calls]<UL><LI><a href="#[5e]">&gt;&gt;</a>&nbsp;&nbsp;&nbsp;SPI_BiDirectionalLineConfig
</UL>

<P><STRONG><a name="[37]"></a>SPIM_Init</STRONG> (Thumb, 234 bytes, Stack size 32 bytes, spi.o(.text))
<BR><BR>[Stack]<UL><LI>Max Depth = 60<LI>Call Chain = SPIM_Init &rArr; GPIO_Init
</UL>
<BR>[Calls]<UL><LI><a href="#[63]">&gt;&gt;</a>&nbsp;&nbsp;&nbsp;SPI_Cmd
<LI><a href="#[62]">&gt;&gt;</a>&nbsp;&nbsp;&nbsp;SPI_Init
<LI><a href="#[5c]">&gt;&gt;</a>&nbsp;&nbsp;&nbsp;GPIO_SetBits
<LI><a href="#[3f]">&gt;&gt;</a>&nbsp;&nbsp;&nbsp;RCC_APB1PeriphClockCmd
<LI><a href="#[40]">&gt;&gt;</a>&nbsp;&nbsp;&nbsp;RCC_AHBPeriphClockCmd
<LI><a href="#[42]">&gt;&gt;</a>&nbsp;&nbsp;&nbsp;GPIO_PinAFConfig
<LI><a href="#[46]">&gt;&gt;</a>&nbsp;&nbsp;&nbsp;GPIO_Init
<LI><a href="#[60]">&gt;&gt;</a>&nbsp;&nbsp;&nbsp;SPIM_RXEn
<LI><a href="#[5d]">&gt;&gt;</a>&nbsp;&nbsp;&nbsp;SPIM_TXEn
<LI><a href="#[5b]">&gt;&gt;</a>&nbsp;&nbsp;&nbsp;SPI_CS_Disable_
</UL>
<BR>[Called By]<UL><LI><a href="#[21]">&gt;&gt;</a>&nbsp;&nbsp;&nbsp;main
</UL>

<P><STRONG><a name="[64]"></a>McuGotoSleepAndWakeup</STRONG> (Thumb, 106 bytes, Stack size 8 bytes, callback.o(.text))
<BR><BR>[Stack]<UL><LI>Max Depth = 24<LI>Call Chain = McuGotoSleepAndWakeup &rArr; SysClk48to8 &rArr; NVIC_SetPriority
</UL>
<BR>[Calls]<UL><LI><a href="#[4b]">&gt;&gt;</a>&nbsp;&nbsp;&nbsp;UART_GetITStatus
<LI><a href="#[66]">&gt;&gt;</a>&nbsp;&nbsp;&nbsp;SysClk8to48
<LI><a href="#[65]">&gt;&gt;</a>&nbsp;&nbsp;&nbsp;SysClk48to8
</UL>
<BR>[Called By]<UL><LI><a href="#[78]">&gt;&gt;</a>&nbsp;&nbsp;&nbsp;ble_run
</UL>

<P><STRONG><a name="[67]"></a>IrqMcuGotoSleepAndWakeup</STRONG> (Thumb, 108 bytes, Stack size 8 bytes, callback.o(.text), UNUSED)
<BR><BR>[Calls]<UL><LI><a href="#[47]">&gt;&gt;</a>&nbsp;&nbsp;&nbsp;GPIO_ResetBits
<LI><a href="#[68]">&gt;&gt;</a>&nbsp;&nbsp;&nbsp;ble_run_interrupt_McuCanSleep
</UL>

<P><STRONG><a name="[69]"></a>DisableEnvINT</STRONG> (Thumb, 24 bytes, Stack size 8 bytes, callback.o(.text))
<BR><BR>[Stack]<UL><LI>Max Depth = 8<LI>Call Chain = DisableEnvINT
</UL>
<BR>[Calls]<UL><LI><a href="#[5c]">&gt;&gt;</a>&nbsp;&nbsp;&nbsp;GPIO_SetBits
</UL>
<BR>[Called By]<UL><LI><a href="#[2e]">&gt;&gt;</a>&nbsp;&nbsp;&nbsp;sconn_onRxPDU
</UL>

<P><STRONG><a name="[6a]"></a>EnableEnvINT</STRONG> (Thumb, 36 bytes, Stack size 8 bytes, callback.o(.text))
<BR><BR>[Stack]<UL><LI>Max Depth = 8<LI>Call Chain = EnableEnvINT
</UL>
<BR>[Calls]<UL><LI><a href="#[47]">&gt;&gt;</a>&nbsp;&nbsp;&nbsp;GPIO_ResetBits
</UL>
<BR>[Called By]<UL><LI><a href="#[2e]">&gt;&gt;</a>&nbsp;&nbsp;&nbsp;sconn_onRxPDU
</UL>

<P><STRONG><a name="[6b]"></a>CheckComPortInData</STRONG> (Thumb, 134 bytes, Stack size 8 bytes, callback.o(.text))
<BR><BR>[Stack]<UL><LI>Max Depth = 160<LI>Call Chain = CheckComPortInData &rArr; sconn_notifydata &rArr; ser_notify_handle &rArr; att_rsp &rArr; GenerateTxQueue &rArr; queue_push &rArr; create_node
</UL>
<BR>[Calls]<UL><LI><a href="#[6d]">&gt;&gt;</a>&nbsp;&nbsp;&nbsp;sconn_notifydata
<LI><a href="#[6c]">&gt;&gt;</a>&nbsp;&nbsp;&nbsp;GetConnectedStatus
<LI><a href="#[6e]">&gt;&gt;</a>&nbsp;&nbsp;&nbsp;__aeabi_idivmod
</UL>
<BR>[Called By]<UL><LI><a href="#[6f]">&gt;&gt;</a>&nbsp;&nbsp;&nbsp;UsrProcCallback
</UL>

<P><STRONG><a name="[6f]"></a>UsrProcCallback</STRONG> (Thumb, 138 bytes, Stack size 8 bytes, callback.o(.text))
<BR><BR>[Stack]<UL><LI>Max Depth = 168<LI>Call Chain = UsrProcCallback &rArr; CheckComPortInData &rArr; sconn_notifydata &rArr; ser_notify_handle &rArr; att_rsp &rArr; GenerateTxQueue &rArr; queue_push &rArr; create_node
</UL>
<BR>[Calls]<UL><LI><a href="#[70]">&gt;&gt;</a>&nbsp;&nbsp;&nbsp;GPIO_ReadInputData
<LI><a href="#[4e]">&gt;&gt;</a>&nbsp;&nbsp;&nbsp;UART_SendData
<LI><a href="#[44]">&gt;&gt;</a>&nbsp;&nbsp;&nbsp;UART_ITConfig
<LI><a href="#[6b]">&gt;&gt;</a>&nbsp;&nbsp;&nbsp;CheckComPortInData
<LI><a href="#[4a]">&gt;&gt;</a>&nbsp;&nbsp;&nbsp;__aeabi_uidivmod
</UL>
<BR>[Called By]<UL><LI><a href="#[78]">&gt;&gt;</a>&nbsp;&nbsp;&nbsp;ble_run
</UL>

<P><STRONG><a name="[71]"></a>IIC_Init</STRONG> (Thumb, 164 bytes, Stack size 16 bytes, iic.o(.text), UNUSED)
<BR><BR>[Calls]<UL><LI><a href="#[5c]">&gt;&gt;</a>&nbsp;&nbsp;&nbsp;GPIO_SetBits
<LI><a href="#[3f]">&gt;&gt;</a>&nbsp;&nbsp;&nbsp;RCC_APB1PeriphClockCmd
<LI><a href="#[41]">&gt;&gt;</a>&nbsp;&nbsp;&nbsp;NVIC_Init
<LI><a href="#[42]">&gt;&gt;</a>&nbsp;&nbsp;&nbsp;GPIO_PinAFConfig
<LI><a href="#[46]">&gt;&gt;</a>&nbsp;&nbsp;&nbsp;GPIO_Init
</UL>

<P><STRONG><a name="[1c]"></a>I2C1_IRQHandler</STRONG> (Thumb, 162 bytes, Stack size 8 bytes, iic.o(.text))
<BR><BR>[Stack]<UL><LI>Max Depth = 8<LI>Call Chain = I2C1_IRQHandler
</UL>
<BR>[Calls]<UL><LI><a href="#[72]">&gt;&gt;</a>&nbsp;&nbsp;&nbsp;I2C_ClearITPendingBit
<LI><a href="#[5c]">&gt;&gt;</a>&nbsp;&nbsp;&nbsp;GPIO_SetBits
</UL>
<BR>[Address Reference Count : 1]<UL><LI> startup_mm32w0xx_q.o(RESET)
</UL>
<P><STRONG><a name="[38]"></a>IRQ_RF</STRONG> (Thumb, 122 bytes, Stack size 24 bytes, irq_rf.o(.text))
<BR><BR>[Stack]<UL><LI>Max Depth = 52<LI>Call Chain = IRQ_RF &rArr; GPIO_Init
</UL>
<BR>[Calls]<UL><LI><a href="#[74]">&gt;&gt;</a>&nbsp;&nbsp;&nbsp;SYSCFG_EXTILineConfig
<LI><a href="#[73]">&gt;&gt;</a>&nbsp;&nbsp;&nbsp;RCC_APB2PeriphClockCmd
<LI><a href="#[75]">&gt;&gt;</a>&nbsp;&nbsp;&nbsp;EXTI_Init
<LI><a href="#[3f]">&gt;&gt;</a>&nbsp;&nbsp;&nbsp;RCC_APB1PeriphClockCmd
<LI><a href="#[40]">&gt;&gt;</a>&nbsp;&nbsp;&nbsp;RCC_AHBPeriphClockCmd
<LI><a href="#[41]">&gt;&gt;</a>&nbsp;&nbsp;&nbsp;NVIC_Init
<LI><a href="#[46]">&gt;&gt;</a>&nbsp;&nbsp;&nbsp;GPIO_Init
</UL>
<BR>[Called By]<UL><LI><a href="#[21]">&gt;&gt;</a>&nbsp;&nbsp;&nbsp;main
</UL>

<P><STRONG><a name="[76]"></a>IsIrqEnabled</STRONG> (Thumb, 16 bytes, Stack size 8 bytes, irq_rf.o(.text))
<BR><BR>[Stack]<UL><LI>Max Depth = 8<LI>Call Chain = IsIrqEnabled
</UL>
<BR>[Calls]<UL><LI><a href="#[70]">&gt;&gt;</a>&nbsp;&nbsp;&nbsp;GPIO_ReadInputData
</UL>
<BR>[Called By]<UL><LI><a href="#[78]">&gt;&gt;</a>&nbsp;&nbsp;&nbsp;ble_run
</UL>

<P><STRONG><a name="[e]"></a>EXTI0_1_IRQHandler</STRONG> (Thumb, 16 bytes, Stack size 8 bytes, irq_rf.o(.text))
<BR><BR>[Stack]<UL><LI>Max Depth = 200<LI>Call Chain = EXTI0_1_IRQHandler &rArr; ble_run &rArr; UsrProcCallback &rArr; CheckComPortInData &rArr; sconn_notifydata &rArr; ser_notify_handle &rArr; att_rsp &rArr; GenerateTxQueue &rArr; queue_push &rArr; create_node
</UL>
<BR>[Calls]<UL><LI><a href="#[77]">&gt;&gt;</a>&nbsp;&nbsp;&nbsp;EXTI_ClearITPendingBit
<LI><a href="#[78]">&gt;&gt;</a>&nbsp;&nbsp;&nbsp;ble_run
</UL>
<BR>[Address Reference Count : 1]<UL><LI> startup_mm32w0xx_q.o(RESET)
</UL>
<P><STRONG><a name="[14d]"></a>SetSysClock_HSI</STRONG> (Thumb, 172 bytes, Stack size 0 bytes, rcc.o(.text), UNUSED)

<P><STRONG><a name="[66]"></a>SysClk8to48</STRONG> (Thumb, 106 bytes, Stack size 0 bytes, rcc.o(.text))
<BR><BR>[Called By]<UL><LI><a href="#[c6]">&gt;&gt;</a>&nbsp;&nbsp;&nbsp;bb_advCalTimerIrq
<LI><a href="#[64]">&gt;&gt;</a>&nbsp;&nbsp;&nbsp;McuGotoSleepAndWakeup
</UL>

<P><STRONG><a name="[65]"></a>SysClk48to8</STRONG> (Thumb, 74 bytes, Stack size 8 bytes, rcc.o(.text))
<BR><BR>[Stack]<UL><LI>Max Depth = 16<LI>Call Chain = SysClk48to8 &rArr; NVIC_SetPriority
</UL>
<BR>[Calls]<UL><LI><a href="#[7a]">&gt;&gt;</a>&nbsp;&nbsp;&nbsp;RCC_GetSYSCLKSource
<LI><a href="#[79]">&gt;&gt;</a>&nbsp;&nbsp;&nbsp;RCC_SYSCLKConfig
<LI><a href="#[7b]">&gt;&gt;</a>&nbsp;&nbsp;&nbsp;NVIC_SetPriority
</UL>
<BR>[Called By]<UL><LI><a href="#[64]">&gt;&gt;</a>&nbsp;&nbsp;&nbsp;McuGotoSleepAndWakeup
<LI><a href="#[a8]">&gt;&gt;</a>&nbsp;&nbsp;&nbsp;StartBBTimerForRcCal
</UL>

<P><STRONG><a name="[88]"></a>getDeviceInfoData</STRONG> (Thumb, 10 bytes, Stack size 0 bytes, app.o(.text))
<BR><BR>[Called By]<UL><LI><a href="#[d2]">&gt;&gt;</a>&nbsp;&nbsp;&nbsp;update_adv_generic_para
<LI><a href="#[c5]">&gt;&gt;</a>&nbsp;&nbsp;&nbsp;att_server_rdByType
<LI><a href="#[87]">&gt;&gt;</a>&nbsp;&nbsp;&nbsp;server_rd_rsp
</UL>

<P><STRONG><a name="[7c]"></a>updateDeviceInfoData</STRONG> (Thumb, 34 bytes, Stack size 16 bytes, app.o(.text), UNUSED)
<BR><BR>[Calls]<UL><LI><a href="#[7f]">&gt;&gt;</a>&nbsp;&nbsp;&nbsp;ble_set_name
<LI><a href="#[7d]">&gt;&gt;</a>&nbsp;&nbsp;&nbsp;__aeabi_memclr
<LI><a href="#[7e]">&gt;&gt;</a>&nbsp;&nbsp;&nbsp;__aeabi_memcpy
</UL>

<P><STRONG><a name="[c3]"></a>GetCharListDim</STRONG> (Thumb, 4 bytes, Stack size 0 bytes, app.o(.text))
<BR><BR>[Called By]<UL><LI><a href="#[c5]">&gt;&gt;</a>&nbsp;&nbsp;&nbsp;att_server_rdByType
<LI><a href="#[c2]">&gt;&gt;</a>&nbsp;&nbsp;&nbsp;att_server_findIn
</UL>

<P><STRONG><a name="[80]"></a>att_server_rdByGrType</STRONG> (Thumb, 126 bytes, Stack size 32 bytes, app.o(.text))
<BR><BR>[Stack]<UL><LI>Max Depth = 136<LI>Call Chain = att_server_rdByGrType &rArr; att_server_rdByGrTypeRspPrimaryService &rArr; att_rsp &rArr; GenerateTxQueue &rArr; queue_push &rArr; create_node
</UL>
<BR>[Calls]<UL><LI><a href="#[81]">&gt;&gt;</a>&nbsp;&nbsp;&nbsp;att_server_rdByGrTypeRspPrimaryService
<LI><a href="#[82]">&gt;&gt;</a>&nbsp;&nbsp;&nbsp;att_notFd
</UL>
<BR>[Called By]<UL><LI><a href="#[ec]">&gt;&gt;</a>&nbsp;&nbsp;&nbsp;s_opcodeCheckOld
</UL>

<P><STRONG><a name="[83]"></a>ser_write_rsp</STRONG> (Thumb, 92 bytes, Stack size 24 bytes, app.o(.text))
<BR><BR>[Stack]<UL><LI>Max Depth = 112<LI>Call Chain = ser_write_rsp &rArr; att_notFd &rArr; att_ErrorFd_eCode &rArr; att_rsp &rArr; GenerateTxQueue &rArr; queue_push &rArr; create_node
</UL>
<BR>[Calls]<UL><LI><a href="#[85]">&gt;&gt;</a>&nbsp;&nbsp;&nbsp;moduleOutData
<LI><a href="#[48]">&gt;&gt;</a>&nbsp;&nbsp;&nbsp;ChangeBaudRate
<LI><a href="#[84]">&gt;&gt;</a>&nbsp;&nbsp;&nbsp;ser_write_rsp_pkt
<LI><a href="#[82]">&gt;&gt;</a>&nbsp;&nbsp;&nbsp;att_notFd
</UL>
<BR>[Called By]<UL><LI><a href="#[ec]">&gt;&gt;</a>&nbsp;&nbsp;&nbsp;s_opcodeCheckOld
</UL>

<P><STRONG><a name="[86]"></a>ser_prepare_write</STRONG> (Thumb, 24 bytes, Stack size 24 bytes, app.o(.text))
<BR><BR>[Stack]<UL><LI>Max Depth = 36<LI>Call Chain = ser_prepare_write &rArr; moduleOutData
</UL>
<BR>[Calls]<UL><LI><a href="#[85]">&gt;&gt;</a>&nbsp;&nbsp;&nbsp;moduleOutData
</UL>
<BR>[Called By]<UL><LI><a href="#[f1]">&gt;&gt;</a>&nbsp;&nbsp;&nbsp;ser_prepare_write_rsp
</UL>

<P><STRONG><a name="[fa]"></a>ser_execute_write</STRONG> (Thumb, 2 bytes, Stack size 0 bytes, app.o(.text))
<BR><BR>[Called By]<UL><LI><a href="#[f2]">&gt;&gt;</a>&nbsp;&nbsp;&nbsp;ser_execute_write_rsp
</UL>

<P><STRONG><a name="[87]"></a>server_rd_rsp</STRONG> (Thumb, 272 bytes, Stack size 40 bytes, app.o(.text))
<BR><BR>[Stack]<UL><LI>Max Depth = 144<LI>Call Chain = server_rd_rsp &rArr; att_server_rd &rArr; att_rsp &rArr; GenerateTxQueue &rArr; queue_push &rArr; create_node
</UL>
<BR>[Calls]<UL><LI><a href="#[8a]">&gt;&gt;</a>&nbsp;&nbsp;&nbsp;get_ble_version
<LI><a href="#[89]">&gt;&gt;</a>&nbsp;&nbsp;&nbsp;att_server_rd
<LI><a href="#[82]">&gt;&gt;</a>&nbsp;&nbsp;&nbsp;att_notFd
<LI><a href="#[8c]">&gt;&gt;</a>&nbsp;&nbsp;&nbsp;GetFirmwareInfo
<LI><a href="#[88]">&gt;&gt;</a>&nbsp;&nbsp;&nbsp;getDeviceInfoData
<LI><a href="#[8b]">&gt;&gt;</a>&nbsp;&nbsp;&nbsp;strlen
</UL>
<BR>[Called By]<UL><LI><a href="#[ec]">&gt;&gt;</a>&nbsp;&nbsp;&nbsp;s_opcodeCheckOld
</UL>

<P><STRONG><a name="[8d]"></a>server_blob_rd_rsp</STRONG> (Thumb, 22 bytes, Stack size 24 bytes, app.o(.text))
<BR><BR>[Stack]<UL><LI>Max Depth = 112<LI>Call Chain = server_blob_rd_rsp &rArr; att_notFd &rArr; att_ErrorFd_eCode &rArr; att_rsp &rArr; GenerateTxQueue &rArr; queue_push &rArr; create_node
</UL>
<BR>[Calls]<UL><LI><a href="#[82]">&gt;&gt;</a>&nbsp;&nbsp;&nbsp;att_notFd
</UL>
<BR>[Called By]<UL><LI><a href="#[ec]">&gt;&gt;</a>&nbsp;&nbsp;&nbsp;s_opcodeCheckOld
</UL>

<P><STRONG><a name="[c1]"></a>GetPrimaryServiceHandle</STRONG> (Thumb, 32 bytes, Stack size 12 bytes, app.o(.text))
<BR><BR>[Stack]<UL><LI>Max Depth = 12<LI>Call Chain = GetPrimaryServiceHandle
</UL>
<BR>[Called By]<UL><LI><a href="#[c0]">&gt;&gt;</a>&nbsp;&nbsp;&nbsp;att_server_findByType
</UL>

<P><STRONG><a name="[ed]"></a>gatt_user_send_notify_data_callback</STRONG> (Thumb, 2 bytes, Stack size 0 bytes, app.o(.text))
<BR><BR>[Called By]<UL><LI><a href="#[ec]">&gt;&gt;</a>&nbsp;&nbsp;&nbsp;s_opcodeCheckOld
</UL>

<P><STRONG><a name="[14e]"></a>getsoftwareversion</STRONG> (Thumb, 4 bytes, Stack size 0 bytes, app.o(.text), UNUSED)

<P><STRONG><a name="[6c]"></a>GetConnectedStatus</STRONG> (Thumb, 6 bytes, Stack size 0 bytes, app.o(.text))
<BR><BR>[Called By]<UL><LI><a href="#[6b]">&gt;&gt;</a>&nbsp;&nbsp;&nbsp;CheckComPortInData
</UL>

<P><STRONG><a name="[f8]"></a>ConnectStausUpdate</STRONG> (Thumb, 14 bytes, Stack size 0 bytes, app.o(.text))
<BR><BR>[Called By]<UL><LI><a href="#[c9]">&gt;&gt;</a>&nbsp;&nbsp;&nbsp;test_adv_generic
<LI><a href="#[30]">&gt;&gt;</a>&nbsp;&nbsp;&nbsp;sconn_onSleep
</UL>

<P><STRONG><a name="[14f]"></a>__aeabi_uidiv</STRONG> (Thumb, 0 bytes, Stack size 12 bytes, uidiv.o(.text), UNUSED)

<P><STRONG><a name="[4a]"></a>__aeabi_uidivmod</STRONG> (Thumb, 44 bytes, Stack size 12 bytes, uidiv.o(.text))
<BR><BR>[Stack]<UL><LI>Max Depth = 12<LI>Call Chain = __aeabi_uidivmod
</UL>
<BR>[Called By]<UL><LI><a href="#[54]">&gt;&gt;</a>&nbsp;&nbsp;&nbsp;I2C_Init
<LI><a href="#[43]">&gt;&gt;</a>&nbsp;&nbsp;&nbsp;UART_Init
<LI><a href="#[20]">&gt;&gt;</a>&nbsp;&nbsp;&nbsp;UART2_IRQHandler
<LI><a href="#[48]">&gt;&gt;</a>&nbsp;&nbsp;&nbsp;ChangeBaudRate
<LI><a href="#[6f]">&gt;&gt;</a>&nbsp;&nbsp;&nbsp;UsrProcCallback
<LI><a href="#[30]">&gt;&gt;</a>&nbsp;&nbsp;&nbsp;sconn_onSleep
<LI><a href="#[9b]">&gt;&gt;</a>&nbsp;&nbsp;&nbsp;DoRcConvert_LF_AMPLE
<LI><a href="#[9a]">&gt;&gt;</a>&nbsp;&nbsp;&nbsp;DoRcConvert_HF_LF_COEF
<LI><a href="#[6e]">&gt;&gt;</a>&nbsp;&nbsp;&nbsp;__aeabi_idivmod
</UL>

<P><STRONG><a name="[150]"></a>__aeabi_idiv</STRONG> (Thumb, 0 bytes, Stack size 16 bytes, idiv.o(.text), UNUSED)

<P><STRONG><a name="[6e]"></a>__aeabi_idivmod</STRONG> (Thumb, 40 bytes, Stack size 16 bytes, idiv.o(.text))
<BR><BR>[Stack]<UL><LI>Max Depth = 28<LI>Call Chain = __aeabi_idivmod &rArr; __aeabi_uidivmod
</UL>
<BR>[Calls]<UL><LI><a href="#[4a]">&gt;&gt;</a>&nbsp;&nbsp;&nbsp;__aeabi_uidivmod
</UL>
<BR>[Called By]<UL><LI><a href="#[6b]">&gt;&gt;</a>&nbsp;&nbsp;&nbsp;CheckComPortInData
</UL>

<P><STRONG><a name="[7e]"></a>__aeabi_memcpy</STRONG> (Thumb, 36 bytes, Stack size 0 bytes, memcpya.o(.text))
<BR><BR>[Called By]<UL><LI><a href="#[9c]">&gt;&gt;</a>&nbsp;&nbsp;&nbsp;GenerateTxQueue
<LI><a href="#[c5]">&gt;&gt;</a>&nbsp;&nbsp;&nbsp;att_server_rdByType
<LI><a href="#[7c]">&gt;&gt;</a>&nbsp;&nbsp;&nbsp;updateDeviceInfoData
<LI><a href="#[bc]">&gt;&gt;</a>&nbsp;&nbsp;&nbsp;apply_connPara
<LI><a href="#[97]">&gt;&gt;</a>&nbsp;&nbsp;&nbsp;ConnUpdate
<LI><a href="#[f0]">&gt;&gt;</a>&nbsp;&nbsp;&nbsp;sconnUpChm
<LI><a href="#[ec]">&gt;&gt;</a>&nbsp;&nbsp;&nbsp;s_opcodeCheckOld
<LI><a href="#[de]">&gt;&gt;</a>&nbsp;&nbsp;&nbsp;readQueue
<LI><a href="#[d3]">&gt;&gt;</a>&nbsp;&nbsp;&nbsp;create_node
<LI><a href="#[f3]">&gt;&gt;</a>&nbsp;&nbsp;&nbsp;savetxbuf
</UL>

<P><STRONG><a name="[e4]"></a>__aeabi_memcpy4</STRONG> (Thumb, 0 bytes, Stack size 0 bytes, memcpya.o(.text))
<BR><BR>[Called By]<UL><LI><a href="#[e3]">&gt;&gt;</a>&nbsp;&nbsp;&nbsp;s_llConnParaRsp
</UL>

<P><STRONG><a name="[151]"></a>__aeabi_memcpy8</STRONG> (Thumb, 0 bytes, Stack size 0 bytes, memcpya.o(.text), UNUSED)

<P><STRONG><a name="[8e]"></a>__aeabi_memset</STRONG> (Thumb, 14 bytes, Stack size 0 bytes, memseta.o(.text), UNUSED)
<BR><BR>[Called By]<UL><LI><a href="#[8f]">&gt;&gt;</a>&nbsp;&nbsp;&nbsp;_memset$wrapper
<LI><a href="#[7d]">&gt;&gt;</a>&nbsp;&nbsp;&nbsp;__aeabi_memclr
</UL>

<P><STRONG><a name="[152]"></a>__aeabi_memset4</STRONG> (Thumb, 0 bytes, Stack size 0 bytes, memseta.o(.text), UNUSED)

<P><STRONG><a name="[153]"></a>__aeabi_memset8</STRONG> (Thumb, 0 bytes, Stack size 0 bytes, memseta.o(.text), UNUSED)

<P><STRONG><a name="[7d]"></a>__aeabi_memclr</STRONG> (Thumb, 4 bytes, Stack size 0 bytes, memseta.o(.text), UNUSED)
<BR><BR>[Calls]<UL><LI><a href="#[8e]">&gt;&gt;</a>&nbsp;&nbsp;&nbsp;__aeabi_memset
</UL>
<BR>[Called By]<UL><LI><a href="#[7c]">&gt;&gt;</a>&nbsp;&nbsp;&nbsp;updateDeviceInfoData
</UL>

<P><STRONG><a name="[c4]"></a>__aeabi_memclr4</STRONG> (Thumb, 0 bytes, Stack size 0 bytes, memseta.o(.text))
<BR><BR>[Called By]<UL><LI><a href="#[f5]">&gt;&gt;</a>&nbsp;&nbsp;&nbsp;ser_notify_handle
<LI><a href="#[89]">&gt;&gt;</a>&nbsp;&nbsp;&nbsp;att_server_rd
</UL>

<P><STRONG><a name="[154]"></a>__aeabi_memclr8</STRONG> (Thumb, 0 bytes, Stack size 0 bytes, memseta.o(.text), UNUSED)

<P><STRONG><a name="[8f]"></a>_memset$wrapper</STRONG> (Thumb, 18 bytes, Stack size 8 bytes, memseta.o(.text), UNUSED)
<BR><BR>[Calls]<UL><LI><a href="#[8e]">&gt;&gt;</a>&nbsp;&nbsp;&nbsp;__aeabi_memset
</UL>

<P><STRONG><a name="[8b]"></a>strlen</STRONG> (Thumb, 14 bytes, Stack size 0 bytes, strlen.o(.text))
<BR><BR>[Called By]<UL><LI><a href="#[87]">&gt;&gt;</a>&nbsp;&nbsp;&nbsp;server_rd_rsp
</UL>

<P><STRONG><a name="[b2]"></a>memcmp</STRONG> (Thumb, 26 bytes, Stack size 12 bytes, memcmp.o(.text))
<BR><BR>[Stack]<UL><LI>Max Depth = 12<LI>Call Chain = memcmp
</UL>
<BR>[Called By]<UL><LI><a href="#[28]">&gt;&gt;</a>&nbsp;&nbsp;&nbsp;adv_generic_onRxPDU
</UL>

<P><STRONG><a name="[90]"></a>__aeabi_uldivmod</STRONG> (Thumb, 96 bytes, Stack size 48 bytes, uldiv.o(.text), UNUSED)
<BR><BR>[Calls]<UL><LI><a href="#[91]">&gt;&gt;</a>&nbsp;&nbsp;&nbsp;__aeabi_llsr
<LI><a href="#[92]">&gt;&gt;</a>&nbsp;&nbsp;&nbsp;__aeabi_llsl
</UL>
<BR>[Called By]<UL><LI><a href="#[aa]">&gt;&gt;</a>&nbsp;&nbsp;&nbsp;_printf_core
</UL>

<P><STRONG><a name="[32]"></a>__scatterload</STRONG> (Thumb, 28 bytes, Stack size 0 bytes, init.o(.text))
<BR><BR>[Calls]<UL><LI><a href="#[93]">&gt;&gt;</a>&nbsp;&nbsp;&nbsp;__main_after_scatterload
</UL>
<BR>[Called By]<UL><LI><a href="#[31]">&gt;&gt;</a>&nbsp;&nbsp;&nbsp;_main_scatterload
</UL>

<P><STRONG><a name="[155]"></a>__scatterload_rt2</STRONG> (Thumb, 0 bytes, Stack size 0 bytes, init.o(.text), UNUSED)

<P><STRONG><a name="[92]"></a>__aeabi_llsl</STRONG> (Thumb, 32 bytes, Stack size 8 bytes, llshl.o(.text), UNUSED)
<BR><BR>[Called By]<UL><LI><a href="#[90]">&gt;&gt;</a>&nbsp;&nbsp;&nbsp;__aeabi_uldivmod
</UL>

<P><STRONG><a name="[156]"></a>_ll_shift_l</STRONG> (Thumb, 0 bytes, Stack size 8 bytes, llshl.o(.text), UNUSED)

<P><STRONG><a name="[91]"></a>__aeabi_llsr</STRONG> (Thumb, 34 bytes, Stack size 8 bytes, llushr.o(.text), UNUSED)
<BR><BR>[Called By]<UL><LI><a href="#[90]">&gt;&gt;</a>&nbsp;&nbsp;&nbsp;__aeabi_uldivmod
</UL>

<P><STRONG><a name="[157]"></a>_ll_ushift_r</STRONG> (Thumb, 0 bytes, Stack size 8 bytes, llushr.o(.text), UNUSED)

<P><STRONG><a name="[158]"></a>__decompress</STRONG> (Thumb, 0 bytes, Stack size unknown bytes, __dczerorl.o(.text), UNUSED)

<P><STRONG><a name="[159]"></a>__decompress0</STRONG> (Thumb, 58 bytes, Stack size unknown bytes, __dczerorl.o(.text), UNUSED)

<P><STRONG><a name="[96]"></a>CheckMcuTimerForRcCal</STRONG> (Thumb, 42 bytes, Stack size 8 bytes, fsm_adv_generic.o(i.CheckMcuTimerForRcCal))
<BR><BR>[Stack]<UL><LI>Max Depth = 8<LI>Call Chain = CheckMcuTimerForRcCal
</UL>
<BR>[Calls]<UL><LI><a href="#[95]">&gt;&gt;</a>&nbsp;&nbsp;&nbsp;GetSysTickCount
</UL>
<BR>[Called By]<UL><LI><a href="#[4f]">&gt;&gt;</a>&nbsp;&nbsp;&nbsp;ble_nMsRoutine
<LI><a href="#[78]">&gt;&gt;</a>&nbsp;&nbsp;&nbsp;ble_run
</UL>

<P><STRONG><a name="[9a]"></a>DoRcConvert_HF_LF_COEF</STRONG> (Thumb, 16 bytes, Stack size 8 bytes, fsm_adv_generic.o(i.DoRcConvert_HF_LF_COEF))
<BR><BR>[Stack]<UL><LI>Max Depth = 20<LI>Call Chain = DoRcConvert_HF_LF_COEF &rArr; __aeabi_uidivmod
</UL>
<BR>[Calls]<UL><LI><a href="#[4a]">&gt;&gt;</a>&nbsp;&nbsp;&nbsp;__aeabi_uidivmod
</UL>
<BR>[Called By]<UL><LI><a href="#[30]">&gt;&gt;</a>&nbsp;&nbsp;&nbsp;sconn_onSleep
</UL>

<P><STRONG><a name="[9b]"></a>DoRcConvert_LF_AMPLE</STRONG> (Thumb, 38 bytes, Stack size 8 bytes, fsm_adv_generic.o(i.DoRcConvert_LF_AMPLE))
<BR><BR>[Stack]<UL><LI>Max Depth = 20<LI>Call Chain = DoRcConvert_LF_AMPLE &rArr; __aeabi_uidivmod
</UL>
<BR>[Calls]<UL><LI><a href="#[4a]">&gt;&gt;</a>&nbsp;&nbsp;&nbsp;__aeabi_uidivmod
</UL>
<BR>[Called By]<UL><LI><a href="#[30]">&gt;&gt;</a>&nbsp;&nbsp;&nbsp;sconn_onSleep
<LI><a href="#[98]">&gt;&gt;</a>&nbsp;&nbsp;&nbsp;applyConnUpdate
<LI><a href="#[2a]">&gt;&gt;</a>&nbsp;&nbsp;&nbsp;adv_generic_onSleep
</UL>

<P><STRONG><a name="[9c]"></a>GenerateTxQueue</STRONG> (Thumb, 48 bytes, Stack size 16 bytes, slave_dispatch.o(i.GenerateTxQueue))
<BR><BR>[Stack]<UL><LI>Max Depth = 40<LI>Call Chain = GenerateTxQueue &rArr; queue_push &rArr; create_node
</UL>
<BR>[Calls]<UL><LI><a href="#[9d]">&gt;&gt;</a>&nbsp;&nbsp;&nbsp;queue_push
<LI><a href="#[7e]">&gt;&gt;</a>&nbsp;&nbsp;&nbsp;__aeabi_memcpy
</UL>
<BR>[Called By]<UL><LI><a href="#[be]">&gt;&gt;</a>&nbsp;&nbsp;&nbsp;att_rsp
<LI><a href="#[a7]">&gt;&gt;</a>&nbsp;&nbsp;&nbsp;SIG_CommandRej
<LI><a href="#[ea]">&gt;&gt;</a>&nbsp;&nbsp;&nbsp;s_llVersion
<LI><a href="#[e9]">&gt;&gt;</a>&nbsp;&nbsp;&nbsp;s_llUnknownRsp
<LI><a href="#[e7]">&gt;&gt;</a>&nbsp;&nbsp;&nbsp;s_llSmPair
<LI><a href="#[e6]">&gt;&gt;</a>&nbsp;&nbsp;&nbsp;s_llFea
<LI><a href="#[e5]">&gt;&gt;</a>&nbsp;&nbsp;&nbsp;s_llEnc
<LI><a href="#[e3]">&gt;&gt;</a>&nbsp;&nbsp;&nbsp;s_llConnParaRsp
</UL>

<P><STRONG><a name="[cd]"></a>GetAdvCh</STRONG> (Thumb, 6 bytes, Stack size 0 bytes, fsm_adv_generic.o(i.GetAdvCh))
<BR><BR>[Called By]<UL><LI><a href="#[78]">&gt;&gt;</a>&nbsp;&nbsp;&nbsp;ble_run
</UL>

<P><STRONG><a name="[ca]"></a>GetAdvEnable</STRONG> (Thumb, 6 bytes, Stack size 0 bytes, fsm_adv_generic.o(i.GetAdvEnable))
<BR><BR>[Called By]<UL><LI><a href="#[78]">&gt;&gt;</a>&nbsp;&nbsp;&nbsp;ble_run
<LI><a href="#[30]">&gt;&gt;</a>&nbsp;&nbsp;&nbsp;sconn_onSleep
</UL>

<P><STRONG><a name="[8c]"></a>GetFirmwareInfo</STRONG> (Thumb, 32 bytes, Stack size 0 bytes, att.o(i.GetFirmwareInfo))
<BR><BR>[Called By]<UL><LI><a href="#[87]">&gt;&gt;</a>&nbsp;&nbsp;&nbsp;server_rd_rsp
</UL>

<P><STRONG><a name="[9e]"></a>IsSwTimeOut</STRONG> (Thumb, 32 bytes, Stack size 8 bytes, hwtest.o(i.IsSwTimeOut))
<BR><BR>[Stack]<UL><LI>Max Depth = 8<LI>Call Chain = IsSwTimeOut
</UL>
<BR>[Calls]<UL><LI><a href="#[95]">&gt;&gt;</a>&nbsp;&nbsp;&nbsp;GetSysTickCount
</UL>
<BR>[Called By]<UL><LI><a href="#[2c]">&gt;&gt;</a>&nbsp;&nbsp;&nbsp;sconn_onWakeup
</UL>

<P><STRONG><a name="[9f]"></a>ReSConnect</STRONG> (Thumb, 98 bytes, Stack size 8 bytes, fsm_sconn.o(i.ReSConnect))
<BR><BR>[Stack]<UL><LI>Max Depth = 56<LI>Call Chain = ReSConnect &rArr; radio_setCrcInit &rArr; mg_writeBuf &rArr; SPI_CS_Disable_
</UL>
<BR>[Calls]<UL><LI><a href="#[3c]">&gt;&gt;</a>&nbsp;&nbsp;&nbsp;mg_activate
<LI><a href="#[a0]">&gt;&gt;</a>&nbsp;&nbsp;&nbsp;SetSwTimer
<LI><a href="#[a1]">&gt;&gt;</a>&nbsp;&nbsp;&nbsp;radio_setCrcInit
<LI><a href="#[a2]">&gt;&gt;</a>&nbsp;&nbsp;&nbsp;radio_setAccessCode
<LI><a href="#[a3]">&gt;&gt;</a>&nbsp;&nbsp;&nbsp;radio_setWakeupTime
<LI><a href="#[a4]">&gt;&gt;</a>&nbsp;&nbsp;&nbsp;radio_setTimeout
<LI><a href="#[a5]">&gt;&gt;</a>&nbsp;&nbsp;&nbsp;radio_setChannel
<LI><a href="#[a6]">&gt;&gt;</a>&nbsp;&nbsp;&nbsp;mg_writeReg
</UL>
<BR>[Called By]<UL><LI><a href="#[30]">&gt;&gt;</a>&nbsp;&nbsp;&nbsp;sconn_onSleep
</UL>

<P><STRONG><a name="[a7]"></a>SIG_CommandRej</STRONG> (Thumb, 52 bytes, Stack size 24 bytes, l2cap.o(i.SIG_CommandRej))
<BR><BR>[Stack]<UL><LI>Max Depth = 64<LI>Call Chain = SIG_CommandRej &rArr; GenerateTxQueue &rArr; queue_push &rArr; create_node
</UL>
<BR>[Calls]<UL><LI><a href="#[9c]">&gt;&gt;</a>&nbsp;&nbsp;&nbsp;GenerateTxQueue
</UL>
<BR>[Called By]<UL><LI><a href="#[ec]">&gt;&gt;</a>&nbsp;&nbsp;&nbsp;s_opcodeCheckOld
</UL>

<P><STRONG><a name="[f6]"></a>SaveCurrentHdr</STRONG> (Thumb, 6 bytes, Stack size 0 bytes, slave_dispatch.o(i.SaveCurrentHdr))
<BR><BR>[Called By]<UL><LI><a href="#[2e]">&gt;&gt;</a>&nbsp;&nbsp;&nbsp;sconn_onRxPDU
</UL>

<P><STRONG><a name="[39]"></a>SetBleIntRunningMode</STRONG> (Thumb, 8 bytes, Stack size 0 bytes, hwtest.o(i.SetBleIntRunningMode))
<BR><BR>[Called By]<UL><LI><a href="#[21]">&gt;&gt;</a>&nbsp;&nbsp;&nbsp;main
</UL>

<P><STRONG><a name="[b6]"></a>SetMcuSleepFlag</STRONG> (Thumb, 10 bytes, Stack size 0 bytes, hwtest.o(i.SetMcuSleepFlag))
<BR><BR>[Called By]<UL><LI><a href="#[30]">&gt;&gt;</a>&nbsp;&nbsp;&nbsp;sconn_onSleep
<LI><a href="#[2a]">&gt;&gt;</a>&nbsp;&nbsp;&nbsp;adv_generic_onSleep
</UL>

<P><STRONG><a name="[a0]"></a>SetSwTimer</STRONG> (Thumb, 20 bytes, Stack size 16 bytes, hwtest.o(i.SetSwTimer))
<BR><BR>[Stack]<UL><LI>Max Depth = 16<LI>Call Chain = SetSwTimer
</UL>
<BR>[Calls]<UL><LI><a href="#[95]">&gt;&gt;</a>&nbsp;&nbsp;&nbsp;GetSysTickCount
</UL>
<BR>[Called By]<UL><LI><a href="#[9f]">&gt;&gt;</a>&nbsp;&nbsp;&nbsp;ReSConnect
<LI><a href="#[2e]">&gt;&gt;</a>&nbsp;&nbsp;&nbsp;sconn_onRxPDU
<LI><a href="#[bb]">&gt;&gt;</a>&nbsp;&nbsp;&nbsp;sconn_ReSetLLSupvTimer
<LI><a href="#[b3]">&gt;&gt;</a>&nbsp;&nbsp;&nbsp;bb_sconnStart
</UL>

<P><STRONG><a name="[a8]"></a>StartBBTimerForRcCal</STRONG> (Thumb, 22 bytes, Stack size 8 bytes, fsm_adv_generic.o(i.StartBBTimerForRcCal))
<BR><BR>[Stack]<UL><LI>Max Depth = 24<LI>Call Chain = StartBBTimerForRcCal &rArr; SysClk48to8 &rArr; NVIC_SetPriority
</UL>
<BR>[Calls]<UL><LI><a href="#[95]">&gt;&gt;</a>&nbsp;&nbsp;&nbsp;GetSysTickCount
<LI><a href="#[65]">&gt;&gt;</a>&nbsp;&nbsp;&nbsp;SysClk48to8
</UL>
<BR>[Called By]<UL><LI><a href="#[27]">&gt;&gt;</a>&nbsp;&nbsp;&nbsp;adv_generic_onRxAA
</UL>

<P><STRONG><a name="[d6]"></a>Tx_len</STRONG> (Thumb, 14 bytes, Stack size 0 bytes, fsm_base.o(i.Tx_len))
<BR><BR>[Called By]<UL><LI><a href="#[eb]">&gt;&gt;</a>&nbsp;&nbsp;&nbsp;txRsp
<LI><a href="#[d4]">&gt;&gt;</a>&nbsp;&nbsp;&nbsp;empty_pk
</UL>

<P><STRONG><a name="[a9]"></a>__0printf$8</STRONG> (Thumb, 24 bytes, Stack size 24 bytes, printf8.o(i.__0printf$8), UNUSED)
<BR><BR>[Calls]<UL><LI><a href="#[aa]">&gt;&gt;</a>&nbsp;&nbsp;&nbsp;_printf_core
</UL>

<P><STRONG><a name="[15a]"></a>__1printf$8</STRONG> (Thumb, 0 bytes, Stack size 24 bytes, printf8.o(i.__0printf$8), UNUSED)

<P><STRONG><a name="[3b]"></a>__2printf</STRONG> (Thumb, 0 bytes, Stack size 24 bytes, printf8.o(i.__0printf$8))
<BR><BR>[Stack]<UL><LI>Max Depth = 24<LI>Call Chain = __2printf
</UL>
<BR>[Called By]<UL><LI><a href="#[21]">&gt;&gt;</a>&nbsp;&nbsp;&nbsp;main
</UL>

<P><STRONG><a name="[da]"></a>__ARM_common_switch8</STRONG> (Thumb, 26 bytes, Stack size 8 bytes, mg_driver.o(i.__ARM_common_switch8))
<BR><BR>[Stack]<UL><LI>Max Depth = 8<LI>Call Chain = __ARM_common_switch8
</UL>
<BR>[Called By]<UL><LI><a href="#[d0]">&gt;&gt;</a>&nbsp;&nbsp;&nbsp;radio_getPdu
<LI><a href="#[ec]">&gt;&gt;</a>&nbsp;&nbsp;&nbsp;s_opcodeCheckOld
</UL>

<P><STRONG><a name="[15b]"></a>__scatterload_copy</STRONG> (Thumb, 14 bytes, Stack size unknown bytes, handlers.o(i.__scatterload_copy), UNUSED)

<P><STRONG><a name="[15c]"></a>__scatterload_null</STRONG> (Thumb, 2 bytes, Stack size unknown bytes, handlers.o(i.__scatterload_null), UNUSED)

<P><STRONG><a name="[15d]"></a>__scatterload_zeroinit</STRONG> (Thumb, 14 bytes, Stack size unknown bytes, handlers.o(i.__scatterload_zeroinit), UNUSED)

<P><STRONG><a name="[bd]"></a>att_ErrorFd_eCode</STRONG> (Thumb, 44 bytes, Stack size 32 bytes, att.o(i.att_ErrorFd_eCode))
<BR><BR>[Stack]<UL><LI>Max Depth = 80<LI>Call Chain = att_ErrorFd_eCode &rArr; att_rsp &rArr; GenerateTxQueue &rArr; queue_push &rArr; create_node
</UL>
<BR>[Calls]<UL><LI><a href="#[be]">&gt;&gt;</a>&nbsp;&nbsp;&nbsp;att_rsp
</UL>
<BR>[Called By]<UL><LI><a href="#[82]">&gt;&gt;</a>&nbsp;&nbsp;&nbsp;att_notFd
<LI><a href="#[ec]">&gt;&gt;</a>&nbsp;&nbsp;&nbsp;s_opcodeCheckOld
</UL>

<P><STRONG><a name="[bf]"></a>att_exMtuReq</STRONG> (Thumb, 30 bytes, Stack size 16 bytes, att.o(i.att_exMtuReq))
<BR><BR>[Stack]<UL><LI>Max Depth = 64<LI>Call Chain = att_exMtuReq &rArr; att_rsp &rArr; GenerateTxQueue &rArr; queue_push &rArr; create_node
</UL>
<BR>[Calls]<UL><LI><a href="#[be]">&gt;&gt;</a>&nbsp;&nbsp;&nbsp;att_rsp
</UL>
<BR>[Called By]<UL><LI><a href="#[ec]">&gt;&gt;</a>&nbsp;&nbsp;&nbsp;s_opcodeCheckOld
</UL>

<P><STRONG><a name="[82]"></a>att_notFd</STRONG> (Thumb, 10 bytes, Stack size 8 bytes, att.o(i.att_notFd))
<BR><BR>[Stack]<UL><LI>Max Depth = 88<LI>Call Chain = att_notFd &rArr; att_ErrorFd_eCode &rArr; att_rsp &rArr; GenerateTxQueue &rArr; queue_push &rArr; create_node
</UL>
<BR>[Calls]<UL><LI><a href="#[bd]">&gt;&gt;</a>&nbsp;&nbsp;&nbsp;att_ErrorFd_eCode
</UL>
<BR>[Called By]<UL><LI><a href="#[c5]">&gt;&gt;</a>&nbsp;&nbsp;&nbsp;att_server_rdByType
<LI><a href="#[c2]">&gt;&gt;</a>&nbsp;&nbsp;&nbsp;att_server_findIn
<LI><a href="#[c0]">&gt;&gt;</a>&nbsp;&nbsp;&nbsp;att_server_findByType
<LI><a href="#[8d]">&gt;&gt;</a>&nbsp;&nbsp;&nbsp;server_blob_rd_rsp
<LI><a href="#[87]">&gt;&gt;</a>&nbsp;&nbsp;&nbsp;server_rd_rsp
<LI><a href="#[83]">&gt;&gt;</a>&nbsp;&nbsp;&nbsp;ser_write_rsp
<LI><a href="#[80]">&gt;&gt;</a>&nbsp;&nbsp;&nbsp;att_server_rdByGrType
</UL>

<P><STRONG><a name="[c0]"></a>att_server_findByType</STRONG> (Thumb, 110 bytes, Stack size 64 bytes, att.o(i.att_server_findByType))
<BR><BR>[Stack]<UL><LI>Max Depth = 152<LI>Call Chain = att_server_findByType &rArr; att_notFd &rArr; att_ErrorFd_eCode &rArr; att_rsp &rArr; GenerateTxQueue &rArr; queue_push &rArr; create_node
</UL>
<BR>[Calls]<UL><LI><a href="#[be]">&gt;&gt;</a>&nbsp;&nbsp;&nbsp;att_rsp
<LI><a href="#[82]">&gt;&gt;</a>&nbsp;&nbsp;&nbsp;att_notFd
<LI><a href="#[c1]">&gt;&gt;</a>&nbsp;&nbsp;&nbsp;GetPrimaryServiceHandle
</UL>
<BR>[Called By]<UL><LI><a href="#[ec]">&gt;&gt;</a>&nbsp;&nbsp;&nbsp;s_opcodeCheckOld
</UL>

<P><STRONG><a name="[c2]"></a>att_server_findIn</STRONG> (Thumb, 126 bytes, Stack size 64 bytes, att.o(i.att_server_findIn))
<BR><BR>[Stack]<UL><LI>Max Depth = 152<LI>Call Chain = att_server_findIn &rArr; att_notFd &rArr; att_ErrorFd_eCode &rArr; att_rsp &rArr; GenerateTxQueue &rArr; queue_push &rArr; create_node
</UL>
<BR>[Calls]<UL><LI><a href="#[be]">&gt;&gt;</a>&nbsp;&nbsp;&nbsp;att_rsp
<LI><a href="#[82]">&gt;&gt;</a>&nbsp;&nbsp;&nbsp;att_notFd
<LI><a href="#[c3]">&gt;&gt;</a>&nbsp;&nbsp;&nbsp;GetCharListDim
</UL>
<BR>[Called By]<UL><LI><a href="#[ec]">&gt;&gt;</a>&nbsp;&nbsp;&nbsp;s_opcodeCheckOld
</UL>

<P><STRONG><a name="[89]"></a>att_server_rd</STRONG> (Thumb, 80 bytes, Stack size 56 bytes, att.o(i.att_server_rd))
<BR><BR>[Stack]<UL><LI>Max Depth = 104<LI>Call Chain = att_server_rd &rArr; att_rsp &rArr; GenerateTxQueue &rArr; queue_push &rArr; create_node
</UL>
<BR>[Calls]<UL><LI><a href="#[be]">&gt;&gt;</a>&nbsp;&nbsp;&nbsp;att_rsp
<LI><a href="#[c4]">&gt;&gt;</a>&nbsp;&nbsp;&nbsp;__aeabi_memclr4
</UL>
<BR>[Called By]<UL><LI><a href="#[87]">&gt;&gt;</a>&nbsp;&nbsp;&nbsp;server_rd_rsp
</UL>

<P><STRONG><a name="[81]"></a>att_server_rdByGrTypeRspPrimaryService</STRONG> (Thumb, 90 bytes, Stack size 56 bytes, att.o(i.att_server_rdByGrTypeRspPrimaryService))
<BR><BR>[Stack]<UL><LI>Max Depth = 104<LI>Call Chain = att_server_rdByGrTypeRspPrimaryService &rArr; att_rsp &rArr; GenerateTxQueue &rArr; queue_push &rArr; create_node
</UL>
<BR>[Calls]<UL><LI><a href="#[be]">&gt;&gt;</a>&nbsp;&nbsp;&nbsp;att_rsp
</UL>
<BR>[Called By]<UL><LI><a href="#[80]">&gt;&gt;</a>&nbsp;&nbsp;&nbsp;att_server_rdByGrType
</UL>

<P><STRONG><a name="[c5]"></a>att_server_rdByType</STRONG> (Thumb, 478 bytes, Stack size 72 bytes, att.o(i.att_server_rdByType))
<BR><BR>[Stack]<UL><LI>Max Depth = 160<LI>Call Chain = att_server_rdByType &rArr; att_notFd &rArr; att_ErrorFd_eCode &rArr; att_rsp &rArr; GenerateTxQueue &rArr; queue_push &rArr; create_node
</UL>
<BR>[Calls]<UL><LI><a href="#[be]">&gt;&gt;</a>&nbsp;&nbsp;&nbsp;att_rsp
<LI><a href="#[82]">&gt;&gt;</a>&nbsp;&nbsp;&nbsp;att_notFd
<LI><a href="#[c3]">&gt;&gt;</a>&nbsp;&nbsp;&nbsp;GetCharListDim
<LI><a href="#[88]">&gt;&gt;</a>&nbsp;&nbsp;&nbsp;getDeviceInfoData
<LI><a href="#[7e]">&gt;&gt;</a>&nbsp;&nbsp;&nbsp;__aeabi_memcpy
</UL>
<BR>[Called By]<UL><LI><a href="#[ec]">&gt;&gt;</a>&nbsp;&nbsp;&nbsp;s_opcodeCheckOld
</UL>

<P><STRONG><a name="[b5]"></a>bb_DoRcCal</STRONG> (Thumb, 40 bytes, Stack size 0 bytes, fsm_adv_generic.o(i.bb_DoRcCal))
<BR><BR>[Called By]<UL><LI><a href="#[2a]">&gt;&gt;</a>&nbsp;&nbsp;&nbsp;adv_generic_onSleep
</UL>

<P><STRONG><a name="[c6]"></a>bb_advCalTimerIrq</STRONG> (Thumb, 12 bytes, Stack size 8 bytes, fsm_adv_generic.o(i.bb_advCalTimerIrq))
<BR><BR>[Stack]<UL><LI>Max Depth = 56<LI>Call Chain = bb_advCalTimerIrq &rArr; radio_sleep &rArr; mg_writeBuf &rArr; SPI_CS_Disable_
</UL>
<BR>[Calls]<UL><LI><a href="#[ae]">&gt;&gt;</a>&nbsp;&nbsp;&nbsp;radio_sleep
<LI><a href="#[66]">&gt;&gt;</a>&nbsp;&nbsp;&nbsp;SysClk8to48
</UL>
<BR>[Called By]<UL><LI><a href="#[4f]">&gt;&gt;</a>&nbsp;&nbsp;&nbsp;ble_nMsRoutine
<LI><a href="#[78]">&gt;&gt;</a>&nbsp;&nbsp;&nbsp;ble_run
</UL>

<P><STRONG><a name="[fc]"></a>bb_advGenericSetup</STRONG> (Thumb, 38 bytes, Stack size 32 bytes, fsm_adv_generic.o(i.bb_advGenericSetup))
<BR><BR>[Stack]<UL><LI>Max Depth = 32<LI>Call Chain = bb_advGenericSetup
</UL>
<BR>[Called By]<UL><LI><a href="#[d2]">&gt;&gt;</a>&nbsp;&nbsp;&nbsp;update_adv_generic_para
</UL>

<P><STRONG><a name="[fb]"></a>bb_advGenericStart</STRONG> (Thumb, 10 bytes, Stack size 0 bytes, fsm_adv_generic.o(i.bb_advGenericStart))
<BR><BR>[Called By]<UL><LI><a href="#[c9]">&gt;&gt;</a>&nbsp;&nbsp;&nbsp;test_adv_generic
</UL>

<P><STRONG><a name="[f7]"></a>bb_getConnState</STRONG> (Thumb, 26 bytes, Stack size 0 bytes, fsm_base.o(i.bb_getConnState))
<BR><BR>[Called By]<UL><LI><a href="#[30]">&gt;&gt;</a>&nbsp;&nbsp;&nbsp;sconn_onSleep
</UL>

<P><STRONG><a name="[b3]"></a>bb_sconnStart</STRONG> (Thumb, 110 bytes, Stack size 16 bytes, fsm_sconn.o(i.bb_sconnStart))
<BR><BR>[Stack]<UL><LI>Max Depth = 64<LI>Call Chain = bb_sconnStart &rArr; radio_sleep &rArr; mg_writeBuf &rArr; SPI_CS_Disable_
</UL>
<BR>[Calls]<UL><LI><a href="#[ae]">&gt;&gt;</a>&nbsp;&nbsp;&nbsp;radio_sleep
<LI><a href="#[a0]">&gt;&gt;</a>&nbsp;&nbsp;&nbsp;SetSwTimer
<LI><a href="#[bc]">&gt;&gt;</a>&nbsp;&nbsp;&nbsp;apply_connPara
<LI><a href="#[c7]">&gt;&gt;</a>&nbsp;&nbsp;&nbsp;bb_setConnState
</UL>
<BR>[Called By]<UL><LI><a href="#[28]">&gt;&gt;</a>&nbsp;&nbsp;&nbsp;adv_generic_onRxPDU
</UL>

<P><STRONG><a name="[c7]"></a>bb_setConnState</STRONG> (Thumb, 6 bytes, Stack size 0 bytes, fsm_base.o(i.bb_setConnState))
<BR><BR>[Called By]<UL><LI><a href="#[2c]">&gt;&gt;</a>&nbsp;&nbsp;&nbsp;sconn_onWakeup
<LI><a href="#[b3]">&gt;&gt;</a>&nbsp;&nbsp;&nbsp;bb_sconnStart
<LI><a href="#[e8]">&gt;&gt;</a>&nbsp;&nbsp;&nbsp;s_llTer
</UL>

[...]
</UL>

<P><STRONG><a name="[6d]"></a>sconn_notifydata</STRONG> (Thumb, 64 bytes, Stack size 24 bytes, att.o(i.sconn_notifydata))
<BR><BR>[Stack]<UL><LI>Max Depth = 152<LI>Call Chain = sconn_notifydata &rArr; ser_notify_handle &rArr; att_rsp &rArr; GenerateTxQueue &rArr; queue_push &rArr; create_node
</UL>
<BR>[Calls]<UL><LI><a href="#[f4]">&gt;&gt;</a>&nbsp;&nbsp;&nbsp;get_node_free
<LI><a href="#[f5]">&gt;&gt;</a>&nbsp;&nbsp;&nbsp;ser_notify_handle
</UL>
<BR>[Called By]<UL><LI><a href="#[6b]">&gt;&gt;</a>&nbsp;&nbsp;&nbsp;CheckComPortInData
</UL>

<P><STRONG><a name="[f2]"></a>ser_execute_write_rsp</STRONG> (Thumb, 34 bytes, Stack size 8 bytes, att.o(i.ser_execute_write_rsp))
<BR><BR>[Stack]<UL><LI>Max Depth = 56<LI>Call Chain = ser_execute_write_rsp &rArr; att_rsp &rArr; GenerateTxQueue &rArr; queue_push &rArr; create_node
</UL>
<BR>[Calls]<UL><LI><a href="#[be]">&gt;&gt;</a>&nbsp;&nbsp;&nbsp;att_rsp
<LI><a href="#[fa]">&gt;&gt;</a>&nbsp;&nbsp;&nbsp;ser_execute_write
</UL>
<BR>[Called By]<UL><LI><a href="#[ec]">&gt;&gt;</a>&nbsp;&nbsp;&nbsp;s_opcodeCheckOld
</UL>

<P><STRONG><a name="[f5]"></a>ser_notify_handle</STRONG> (Thumb, 88 bytes, Stack size 80 bytes, att.o(i.ser_notify_handle))
<BR><BR>[Stack]<UL><LI>Max Depth = 128<LI>Call Chain = ser_notify_handle &rArr; att_rsp &rArr; GenerateTxQueue &rArr; queue_push &rArr; create_node
</UL>
<BR>[Calls]<UL><LI><a href="#[be]">&gt;&gt;</a>&nbsp;&nbsp;&nbsp;att_rsp
<LI><a href="#[c4]">&gt;&gt;</a>&nbsp;&nbsp;&nbsp;__aeabi_memclr4
</UL>
<BR>[Called By]<UL><LI><a href="#[6d]">&gt;&gt;</a>&nbsp;&nbsp;&nbsp;sconn_notifydata
</UL>

<P><STRONG><a name="[f1]"></a>ser_prepare_write_rsp</STRONG> (Thumb, 70 bytes, Stack size 24 bytes, att.o(i.ser_prepare_write_rsp))
<BR><BR>[Stack]<UL><LI>Max Depth = 72<LI>Call Chain = ser_prepare_write_rsp &rArr; att_rsp &rArr; GenerateTxQueue &rArr; queue_push &rArr; create_node
</UL>
<BR>[Calls]<UL><LI><a href="#[be]">&gt;&gt;</a>&nbsp;&nbsp;&nbsp;att_rsp
<LI><a href="#[86]">&gt;&gt;</a>&nbsp;&nbsp;&nbsp;ser_prepare_write
</UL>
<BR>[Called By]<UL><LI><a href="#[ec]">&gt;&gt;</a>&nbsp;&nbsp;&nbsp;s_opcodeCheckOld
</UL>

<P><STRONG><a name="[84]"></a>ser_write_rsp_pkt</STRONG> (Thumb, 30 bytes, Stack size 16 bytes, att.o(i.ser_write_rsp_pkt))
<BR><BR>[Stack]<UL><LI>Max Depth = 64<LI>Call Chain = ser_write_rsp_pkt &rArr; att_rsp &rArr; GenerateTxQueue &rArr; queue_push &rArr; create_node
</UL>
<BR>[Calls]<UL><LI><a href="#[be]">&gt;&gt;</a>&nbsp;&nbsp;&nbsp;att_rsp
</UL>
<BR>[Called By]<UL><LI><a href="#[83]">&gt;&gt;</a>&nbsp;&nbsp;&nbsp;ser_write_rsp
</UL>

<P><STRONG><a name="[c9]"></a>test_adv_generic</STRONG> (Thumb, 36 bytes, Stack size 8 bytes, hwtest.o(i.test_adv_generic))
<BR><BR>[Stack]<UL><LI>Max Depth = 72<LI>Call Chain = test_adv_generic &rArr; update_adv_generic_para &rArr; bb_advGenericSetup
</UL>
<BR>[Calls]<UL><LI><a href="#[fb]">&gt;&gt;</a>&nbsp;&nbsp;&nbsp;bb_advGenericStart
<LI><a href="#[d2]">&gt;&gt;</a>&nbsp;&nbsp;&nbsp;update_adv_generic_para
<LI><a href="#[f8]">&gt;&gt;</a>&nbsp;&nbsp;&nbsp;ConnectStausUpdate
</UL>
<BR>[Called By]<UL><LI><a href="#[78]">&gt;&gt;</a>&nbsp;&nbsp;&nbsp;ble_run
<LI><a href="#[30]">&gt;&gt;</a>&nbsp;&nbsp;&nbsp;sconn_onSleep
</UL>

<P><STRONG><a name="[eb]"></a>txRsp</STRONG> (Thumb, 42 bytes, Stack size 24 bytes, ll_control.o(i.txRsp))
<BR><BR>[Stack]<UL><LI>Max Depth = 72<LI>Call Chain = txRsp &rArr; radio_setTxPduHeader &rArr; mg_writeBuf &rArr; SPI_CS_Disable_
</UL>
<BR>[Calls]<UL><LI><a href="#[d5]">&gt;&gt;</a>&nbsp;&nbsp;&nbsp;radio_setTxPduHeader
<LI><a href="#[dd]">&gt;&gt;</a>&nbsp;&nbsp;&nbsp;radio_setTxPayload
<LI><a href="#[d6]">&gt;&gt;</a>&nbsp;&nbsp;&nbsp;Tx_len
<LI><a href="#[f3]">&gt;&gt;</a>&nbsp;&nbsp;&nbsp;savetxbuf
</UL>
<BR>[Called By]<UL><LI><a href="#[2b]">&gt;&gt;</a>&nbsp;&nbsp;&nbsp;s_opcodeCheck
</UL>
<P>
<H3>
Local Symbols
</H3>
<P><STRONG><a name="[34]"></a>SetSysClockTo48_HSI</STRONG> (Thumb, 124 bytes, Stack size 0 bytes, system_mm32w0xx_q.o(.text))
<BR><BR>[Called By]<UL><LI><a href="#[33]">&gt;&gt;</a>&nbsp;&nbsp;&nbsp;SetSysClock
</UL>

<P><STRONG><a name="[33]"></a>SetSysClock</STRONG> (Thumb, 8 bytes, Stack size 8 bytes, system_mm32w0xx_q.o(.text))
<BR><BR>[Stack]<UL><LI>Max Depth = 8<LI>Call Chain = SetSysClock
</UL>
<BR>[Calls]<UL><LI><a href="#[34]">&gt;&gt;</a>&nbsp;&nbsp;&nbsp;SetSysClockTo48_HSI
</UL>
<BR>[Called By]<UL><LI><a href="#[22]">&gt;&gt;</a>&nbsp;&nbsp;&nbsp;SystemInit
</UL>

<P><STRONG><a name="[50]"></a>NVIC_SetPriority</STRONG> (Thumb, 110 bytes, Stack size 8 bytes, sys.o(.text))
<BR><BR>[Stack]<UL><LI>Max Depth = 8<LI>Call Chain = NVIC_SetPriority
</UL>
<BR>[Called By]<UL><LI><a href="#[35]">&gt;&gt;</a>&nbsp;&nbsp;&nbsp;SysTick_Configuration
</UL>

<P><STRONG><a name="[7b]"></a>NVIC_SetPriority</STRONG> (Thumb, 110 bytes, Stack size 8 bytes, rcc.o(.text))
<BR><BR>[Stack]<UL><LI>Max Depth = 8<LI>Call Chain = NVIC_SetPriority
</UL>
<BR>[Called By]<UL><LI><a href="#[65]">&gt;&gt;</a>&nbsp;&nbsp;&nbsp;SysClk48to8
</UL>

<P><STRONG><a name="[be]"></a>att_rsp</STRONG> (Thumb, 8 bytes, Stack size 8 bytes, att.o(i.att_rsp))
<BR><BR>[Stack]<UL><LI>Max Depth = 48<LI>Call Chain = att_rsp &rArr; GenerateTxQueue &rArr; queue_push &rArr; create_node
</UL>
<BR>[Calls]<UL><LI><a href="#[9c]">&gt;&gt;</a>&nbsp;&nbsp;&nbsp;GenerateTxQueue
</UL>
<BR>[Called By]<UL><LI><a href="#[f1]">&gt;&gt;</a>&nbsp;&nbsp;&nbsp;ser_prepare_write_rsp
<LI><a href="#[f5]">&gt;&gt;</a>&nbsp;&nbsp;&nbsp;ser_notify_handle
<LI><a href="#[f2]">&gt;&gt;</a>&nbsp;&nbsp;&nbsp;ser_execute_write_rsp
<LI><a href="#[c5]">&gt;&gt;</a>&nbsp;&nbsp;&nbsp;att_server_rdByType
<LI><a href="#[c2]">&gt;&gt;</a>&nbsp;&nbsp;&nbsp;att_server_findIn
<LI><a href="#[c0]">&gt;&gt;</a>&nbsp;&nbsp;&nbsp;att_server_findByType
<LI><a href="#[bf]">&gt;&gt;</a>&nbsp;&nbsp;&nbsp;att_exMtuReq
<LI><a href="#[bd]">&gt;&gt;</a>&nbsp;&nbsp;&nbsp;att_ErrorFd_eCode
<LI><a href="#[84]">&gt;&gt;</a>&nbsp;&nbsp;&nbsp;ser_write_rsp_pkt
<LI><a href="#[81]">&gt;&gt;</a>&nbsp;&nbsp;&nbsp;att_server_rdByGrTypeRspPrimaryService
<LI><a href="#[89]">&gt;&gt;</a>&nbsp;&nbsp;&nbsp;att_server_rd
</UL>

<P><STRONG><a name="[94]"></a>CanSleep</STRONG> (Thumb, 38 bytes, Stack size 8 bytes, hwtest.o(i.CanSleep))
<BR><BR>[Stack]<UL><LI>Max Depth = 8<LI>Call Chain = CanSleep
</UL>
<BR>[Calls]<UL><LI><a href="#[95]">&gt;&gt;</a>&nbsp;&nbsp;&nbsp;GetSysTickCount
</UL>
<BR>[Called By]<UL><LI><a href="#[78]">&gt;&gt;</a>&nbsp;&nbsp;&nbsp;ble_run
<LI><a href="#[68]">&gt;&gt;</a>&nbsp;&nbsp;&nbsp;ble_run_interrupt_McuCanSleep
</UL>

<P><STRONG><a name="[d2]"></a>update_adv_generic_para</STRONG> (Thumb, 142 bytes, Stack size 32 bytes, hwtest.o(i.update_adv_generic_para))
<BR><BR>[Stack]<UL><LI>Max Depth = 64<LI>Call Chain = update_adv_generic_para &rArr; bb_advGenericSetup
</UL>
<BR>[Calls]<UL><LI><a href="#[fc]">&gt;&gt;</a>&nbsp;&nbsp;&nbsp;bb_advGenericSetup
<LI><a href="#[88]">&gt;&gt;</a>&nbsp;&nbsp;&nbsp;getDeviceInfoData
</UL>
<BR>[Called By]<UL><LI><a href="#[c9]">&gt;&gt;</a>&nbsp;&nbsp;&nbsp;test_adv_generic
<LI><a href="#[d1]">&gt;&gt;</a>&nbsp;&nbsp;&nbsp;ble_set_adv_type
</UL>

<P><STRONG><a name="[27]"></a>adv_generic_onRxAA</STRONG> (Thumb, 42 bytes, Stack size 8 bytes, fsm_adv_generic.o(i.adv_generic_onRxAA))
<BR><BR>[Stack]<UL><LI>Max Depth = 56<LI>Call Chain = adv_generic_onRxAA &rArr; radio_sleep &rArr; mg_writeBuf &rArr; SPI_CS_Disable_
</UL>
<BR>[Calls]<UL><LI><a href="#[ae]">&gt;&gt;</a>&nbsp;&nbsp;&nbsp;radio_sleep
<LI><a href="#[ad]">&gt;&gt;</a>&nbsp;&nbsp;&nbsp;radio_setMode
<LI><a href="#[a8]">&gt;&gt;</a>&nbsp;&nbsp;&nbsp;StartBBTimerForRcCal
</UL>
<BR>[Address Reference Count : 1]<UL><LI> fsm_adv_generic.o(.constdata)
</UL>
<P><STRONG><a name="[28]"></a>adv_generic_onRxPDU</STRONG> (Thumb, 130 bytes, Stack size 24 bytes, fsm_adv_generic.o(i.adv_generic_onRxPDU))
<BR><BR>[Stack]<UL><LI>Max Depth = 88<LI>Call Chain = adv_generic_onRxPDU &rArr; bb_sconnStart &rArr; radio_sleep &rArr; mg_writeBuf &rArr; SPI_CS_Disable_
</UL>
<BR>[Calls]<UL><LI><a href="#[3c]">&gt;&gt;</a>&nbsp;&nbsp;&nbsp;mg_activate
<LI><a href="#[ae]">&gt;&gt;</a>&nbsp;&nbsp;&nbsp;radio_sleep
<LI><a href="#[af]">&gt;&gt;</a>&nbsp;&nbsp;&nbsp;radio_setStartTime
<LI><a href="#[b1]">&gt;&gt;</a>&nbsp;&nbsp;&nbsp;radio_setAdvPayload
<LI><a href="#[b0]">&gt;&gt;</a>&nbsp;&nbsp;&nbsp;radio_setAdvHeader
<LI><a href="#[b4]">&gt;&gt;</a>&nbsp;&nbsp;&nbsp;mg_readReg
<LI><a href="#[b3]">&gt;&gt;</a>&nbsp;&nbsp;&nbsp;bb_sconnStart
<LI><a href="#[b2]">&gt;&gt;</a>&nbsp;&nbsp;&nbsp;memcmp
</UL>
<BR>[Address Reference Count : 1]<UL><LI> fsm_adv_generic.o(.constdata)
</UL>
<P><STRONG><a name="[2a]"></a>adv_generic_onSleep</STRONG> (Thumb, 248 bytes, Stack size 16 bytes, fsm_adv_generic.o(i.adv_generic_onSleep))
<BR><BR>[Stack]<UL><LI>Max Depth = 64<LI>Call Chain = adv_generic_onSleep &rArr; radio_setWakeupTime &rArr; mg_writeBuf &rArr; SPI_CS_Disable_
</UL>
<BR>[Calls]<UL><LI><a href="#[3c]">&gt;&gt;</a>&nbsp;&nbsp;&nbsp;mg_activate
<LI><a href="#[b6]">&gt;&gt;</a>&nbsp;&nbsp;&nbsp;SetMcuSleepFlag
<LI><a href="#[b7]">&gt;&gt;</a>&nbsp;&nbsp;&nbsp;radio_wakeup
<LI><a href="#[a3]">&gt;&gt;</a>&nbsp;&nbsp;&nbsp;radio_setWakeupTime
<LI><a href="#[a4]">&gt;&gt;</a>&nbsp;&nbsp;&nbsp;radio_setTimeout
<LI><a href="#[a5]">&gt;&gt;</a>&nbsp;&nbsp;&nbsp;radio_setChannel
<LI><a href="#[b8]">&gt;&gt;</a>&nbsp;&nbsp;&nbsp;radio_do_cal_start
<LI><a href="#[b9]">&gt;&gt;</a>&nbsp;&nbsp;&nbsp;radio_do_cal
<LI><a href="#[a6]">&gt;&gt;</a>&nbsp;&nbsp;&nbsp;mg_writeReg
<LI><a href="#[b5]">&gt;&gt;</a>&nbsp;&nbsp;&nbsp;bb_DoRcCal
<LI><a href="#[9b]">&gt;&gt;</a>&nbsp;&nbsp;&nbsp;DoRcConvert_LF_AMPLE
</UL>
<BR>[Address Reference Count : 1]<UL><LI> fsm_adv_generic.o(.constdata)
</UL>
<P><STRONG><a name="[25]"></a>adv_generic_onStart</STRONG> (Thumb, 42 bytes, Stack size 8 bytes, fsm_adv_generic.o(i.adv_generic_onStart))
<BR><BR>[Stack]<UL><LI>Max Depth = 56<LI>Call Chain = adv_generic_onStart &rArr; radio_setTimeout &rArr; mg_writeBuf &rArr; SPI_CS_Disable_
</UL>
<BR>[Calls]<UL><LI><a href="#[bb]">&gt;&gt;</a>&nbsp;&nbsp;&nbsp;sconn_ReSetLLSupvTimer
<LI><a href="#[b7]">&gt;&gt;</a>&nbsp;&nbsp;&nbsp;radio_wakeup
<LI><a href="#[a4]">&gt;&gt;</a>&nbsp;&nbsp;&nbsp;radio_setTimeout
<LI><a href="#[ba]">&gt;&gt;</a>&nbsp;&nbsp;&nbsp;radio_setIrqMask
<LI><a href="#[a5]">&gt;&gt;</a>&nbsp;&nbsp;&nbsp;radio_setChannel
</UL>
<BR>[Address Reference Count : 1]<UL><LI> fsm_adv_generic.o(.constdata)
</UL>
<P><STRONG><a name="[29]"></a>adv_generic_onTxStarted</STRONG> (Thumb, 50 bytes, Stack size 8 bytes, fsm_adv_generic.o(i.adv_generic_onTxStarted))
<BR><BR>[Stack]<UL><LI>Max Depth = 56<LI>Call Chain = adv_generic_onTxStarted &rArr; radio_sleep &rArr; mg_writeBuf &rArr; SPI_CS_Disable_
</UL>
<BR>[Calls]<UL><LI><a href="#[ae]">&gt;&gt;</a>&nbsp;&nbsp;&nbsp;radio_sleep
<LI><a href="#[a4]">&gt;&gt;</a>&nbsp;&nbsp;&nbsp;radio_setTimeout
<LI><a href="#[af]">&gt;&gt;</a>&nbsp;&nbsp;&nbsp;radio_setStartTime
<LI><a href="#[ad]">&gt;&gt;</a>&nbsp;&nbsp;&nbsp;radio_setMode
</UL>
<BR>[Address Reference Count : 1]<UL><LI> fsm_adv_generic.o(.constdata)
</UL>
<P><STRONG><a name="[26]"></a>adv_generic_onWakeup</STRONG> (Thumb, 110 bytes, Stack size 24 bytes, fsm_adv_generic.o(i.adv_generic_onWakeup))
<BR><BR>[Stack]<UL><LI>Max Depth = 72<LI>Call Chain = adv_generic_onWakeup &rArr; radio_setStartTime &rArr; mg_writeBuf &rArr; SPI_CS_Disable_
</UL>
<BR>[Calls]<UL><LI><a href="#[af]">&gt;&gt;</a>&nbsp;&nbsp;&nbsp;radio_setStartTime
<LI><a href="#[ad]">&gt;&gt;</a>&nbsp;&nbsp;&nbsp;radio_setMode
<LI><a href="#[b1]">&gt;&gt;</a>&nbsp;&nbsp;&nbsp;radio_setAdvPayload
<LI><a href="#[b0]">&gt;&gt;</a>&nbsp;&nbsp;&nbsp;radio_setAdvHeader
</UL>
<BR>[Address Reference Count : 1]<UL><LI> fsm_adv_generic.o(.constdata)
</UL>
<P><STRONG><a name="[db]"></a>DelayUs</STRONG> (Thumb, 18 bytes, Stack size 0 bytes, mg_driver.o(i.DelayUs))
<BR><BR>[Called By]<UL><LI><a href="#[3a]">&gt;&gt;</a>&nbsp;&nbsp;&nbsp;radio_initBle
</UL>

<P><STRONG><a name="[d3]"></a>create_node</STRONG> (Thumb, 78 bytes, Stack size 16 bytes, data_queue.o(i.create_node))
<BR><BR>[Stack]<UL><LI>Max Depth = 16<LI>Call Chain = create_node
</UL>
<BR>[Calls]<UL><LI><a href="#[7e]">&gt;&gt;</a>&nbsp;&nbsp;&nbsp;__aeabi_memcpy
</UL>
<BR>[Called By]<UL><LI><a href="#[9d]">&gt;&gt;</a>&nbsp;&nbsp;&nbsp;queue_push
</UL>

<P><STRONG><a name="[2b]"></a>s_opcodeCheck</STRONG> (Thumb, 86 bytes, Stack size 32 bytes, slave_dispatch.o(i.s_opcodeCheck))
<BR><BR>[Stack]<UL><LI>Max Depth = 104<LI>Call Chain = s_opcodeCheck &rArr; txRsp &rArr; radio_setTxPduHeader &rArr; mg_writeBuf &rArr; SPI_CS_Disable_
</UL>
<BR>[Calls]<UL><LI><a href="#[de]">&gt;&gt;</a>&nbsp;&nbsp;&nbsp;readQueue
<LI><a href="#[eb]">&gt;&gt;</a>&nbsp;&nbsp;&nbsp;txRsp
</UL>
<BR>[Address Reference Count : 1]<UL><LI> slave_dispatch.o(.constdata)
</UL>
<P><STRONG><a name="[97]"></a>ConnUpdate</STRONG> (Thumb, 70 bytes, Stack size 16 bytes, fsm_sconn.o(i.ConnUpdate))
<BR><BR>[Stack]<UL><LI>Max Depth = 52<LI>Call Chain = ConnUpdate &rArr; applyConnUpdate &rArr; DoRcConvert_LF_AMPLE &rArr; __aeabi_uidivmod
</UL>
<BR>[Calls]<UL><LI><a href="#[99]">&gt;&gt;</a>&nbsp;&nbsp;&nbsp;sconn_onNumUsedCh
<LI><a href="#[98]">&gt;&gt;</a>&nbsp;&nbsp;&nbsp;applyConnUpdate
<LI><a href="#[7e]">&gt;&gt;</a>&nbsp;&nbsp;&nbsp;__aeabi_memcpy
</UL>
<BR>[Called By]<UL><LI><a href="#[30]">&gt;&gt;</a>&nbsp;&nbsp;&nbsp;sconn_onSleep
</UL>

<P><STRONG><a name="[98]"></a>applyConnUpdate</STRONG> (Thumb, 62 bytes, Stack size 16 bytes, fsm_sconn.o(i.applyConnUpdate))
<BR><BR>[Stack]<UL><LI>Max Depth = 36<LI>Call Chain = applyConnUpdate &rArr; DoRcConvert_LF_AMPLE &rArr; __aeabi_uidivmod
</UL>
<BR>[Calls]<UL><LI><a href="#[9b]">&gt;&gt;</a>&nbsp;&nbsp;&nbsp;DoRcConvert_LF_AMPLE
</UL>
<BR>[Called By]<UL><LI><a href="#[97]">&gt;&gt;</a>&nbsp;&nbsp;&nbsp;ConnUpdate
</UL>

<P><STRONG><a name="[bc]"></a>apply_connPara</STRONG> (Thumb, 130 bytes, Stack size 16 bytes, fsm_sconn.o(i.apply_connPara))
<BR><BR>[Stack]<UL><LI>Max Depth = 16<LI>Call Chain = apply_connPara
</UL>
<BR>[Calls]<UL><LI><a href="#[7e]">&gt;&gt;</a>&nbsp;&nbsp;&nbsp;__aeabi_memcpy
</UL>
<BR>[Called By]<UL><LI><a href="#[b3]">&gt;&gt;</a>&nbsp;&nbsp;&nbsp;bb_sconnStart
</UL>

<P><STRONG><a name="[99]"></a>sconn_onNumUsedCh</STRONG> (Thumb, 52 bytes, Stack size 20 bytes, fsm_sconn.o(i.sconn_onNumUsedCh))
<BR><BR>[Stack]<UL><LI>Max Depth = 20<LI>Call Chain = sconn_onNumUsedCh
</UL>
<BR>[Called By]<UL><LI><a href="#[30]">&gt;&gt;</a>&nbsp;&nbsp;&nbsp;sconn_onSleep
<LI><a href="#[97]">&gt;&gt;</a>&nbsp;&nbsp;&nbsp;ConnUpdate
</UL>

<P><STRONG><a name="[2d]"></a>sconn_onRxAA</STRONG> (Thumb, 22 bytes, Stack size 8 bytes, fsm_sconn.o(i.sconn_onRxAA))
<BR><BR>[Stack]<UL><LI>Max Depth = 56<LI>Call Chain = sconn_onRxAA &rArr; radio_sleep &rArr; mg_writeBuf &rArr; SPI_CS_Disable_
</UL>
<BR>[Calls]<UL><LI><a href="#[ae]">&gt;&gt;</a>&nbsp;&nbsp;&nbsp;radio_sleep
</UL>
<BR>[Called By]<UL><LI><a href="#[2f]">&gt;&gt;</a>&nbsp;&nbsp;&nbsp;sconn_onTxStarted
</UL>
<BR>[Address Reference Count : 1]<UL><LI> fsm_sconn.o(.constdata)
</UL>
<P><STRONG><a name="[2e]"></a>sconn_onRxPDU</STRONG> (Thumb, 212 bytes, Stack size 24 bytes, fsm_sconn.o(i.sconn_onRxPDU))
<BR><BR>[Stack]<UL><LI>Max Depth = 72<LI>Call Chain = sconn_onRxPDU &rArr; radio_setStartTime &rArr; mg_writeBuf &rArr; SPI_CS_Disable_
</UL>
<BR>[Calls]<UL><LI><a href="#[3c]">&gt;&gt;</a>&nbsp;&nbsp;&nbsp;mg_activate
<LI><a href="#[a0]">&gt;&gt;</a>&nbsp;&nbsp;&nbsp;SetSwTimer
<LI><a href="#[6a]">&gt;&gt;</a>&nbsp;&nbsp;&nbsp;EnableEnvINT
<LI><a href="#[69]">&gt;&gt;</a>&nbsp;&nbsp;&nbsp;DisableEnvINT
<LI><a href="#[f6]">&gt;&gt;</a>&nbsp;&nbsp;&nbsp;SaveCurrentHdr
<LI><a href="#[af]">&gt;&gt;</a>&nbsp;&nbsp;&nbsp;radio_setStartTime
<LI><a href="#[b4]">&gt;&gt;</a>&nbsp;&nbsp;&nbsp;mg_readReg
</UL>
<BR>[Address Reference Count : 1]<UL><LI> fsm_sconn.o(.constdata)
</UL>
<P><STRONG><a name="[30]"></a>sconn_onSleep</STRONG> (Thumb, 572 bytes, Stack size 24 bytes, fsm_sconn.o(i.sconn_onSleep))
<BR><BR>[Stack]<UL><LI>Max Depth = 216<LI>Call Chain = sconn_onSleep &rArr; s_opcodeCheckOld &rArr; att_server_rdByType &rArr; att_notFd &rArr; att_ErrorFd_eCode &rArr; att_rsp &rArr; GenerateTxQueue &rArr; queue_push &rArr; create_node
</UL>
<BR>[Calls]<UL><LI><a href="#[d0]">&gt;&gt;</a>&nbsp;&nbsp;&nbsp;radio_getPdu
<LI><a href="#[ce]">&gt;&gt;</a>&nbsp;&nbsp;&nbsp;radio_getHdr
<LI><a href="#[ca]">&gt;&gt;</a>&nbsp;&nbsp;&nbsp;GetAdvEnable
<LI><a href="#[c9]">&gt;&gt;</a>&nbsp;&nbsp;&nbsp;test_adv_generic
<LI><a href="#[d1]">&gt;&gt;</a>&nbsp;&nbsp;&nbsp;ble_set_adv_type
<LI><a href="#[b6]">&gt;&gt;</a>&nbsp;&nbsp;&nbsp;SetMcuSleepFlag
<LI><a href="#[f8]">&gt;&gt;</a>&nbsp;&nbsp;&nbsp;ConnectStausUpdate
<LI><a href="#[4a]">&gt;&gt;</a>&nbsp;&nbsp;&nbsp;__aeabi_uidivmod
<LI><a href="#[9f]">&gt;&gt;</a>&nbsp;&nbsp;&nbsp;ReSConnect
<LI><a href="#[99]">&gt;&gt;</a>&nbsp;&nbsp;&nbsp;sconn_onNumUsedCh
<LI><a href="#[97]">&gt;&gt;</a>&nbsp;&nbsp;&nbsp;ConnUpdate
<LI><a href="#[ec]">&gt;&gt;</a>&nbsp;&nbsp;&nbsp;s_opcodeCheckOld
<LI><a href="#[e1]">&gt;&gt;</a>&nbsp;&nbsp;&nbsp;sOpCheck_Start
<LI><a href="#[f9]">&gt;&gt;</a>&nbsp;&nbsp;&nbsp;is_node_empty
<LI><a href="#[9b]">&gt;&gt;</a>&nbsp;&nbsp;&nbsp;DoRcConvert_LF_AMPLE
<LI><a href="#[9a]">&gt;&gt;</a>&nbsp;&nbsp;&nbsp;DoRcConvert_HF_LF_COEF
<LI><a href="#[f7]">&gt;&gt;</a>&nbsp;&nbsp;&nbsp;bb_getConnState
</UL>
<BR>[Address Reference Count : 1]<UL><LI> fsm_sconn.o(.constdata)
</UL>
<P><STRONG><a name="[2f]"></a>sconn_onTxStarted</STRONG> (Thumb, 26 bytes, Stack size 8 bytes, fsm_sconn.o(i.sconn_onTxStarted))
<BR><BR>[Stack]<UL><LI>Max Depth = 64<LI>Call Chain = sconn_onTxStarted &rArr; sconn_onRxAA &rArr; radio_sleep &rArr; mg_writeBuf &rArr; SPI_CS_Disable_
</UL>
<BR>[Calls]<UL><LI><a href="#[ae]">&gt;&gt;</a>&nbsp;&nbsp;&nbsp;radio_sleep
<LI><a href="#[2d]">&gt;&gt;</a>&nbsp;&nbsp;&nbsp;sconn_onRxAA
</UL>
<BR>[Address Reference Count : 1]<UL><LI> fsm_sconn.o(.constdata)
</UL>
<P><STRONG><a name="[2c]"></a>sconn_onWakeup</STRONG> (Thumb, 84 bytes, Stack size 16 bytes, fsm_sconn.o(i.sconn_onWakeup))
<BR><BR>[Stack]<UL><LI>Max Depth = 64<LI>Call Chain = sconn_onWakeup &rArr; radio_sleep &rArr; mg_writeBuf &rArr; SPI_CS_Disable_
</UL>
<BR>[Calls]<UL><LI><a href="#[ae]">&gt;&gt;</a>&nbsp;&nbsp;&nbsp;radio_sleep
<LI><a href="#[9e]">&gt;&gt;</a>&nbsp;&nbsp;&nbsp;IsSwTimeOut
<LI><a href="#[af]">&gt;&gt;</a>&nbsp;&nbsp;&nbsp;radio_setStartTime
<LI><a href="#[ad]">&gt;&gt;</a>&nbsp;&nbsp;&nbsp;radio_setMode
<LI><a href="#[c7]">&gt;&gt;</a>&nbsp;&nbsp;&nbsp;bb_setConnState
</UL>
<BR>[Address Reference Count : 1]<UL><LI> fsm_sconn.o(.constdata)
</UL>
<P><STRONG><a name="[aa]"></a>_printf_core</STRONG> (Thumb, 1020 bytes, Stack size 104 bytes, printf8.o(i._printf_core), UNUSED)
<BR><BR>[Calls]<UL><LI><a href="#[90]">&gt;&gt;</a>&nbsp;&nbsp;&nbsp;__aeabi_uldivmod
<LI><a href="#[ab]">&gt;&gt;</a>&nbsp;&nbsp;&nbsp;_printf_pre_padding
<LI><a href="#[ac]">&gt;&gt;</a>&nbsp;&nbsp;&nbsp;_printf_post_padding
</UL>
<BR>[Called By]<UL><LI><a href="#[a9]">&gt;&gt;</a>&nbsp;&nbsp;&nbsp;__0printf$8
</UL>

<P><STRONG><a name="[ac]"></a>_printf_post_padding</STRONG> (Thumb, 32 bytes, Stack size 24 bytes, printf8.o(i._printf_post_padding), UNUSED)
<BR><BR>[Called By]<UL><LI><a href="#[aa]">&gt;&gt;</a>&nbsp;&nbsp;&nbsp;_printf_core
</UL>

<P><STRONG><a name="[ab]"></a>_printf_pre_padding</STRONG> (Thumb, 44 bytes, Stack size 40 bytes, printf8.o(i._printf_pre_padding), UNUSED)
<BR><BR>[Called By]<UL><LI><a href="#[aa]">&gt;&gt;</a>&nbsp;&nbsp;&nbsp;_printf_core
</UL>
<P>
<H3>
Undefined Global Symbols
</H3><HR></body></html>
