Component: ARM Compiler 5.06 update 6 (build 750) Tool: armlink [4d35ed]

==============================================================================

Section Cross References

    startup_mm32w0xx.o(RESET) refers to startup_mm32w0xx.o(STACK) for __initial_sp
    startup_mm32w0xx.o(RESET) refers to startup_mm32w0xx.o(.text) for Reset_Handler
    startup_mm32w0xx.o(RESET) refers to callback.o(.text) for NMI_Handler
    startup_mm32w0xx.o(RESET) refers to sys.o(.text) for SysTick_Handler
    startup_mm32w0xx.o(RESET) refers to irq_rf.o(.text) for EXTI0_1_IRQHandler
    startup_mm32w0xx.o(RESET) refers to iic.o(.text) for I2C1_IRQHandler
    startup_mm32w0xx.o(RESET) refers to uart.o(.text) for UART2_IRQHandler
    startup_mm32w0xx.o(.text) refers to startup_mm32w0xx.o(STACK) for __initial_sp
    startup_mm32w0xx.o(.text) refers to system_mm32w0xx.o(.text) for SystemInit
    startup_mm32w0xx.o(.text) refers to entry.o(.ARM.Collect$$$$00000000) for __main
    main.o(.text) refers to rcc.o(.text) for SystemClk_HSEInit
    main.o(.text) refers to uart.o(.text) for uart_initwBaudRate
    main.o(.text) refers to sys.o(.text) for SysTick_Configuration
    main.o(.text) refers to iwdg.o(.text) for Write_Iwdg_ON
    main.o(.text) refers to spi.o(.text) for SPIM_Init
    main.o(.text) refers to irq_rf.o(.text) for IRQ_RF
    main.o(.text) refers to hwtest.o(i.SetBleIntRunningMode) for SetBleIntRunningMode
    main.o(.text) refers to mg_driver.o(i.radio_standby) for radio_standby
    main.o(.text) refers to mg_driver.o(i.radio_initBle) for radio_initBle
    main.o(.text) refers to printf8.o(i.__0printf$8) for __2printf
    main.o(.text) refers to mg_driver.o(i.mg_activate) for mg_activate
    main.o(.text) refers to mg_driver.o(i.mg_writeBuf) for mg_writeBuf
    main.o(.text) refers to hwtest.o(i.ble_run_interrupt_start) for ble_run_interrupt_start
    main.o(.text) refers to delay.o(.text) for delay_ms
    main.o(.text) refers to callback.o(.text) for IrqMcuGotoSleepAndWakeup
    main.o(.text) refers to main.o(.data) for ble_mac_addr
    main.o(.text) refers to callback.o(.data) for SleepStop
    main.o(.text) refers to sys.o(.data) for SysTick_Count
    uart.o(.text) refers to hal_rcc.o(.text) for RCC_APB1PeriphClockCmd
    uart.o(.text) refers to hal_misc.o(.text) for NVIC_Init
    uart.o(.text) refers to hal_gpio.o(.text) for GPIO_PinAFConfig
    uart.o(.text) refers to hal_uart.o(.text) for UART_Init
    uart.o(.text) refers to uidiv.o(.text) for __aeabi_uidivmod
    uart.o(.text) refers to uart.o(.bss) for RX_DATA_BUFF
    uart.o(.text) refers to uart.o(.data) for UART_RX_STA
    uart.o(.text) refers to callback.o(.data) for txLen
    uart.o(.text) refers to callback.o(.bss) for txBuf
    uart.o(.text) refers to sys.o(.data) for SysTick_Count
    sys.o(.text) refers to hwtest.o(i.ble_nMsRoutine) for ble_nMsRoutine
    sys.o(.text) refers to sys.o(.data) for SysTick_Count
    hal_adc.o(.text) refers to hal_rcc.o(.text) for RCC_APB2PeriphResetCmd
    hal_adc.o(.text) refers to mg_driver.o(i.__ARM_common_switch8) for __ARM_common_switch8
    hal_aes.o(.text) refers to hal_rcc.o(.text) for RCC_AHBPeriphClockCmd
    hal_can.o(.text) refers to hal_rcc.o(.text) for RCC_APB1PeriphResetCmd
    hal_can.o(.text) refers to uidiv.o(.text) for __aeabi_uidivmod
    hal_gpio.o(.text) refers to hal_rcc.o(.text) for RCC_AHBPeriphClockCmd
    hal_i2c.o(.text) refers to hal_rcc.o(.text) for RCC_APB1PeriphResetCmd
    hal_i2c.o(.text) refers to uidiv.o(.text) for __aeabi_uidivmod
    hal_i2c.o(.text) refers to hal_i2c.o(.data) for I2C_DMA_DIR
    hal_memprotect.o(.text) refers to hal_flash.o(.text) for FLASH_WaitForLastOperation
    hal_pwr.o(.text) refers to hal_rcc.o(.text) for RCC_APB1PeriphResetCmd
    hal_rcc.o(.text) refers to uidiv.o(.text) for __aeabi_uidivmod
    hal_rcc.o(.text) refers to hal_rcc.o(.data) for APBAHBPrescTable
    hal_spi.o(.text) refers to hal_rcc.o(.text) for RCC_APB2PeriphResetCmd
    hal_tim.o(.text) refers to hal_rcc.o(.text) for RCC_APB2PeriphResetCmd
    hal_uart.o(.text) refers to hal_rcc.o(.text) for RCC_APB2PeriphResetCmd
    hal_uart.o(.text) refers to uidiv.o(.text) for __aeabi_uidivmod
    hal_wwdg.o(.text) refers to hal_rcc.o(.text) for RCC_APB1PeriphResetCmd
    spi.o(.text) refers to hal_gpio.o(.text) for GPIO_ResetBits
    spi.o(.text) refers to hal_spi.o(.text) for SPI_BiDirectionalLineConfig
    spi.o(.text) refers to hal_rcc.o(.text) for RCC_APB1PeriphClockCmd
    callback.o(.text) refers to rcc.o(.text) for SysClk48to8
    callback.o(.text) refers to hal_rcc.o(.text) for RCC_SYSCLKConfig
    callback.o(.text) refers to hwtest.o(i.ble_run_interrupt_McuCanSleep) for ble_run_interrupt_McuCanSleep
    callback.o(.text) refers to delay.o(.text) for delay_us
    callback.o(.text) refers to hal_gpio.o(.text) for GPIO_SetBits
    callback.o(.text) refers to app.o(.text) for GetConnectedStatus
[...]
    i.radio_setWakeupTime                    0x080042ca   Section        0  mg_driver.o(i.radio_setWakeupTime)
    i.radio_sleep                            0x080042e8   Section        0  mg_driver.o(i.radio_sleep)
    i.radio_standby                          0x08004304   Section        0  mg_driver.o(i.radio_standby)
    i.radio_wakeup                           0x08004368   Section        0  mg_driver.o(i.radio_wakeup)
    i.readQueue                              0x08004374   Section        0  data_queue.o(i.readQueue)
    i.sOpCheck_Start                         0x080043b8   Section        0  slave_dispatch.o(i.sOpCheck_Start)
    i.s_llChmReq                             0x080043d4   Section        0  ll_control.o(i.s_llChmReq)
    i.s_llConnParaRsp                        0x080043d8   Section        0  ll_control.o(i.s_llConnParaRsp)
    i.s_llEnc                                0x08004420   Section        0  ll_control.o(i.s_llEnc)
    i.s_llFea                                0x08004464   Section        0  ll_control.o(i.s_llFea)
    i.s_llSmPair                             0x08004498   Section        0  ll_control.o(i.s_llSmPair)
    i.s_llTer                                0x080044d8   Section        0  ll_control.o(i.s_llTer)
    i.s_llUnknownRsp                         0x08004500   Section        0  ll_control.o(i.s_llUnknownRsp)
    i.s_llVersion                            0x08004530   Section        0  ll_control.o(i.s_llVersion)
    i.s_opcodeCheck                          0x08004564   Section        0  slave_dispatch.o(i.s_opcodeCheck)
    s_opcodeCheck                            0x08004565   Thumb Code    86  slave_dispatch.o(i.s_opcodeCheck)
    i.s_opcodeCheckOld                       0x080045c0   Section        0  slave_dispatch.o(i.s_opcodeCheckOld)
    i.savetxbuf                              0x08004848   Section        0  ll_control.o(i.savetxbuf)
    i.sconnConUpdate                         0x08004868   Section        0  fsm_sconn.o(i.sconnConUpdate)
    i.sconnUpChm                             0x080048cc   Section        0  fsm_sconn.o(i.sconnUpChm)
    i.sconn_ReSetLLSupvTimer                 0x08004900   Section        0  fsm_sconn.o(i.sconn_ReSetLLSupvTimer)
    i.sconn_notifydata                       0x08004908   Section        0  att.o(i.sconn_notifydata)
    i.sconn_onNumUsedCh                      0x0800494c   Section        0  fsm_sconn.o(i.sconn_onNumUsedCh)
    sconn_onNumUsedCh                        0x0800494d   Thumb Code    52  fsm_sconn.o(i.sconn_onNumUsedCh)
    i.sconn_onRxAA                           0x08004988   Section        0  fsm_sconn.o(i.sconn_onRxAA)
    sconn_onRxAA                             0x08004989   Thumb Code    22  fsm_sconn.o(i.sconn_onRxAA)
    i.sconn_onRxPDU                          0x080049a4   Section        0  fsm_sconn.o(i.sconn_onRxPDU)
    sconn_onRxPDU                            0x080049a5   Thumb Code   212  fsm_sconn.o(i.sconn_onRxPDU)
    i.sconn_onSleep                          0x08004a84   Section        0  fsm_sconn.o(i.sconn_onSleep)
    sconn_onSleep                            0x08004a85   Thumb Code   572  fsm_sconn.o(i.sconn_onSleep)
    i.sconn_onTxStarted                      0x08004ce0   Section        0  fsm_sconn.o(i.sconn_onTxStarted)
    sconn_onTxStarted                        0x08004ce1   Thumb Code    26  fsm_sconn.o(i.sconn_onTxStarted)
    i.sconn_onWakeup                         0x08004d00   Section        0  fsm_sconn.o(i.sconn_onWakeup)
    sconn_onWakeup                           0x08004d01   Thumb Code    84  fsm_sconn.o(i.sconn_onWakeup)
    i.ser_execute_write_rsp                  0x08004d5c   Section        0  att.o(i.ser_execute_write_rsp)
    i.ser_notify_handle                      0x08004d7e   Section        0  att.o(i.ser_notify_handle)
    i.ser_prepare_write_rsp                  0x08004dd6   Section        0  att.o(i.ser_prepare_write_rsp)
    i.ser_write_rsp_pkt                      0x08004e1c   Section        0  att.o(i.ser_write_rsp_pkt)
    i.test_adv_generic                       0x08004e44   Section        0  hwtest.o(i.test_adv_generic)
    i.txRsp                                  0x08004e6c   Section        0  ll_control.o(i.txRsp)
    i.update_adv_generic_para                0x08004e98   Section        0  hwtest.o(i.update_adv_generic_para)
    update_adv_generic_para                  0x08004e99   Thumb Code   142  hwtest.o(i.update_adv_generic_para)
    .constdata                               0x08004f30   Section      154  app.o(.constdata)
    .constdata                               0x08004fcc   Section       28  fsm_adv_generic.o(.constdata)
    .constdata                               0x08004fe8   Section        4  slave_dispatch.o(.constdata)
    s_opCheck                                0x08004fe8   Data           4  slave_dispatch.o(.constdata)
    .constdata                               0x08004fec   Section       28  fsm_sconn.o(.constdata)
    sconnFsm                                 0x08004fec   Data          28  fsm_sconn.o(.constdata)
    .data                                    0x20000000   Section        6  main.o(.data)
    .data                                    0x20000008   Section       12  uart.o(.data)
    .data                                    0x20000014   Section        4  sys.o(.data)
    .data                                    0x20000018   Section        4  hal_i2c.o(.data)
    I2C_CMD_DIR                              0x20000018   Data           1  hal_i2c.o(.data)
    .data                                    0x2000001c   Section       16  hal_rcc.o(.data)
    APBAHBPrescTable                         0x2000001c   Data          16  hal_rcc.o(.data)
    .data                                    0x2000002c   Section       25  callback.o(.data)
    dis_int_count                            0x20000044   Data           1  callback.o(.data)
    .data                                    0x20000046   Section       40  app.o(.data)
    gConnectedFlag                           0x2000006d   Data           1  app.o(.data)
    .data                                    0x2000006e   Section       17  att.o(.data)
    .data                                    0x20000080   Section       59  hwtest.o(.data)
    user_defined_advLen                      0x20000082   Data           1  hwtest.o(.data)
    user_defined_adv_rspLen                  0x20000083   Data           1  hwtest.o(.data)
    status                                   0x20000085   Data           1  hwtest.o(.data)
    nSwTimerRunning                          0x20000087   Data           1  hwtest.o(.data)
    len_pdu                                  0x20000088   Data           1  hwtest.o(.data)
    adv_hdr                                  0x20000089   Data           2  hwtest.o(.data)
    adv_interval                             0x2000008c   Data           2  hwtest.o(.data)
    scan_rsp_hdr                             0x2000008e   Data           2  hwtest.o(.data)
    McuCanSleepMargin                        0x20000090   Data           2  hwtest.o(.data)
    adv_data                                 0x20000092   Data           3  hwtest.o(.data)
    McuWakeUpTick                            0x20000098   Data           4  hwtest.o(.data)
    TargetSwTimerOutTick                     0x2000009c   Data           4  hwtest.o(.data)
    scan_rsp_data                            0x200000a0   Data          27  hwtest.o(.data)
    .data                                    0x200000bb   Section        6  hwtest.o(.data)
    .data                                    0x200000c2   Section        8  ll_control.o(.data)
    chmPaBuf                                 0x200000c2   Data           8  ll_control.o(.data)
    .data                                    0x200000cc   Section       12  ll_control.o(.data)
    hdbak                                    0x200000cc   Data           2  ll_control.o(.data)
    hdr                                      0x200000ce   Data           2  ll_control.o(.data)
    ctr_UpConn                               0x200000d0   Data           4  ll_control.o(.data)
    ctr_UpChm                                0x200000d4   Data           4  ll_control.o(.data)
    .data                                    0x200000d8   Section       64  fsm_adv_generic.o(.data)
    adv_len                                  0x200000d8   Data           1  fsm_adv_generic.o(.data)
    scan_rsp_len                             0x200000d9   Data           1  fsm_adv_generic.o(.data)
    ch                                       0x200000da   Data           1  fsm_adv_generic.o(.data)
    IsFixChannel37Adv                        0x200000db   Data           1  fsm_adv_generic.o(.data)
    DoRCFeqCalFlag                           0x200000dc   Data           1  fsm_adv_generic.o(.data)
    DoRCFeqCalStarted                        0x200000dd   Data           1  fsm_adv_generic.o(.data)
    cnt_less_calib                           0x200000de   Data           1  fsm_adv_generic.o(.data)
    McuRcCalTimerEnableFlag                  0x200000df   Data           1  fsm_adv_generic.o(.data)
    EnableAdvFlag                            0x200000e0   Data           1  fsm_adv_generic.o(.data)
    cnt_RcCal                                0x200000e4   Data           2  fsm_adv_generic.o(.data)
    adv_hdr                                  0x200000e6   Data           2  fsm_adv_generic.o(.data)
    scan_rsp_hdr                             0x200000e8   Data           2  fsm_adv_generic.o(.data)
    adv_interval_lfclk                       0x200000ec   Data           4  fsm_adv_generic.o(.data)
    tx_len_hfclk                             0x200000f0   Data           4  fsm_adv_generic.o(.data)
    tx_start                                 0x200000f4   Data           4  fsm_adv_generic.o(.data)
    RcCalLfClk                               0x200000f8   Data           4  fsm_adv_generic.o(.data)
    RcCalHfClk                               0x200000fc   Data           4  fsm_adv_generic.o(.data)
    McuRcCalTimerTarget                      0x20000100   Data           4  fsm_adv_generic.o(.data)
    LF_AMPLE_U                               0x20000104   Data           4  fsm_adv_generic.o(.data)
    LF_AMPLE_LF                              0x20000108   Data           4  fsm_adv_generic.o(.data)
    LF_AMPLE_D                               0x2000010c   Data           4  fsm_adv_generic.o(.data)
    adv_data                                 0x20000110   Data           4  fsm_adv_generic.o(.data)
    scan_rsp_data                            0x20000114   Data           4  fsm_adv_generic.o(.data)
    .data                                    0x20000118   Section        5  mg_driver.o(.data)
    Header                                   0x2000011b   Data           2  mg_driver.o(.data)
    .data                                    0x20000120   Section        8  data_queue.o(.data)
    node_free                                0x20000120   Data           1  data_queue.o(.data)
    node_error_code                          0x20000121   Data           1  data_queue.o(.data)
    count                                    0x20000124   Data           4  data_queue.o(.data)
    .data                                    0x20000128   Section       61  slave_dispatch.o(.data)
    l2cap_len                                0x20000128   Data           1  slave_dispatch.o(.data)
    CurrentLLHdr                             0x20000129   Data           1  slave_dispatch.o(.data)
    dataHdrP                                 0x2000012a   Data           1  slave_dispatch.o(.data)
    attHandle                                0x2000012c   Data           2  slave_dispatch.o(.data)
    att_incl                                 0x20000134   Data           6  slave_dispatch.o(.data)
    queue_tx                                 0x2000013c   Data           8  slave_dispatch.o(.data)
    .data                                    0x20000168   Section        4  fsm_base.o(.data)
    .data                                    0x2000016c   Section        4  fsm_base.o(.data)
    .data                                    0x20000170   Section        4  fsm_base.o(.data)
    .data                                    0x20000174   Section        8  fsm_base.o(.data)
    connState                                0x20000174   Data           1  fsm_base.o(.data)
    .data                                    0x2000017c   Section       67  fsm_sconn.o(.data)
    new_pdu_flag                             0x2000017c   Data           1  fsm_sconn.o(.data)
    LostPackageNum                           0x2000017d   Data           1  fsm_sconn.o(.data)
    NoSleep                                  0x2000017e   Data           1  fsm_sconn.o(.data)
    master_addr_type                         0x20000180   Data           1  fsm_sconn.o(.data)
    ch                                       0x20000181   Data           1  fsm_sconn.o(.data)
    unmapped_ch                              0x20000182   Data           1  fsm_sconn.o(.data)
    winSize                                  0x20000183   Data           1  fsm_sconn.o(.data)
    hop                                      0x20000184   Data           1  fsm_sconn.o(.data)
    num_used_channels                        0x20000185   Data           1  fsm_sconn.o(.data)
    rx_window                                0x20000186   Data           2  fsm_sconn.o(.data)
    connEvents                               0x20000188   Data           2  fsm_sconn.o(.data)
    latency_local                            0x2000018a   Data           2  fsm_sconn.o(.data)
    winOffset                                0x2000018c   Data           2  fsm_sconn.o(.data)
    interval                                 0x2000018e   Data           2  fsm_sconn.o(.data)
    latency                                  0x20000190   Data           2  fsm_sconn.o(.data)
    timeout                                  0x20000192   Data           2  fsm_sconn.o(.data)
    timeoutTime                              0x20000194   Data           2  fsm_sconn.o(.data)
    crcInit                                  0x20000196   Data           3  fsm_sconn.o(.data)
    s_ctr_UpChm                              0x2000019c   Data           4  fsm_sconn.o(.data)
    s_ctr_UpConn                             0x200001a0   Data           4  fsm_sconn.o(.data)
    anchor_hfclk                             0x200001a4   Data           4  fsm_sconn.o(.data)
    tx_start                                 0x200001a8   Data           4  fsm_sconn.o(.data)
    AA                                       0x200001ac   Data           4  fsm_sconn.o(.data)
    wakeupTime                               0x200001b0   Data           4  fsm_sconn.o(.data)
    chM                                      0x200001b4   Data           5  fsm_sconn.o(.data)
    master_addr                              0x200001b9   Data           6  fsm_sconn.o(.data)
    .data                                    0x200001c0   Section        8  fsm_sconn.o(.data)
    chmPaBuf                                 0x200001c0   Data           8  fsm_sconn.o(.data)
    .bss                                     0x200001c8   Section      381  uart.o(.bss)
    .bss                                     0x20000345   Section      252  callback.o(.bss)
    .bss                                     0x20000441   Section      101  hwtest.o(.bss)
    user_defined_adv                         0x20000441   Data          31  hwtest.o(.bss)
    user_defined_adv_rsp                     0x20000460   Data          31  hwtest.o(.bss)
    rx_buf                                   0x2000047f   Data          39  hwtest.o(.bss)
    .bss                                     0x200004a6   Section       12  ll_control.o(.bss)
    connPaBuf                                0x200004a6   Data          12  ll_control.o(.bss)
    .bss                                     0x200004b2   Section       37  ll_control.o(.bss)
    txbufbak                                 0x200004b2   Data          37  ll_control.o(.bss)
    .bss                                     0x200004d8   Section      452  data_queue.o(.bss)
    data_buf                                 0x200004d8   Data         330  data_queue.o(.bss)
    node_buf                                 0x20000624   Data         120  data_queue.o(.bss)
    .bss                                     0x2000069c   Section       29  slave_dispatch.o(.bss)
    l2cap_pdu                                0x2000069c   Data          29  slave_dispatch.o(.bss)
    .bss                                     0x200006ba   Section       12  fsm_sconn.o(.bss)
    connPaBuf                                0x200006ba   Data          12  fsm_sconn.o(.bss)
    .bss                                     0x200006c6   Section       70  fsm_sconn.o(.bss)
    remapping_table                          0x200006c6   Data          37  fsm_sconn.o(.bss)
    pdu_l2cap_data                           0x200006eb   Data          33  fsm_sconn.o(.bss)
    STACK                                    0x20000710   Section     1024  startup_mm32w0xx.o(STACK)

    Global Symbols

    Symbol Name                              Value     Ov Type        Size  Object(Section)

    BuildAttributes$$THM_ISAv3M$S$PE$A:L22$X:L11$S22$IEEE1$IW$USESV6$~STKCKD$USESV7$~SHL$OSPACE$ROPI$EBA8$MICROLIB$REQ8$PRES8$EABIv2 0x00000000   Number         0  anon$$obj.o ABSOLUTE
    __ARM_use_no_argv                        0x00000000   Number         0  main.o ABSOLUTE
    __use_no_errno                           0x00000000   Number         0  useno.o ABSOLUTE
    __use_no_exception_handling              0x00000000   Number         0  useno.o ABSOLUTE
    __use_no_fp                              0x00000000   Number         0  useno.o ABSOLUTE
    __use_no_heap                            0x00000000   Number         0  useno.o ABSOLUTE
    __use_no_heap_region                     0x00000000   Number         0  useno.o ABSOLUTE
    __use_no_semihosting                     0x00000000   Number         0  useno.o ABSOLUTE
    __use_no_semihosting_swi                 0x00000000   Number         0  useno.o ABSOLUTE
    __use_no_signal_handling                 0x00000000   Number         0  useno.o ABSOLUTE
    _printf_a                                0x00000000   Number         0  stubs.o ABSOLUTE
    _printf_c                                0x00000000   Number         0  stubs.o ABSOLUTE
    _printf_charcount                        0x00000000   Number         0  stubs.o ABSOLUTE
    _printf_d                                0x00000000   Number         0  stubs.o ABSOLUTE
    _printf_e                                0x00000000   Number         0  stubs.o ABSOLUTE
    _printf_f                                0x00000000   Number         0  stubs.o ABSOLUTE
    _printf_flags                            0x00000000   Number         0  stubs.o ABSOLUTE
    _printf_fp_dec                           0x00000000   Number         0  stubs.o ABSOLUTE
    _printf_fp_hex                           0x00000000   Number         0  stubs.o ABSOLUTE
    _printf_g                                0x00000000   Number         0  stubs.o ABSOLUTE
    _printf_i                                0x00000000   Number         0  stubs.o ABSOLUTE
    _printf_int_dec                          0x00000000   Number         0  stubs.o ABSOLUTE
    _printf_l                                0x00000000   Number         0  stubs.o ABSOLUTE
    _printf_lc                               0x00000000   Number         0  stubs.o ABSOLUTE
    _printf_ll                               0x00000000   Number         0  stubs.o ABSOLUTE
    _printf_lld                              0x00000000   Number         0  stubs.o ABSOLUTE
    _printf_lli                              0x00000000   Number         0  stubs.o ABSOLUTE
    _printf_llo                              0x00000000   Number         0  stubs.o ABSOLUTE
    _printf_llu                              0x00000000   Number         0  stubs.o ABSOLUTE
    _printf_llx                              0x00000000   Number         0  stubs.o ABSOLUTE
    _printf_longlong_dec                     0x00000000   Number         0  stubs.o ABSOLUTE
    _printf_longlong_hex                     0x00000000   Number         0  stubs.o ABSOLUTE
    _printf_longlong_oct                     0x00000000   Number         0  stubs.o ABSOLUTE
    _printf_ls                               0x00000000   Number         0  stubs.o ABSOLUTE
    _printf_mbtowc                           0x00000000   Number         0  stubs.o ABSOLUTE
    _printf_n                                0x00000000   Number         0  stubs.o ABSOLUTE
    _printf_o                                0x00000000   Number         0  stubs.o ABSOLUTE
    _printf_p                                0x00000000   Number         0  stubs.o ABSOLUTE
    _printf_percent                          0x00000000   Number         0  stubs.o ABSOLUTE
    _printf_pre_padding                      0x00000000   Number         0  stubs.o ABSOLUTE
    _printf_return_value                     0x00000000   Number         0  stubs.o ABSOLUTE
    _printf_s                                0x00000000   Number         0  stubs.o ABSOLUTE
    _printf_sizespec                         0x00000000   Number         0  stubs.o ABSOLUTE
    _printf_str                              0x00000000   Number         0  stubs.o ABSOLUTE
    _printf_truncate_signed                  0x00000000   Number         0  stubs.o ABSOLUTE
    _printf_truncate_unsigned                0x00000000   Number         0  stubs.o ABSOLUTE
    _printf_u                                0x00000000   Number         0  stubs.o ABSOLUTE
    _printf_wc                               0x00000000   Number         0  stubs.o ABSOLUTE
    _printf_wctomb                           0x00000000   Number         0  stubs.o ABSOLUTE
    _printf_widthprec                        0x00000000   Number         0  stubs.o ABSOLUTE
    _printf_x                                0x00000000   Number         0  stubs.o ABSOLUTE
    __cpp_initialize__aeabi_                  - Undefined Weak Reference
    __cxa_finalize                            - Undefined Weak Reference
    _clock_init                               - Undefined Weak Reference
    _microlib_exit                            - Undefined Weak Reference
    __Vectors_Size                           0x000000c0   Number         0  startup_mm32w0xx.o ABSOLUTE
    __Vectors                                0x08000000   Data           4  startup_mm32w0xx.o(RESET)
    __Vectors_End                            0x080000c0   Data           0  startup_mm32w0xx.o(RESET)
    __main                                   0x080000c1   Thumb Code     0  entry.o(.ARM.Collect$$$$00000000)
    _main_stk                                0x080000c1   Thumb Code     0  entry2.o(.ARM.Collect$$$$00000001)
    _main_scatterload                        0x080000c5   Thumb Code     0  entry5.o(.ARM.Collect$$$$00000004)
    __main_after_scatterload                 0x080000c9   Thumb Code     0  entry5.o(.ARM.Collect$$$$00000004)
    _main_clock                              0x080000c9   Thumb Code     0  entry7b.o(.ARM.Collect$$$$00000008)
    _main_cpp_init                           0x080000c9   Thumb Code     0  entry8b.o(.ARM.Collect$$$$0000000A)
    _main_init                               0x080000c9   Thumb Code     0  entry9a.o(.ARM.Collect$$$$0000000B)
    __rt_final_cpp                           0x080000d1   Thumb Code     0  entry10a.o(.ARM.Collect$$$$0000000D)
    __rt_final_exit                          0x080000d1   Thumb Code     0  entry11a.o(.ARM.Collect$$$$0000000F)
    SystemInit                               0x08000187   Thumb Code   182  system_mm32w0xx.o(.text)
    Reset_Handler                            0x08000259   Thumb Code    38  startup_mm32w0xx.o(.text)
    HardFault_Handler                        0x08000281   Thumb Code     2  startup_mm32w0xx.o(.text)
    SVC_Handler                              0x08000283   Thumb Code     2  startup_mm32w0xx.o(.text)
    PendSV_Handler                           0x08000285   Thumb Code     2  startup_mm32w0xx.o(.text)
    ADC1_IRQHandler                          0x08000289   Thumb Code     0  startup_mm32w0xx.o(.text)
    AES_IRQHandler                           0x08000289   Thumb Code     0  startup_mm32w0xx.o(.text)
    CAN_IRQHandler                           0x08000289   Thumb Code     0  startup_mm32w0xx.o(.text)
    DMA1_Channel1_IRQHandler                 0x08000289   Thumb Code     0  startup_mm32w0xx.o(.text)
    DMA1_Channel2_3_IRQHandler               0x08000289   Thumb Code     0  startup_mm32w0xx.o(.text)
    DMA1_Channel4_5_IRQHandler               0x08000289   Thumb Code     0  startup_mm32w0xx.o(.text)
    EXTI2_3_IRQHandler                       0x08000289   Thumb Code     0  startup_mm32w0xx.o(.text)
    EXTI4_15_IRQHandler                      0x08000289   Thumb Code     0  startup_mm32w0xx.o(.text)
    FLASH_IRQHandler                         0x08000289   Thumb Code     0  startup_mm32w0xx.o(.text)
    PVD_IRQHandler                           0x08000289   Thumb Code     0  startup_mm32w0xx.o(.text)
    RCC_IRQHandler                           0x08000289   Thumb Code     0  startup_mm32w0xx.o(.text)
    RTC_IRQHandler                           0x08000289   Thumb Code     0  startup_mm32w0xx.o(.text)
    SPI1_IRQHandler                          0x08000289   Thumb Code     0  startup_mm32w0xx.o(.text)
    SPI2_IRQHandler                          0x08000289   Thumb Code     0  startup_mm32w0xx.o(.text)
    TIM14_IRQHandler                         0x08000289   Thumb Code     0  startup_mm32w0xx.o(.text)
    TIM16_IRQHandler                         0x08000289   Thumb Code     0  startup_mm32w0xx.o(.text)
    TIM17_IRQHandler                         0x08000289   Thumb Code     0  startup_mm32w0xx.o(.text)
    TIM1_BRK_UP_TRG_COM_IRQHandler           0x08000289   Thumb Code     0  startup_mm32w0xx.o(.text)
    TIM1_CC_IRQHandler                       0x08000289   Thumb Code     0  startup_mm32w0xx.o(.text)
    TIM2_IRQHandler                          0x08000289   Thumb Code     0  startup_mm32w0xx.o(.text)
    TIM3_IRQHandler                          0x08000289   Thumb Code     0  startup_mm32w0xx.o(.text)
    UART1_IRQHandler                         0x08000289   Thumb Code     0  startup_mm32w0xx.o(.text)
    USB_IRQHandler                           0x08000289   Thumb Code     0  startup_mm32w0xx.o(.text)
    WWDG_IRQHandler                          0x08000289   Thumb Code     0  startup_mm32w0xx.o(.text)
    get_local_addr                           0x080002b1   Thumb Code     6  main.o(.text)
    main                                     0x080002b7   Thumb Code   206  main.o(.text)
    _sys_exit                                0x080003c9   Thumb Code     4  uart.o(.text)
    fputc                                    0x080003cd   Thumb Code    22  uart.o(.text)
    Usart2SendByte                           0x080003e3   Thumb Code    54  uart.o(.text)
    uart_initwBaudRate                       0x08000419   Thumb Code   172  uart.o(.text)
    ChangeBaudRate                           0x080004c5   Thumb Code    64  uart.o(.text)
    moduleOutData                            0x08000505   Thumb Code    50  uart.o(.text)
    UART2_IRQHandler                         0x08000537   Thumb Code   182  uart.o(.text)
    delay_us                                 0x08000625   Thumb Code    32  delay.o(.text)
    delay_ms                                 0x08000645   Thumb Code    32  delay.o(.text)
    GetSysTickCount                          0x08000669   Thumb Code     6  sys.o(.text)
    SysTick_Handler                          0x0800066f   Thumb Code    18  sys.o(.text)
    SysTick_Configuration                    0x08000681   Thumb Code    42  sys.o(.text)
    EXTI_DeInit                              0x08000731   Thumb Code    18  hal_exti.o(.text)
    EXTI_Init                                0x08000743   Thumb Code   134  hal_exti.o(.text)
    EXTI_StructInit                          0x080007c9   Thumb Code    16  hal_exti.o(.text)
    EXTI_GenerateSWInterrupt                 0x080007d9   Thumb Code    12  hal_exti.o(.text)
    EXTI_GetFlagStatus                       0x080007e5   Thumb Code    22  hal_exti.o(.text)
    EXTI_ClearFlag                           0x080007fb   Thumb Code     6  hal_exti.o(.text)
    EXTI_GetITStatus                         0x08000801   Thumb Code    36  hal_exti.o(.text)
    EXTI_ClearITPendingBit                   0x08000825   Thumb Code     6  hal_exti.o(.text)
    GPIO_DeInit                              0x08000835   Thumb Code   118  hal_gpio.o(.text)
    GPIO_Init                                0x080008ab   Thumb Code   222  hal_gpio.o(.text)
    GPIO_StructInit                          0x08000989   Thumb Code    16  hal_gpio.o(.text)
    GPIO_ReadInputDataBit                    0x08000999   Thumb Code    20  hal_gpio.o(.text)
    GPIO_ReadInputData                       0x080009ad   Thumb Code     8  hal_gpio.o(.text)
    GPIO_ReadOutputDataBit                   0x080009b5   Thumb Code    20  hal_gpio.o(.text)
    GPIO_ReadOutputData                      0x080009c9   Thumb Code     8  hal_gpio.o(.text)
    GPIO_SetBits                             0x080009d1   Thumb Code     4  hal_gpio.o(.text)
    GPIO_ResetBits                           0x080009d5   Thumb Code     4  hal_gpio.o(.text)
    GPIO_WriteBit                            0x080009d9   Thumb Code    12  hal_gpio.o(.text)
    GPIO_Write                               0x080009e5   Thumb Code     4  hal_gpio.o(.text)
    GPIO_PinLockConfig                       0x080009e9   Thumb Code    22  hal_gpio.o(.text)
    GPIO_PinAFConfig                         0x080009ff   Thumb Code    70  hal_gpio.o(.text)
    I2C_DeInit                               0x08000a45   Thumb Code    38  hal_i2c.o(.text)
    I2C_Init                                 0x08000a6b   Thumb Code   182  hal_i2c.o(.text)
    I2C_StructInit                           0x08000b21   Thumb Code    18  hal_i2c.o(.text)
    I2C_Cmd                                  0x08000b33   Thumb Code    32  hal_i2c.o(.text)
    I2C_DMACmd                               0x08000b53   Thumb Code    64  hal_i2c.o(.text)
    I2C_GenerateSTART                        0x08000b93   Thumb Code    26  hal_i2c.o(.text)
    I2C_GenerateSTOP                         0x08000bad   Thumb Code    42  hal_i2c.o(.text)
    I2C_OwnAddress2Config                    0x08000bd7   Thumb Code    20  hal_i2c.o(.text)
    I2C_DualAddressCmd                       0x08000beb   Thumb Code    26  hal_i2c.o(.text)
    I2C_GeneralCallCmd                       0x08000c05   Thumb Code    26  hal_i2c.o(.text)
    I2C_ITConfig                             0x08000c1f   Thumb Code    28  hal_i2c.o(.text)
    I2C_SendData                             0x08000c3b   Thumb Code     4  hal_i2c.o(.text)
    I2C_SendLastDataOrStop                   0x08000c3f   Thumb Code    10  hal_i2c.o(.text)
    I2C_ReadLastDataOrStop                   0x08000c49   Thumb Code    12  hal_i2c.o(.text)
    I2C_ReadCmd                              0x08000c55   Thumb Code     8  hal_i2c.o(.text)
    I2C_ReceiveData                          0x08000c5d   Thumb Code    14  hal_i2c.o(.text)
    I2C_Send7bitAddress                      0x08000c6b   Thumb Code     6  hal_i2c.o(.text)
    I2C_ReadRegister                         0x08000c71   Thumb Code     6  hal_i2c.o(.text)
    I2C_GetLastEvent                         0x08000c77   Thumb Code    16  hal_i2c.o(.text)
    I2C_CheckEvent                           0x08000c87   Thumb Code    52  hal_i2c.o(.text)
    I2C_GetFlagStatus                        0x08000cbb   Thumb Code    76  hal_i2c.o(.text)
    I2C_ClearFlag                            0x08000d07   Thumb Code   146  hal_i2c.o(.text)
    I2C_GetITStatus                          0x08000d99   Thumb Code    20  hal_i2c.o(.text)
    I2C_ClearITPendingBit                    0x08000dad   Thumb Code   192  hal_i2c.o(.text)
    IWDG_WriteAccessCmd                      0x08000e6d   Thumb Code     6  hal_iwdg.o(.text)
    IWDG_SetPrescaler                        0x08000e73   Thumb Code     6  hal_iwdg.o(.text)
    IWDG_SetReload                           0x08000e79   Thumb Code     6  hal_iwdg.o(.text)
    IWDG_ReloadCounter                       0x08000e7f   Thumb Code     8  hal_iwdg.o(.text)
    IWDG_Enable                              0x08000e87   Thumb Code     8  hal_iwdg.o(.text)
    IWDG_GetFlagStatus                       0x08000e8f   Thumb Code    22  hal_iwdg.o(.text)
    NVIC_Init                                0x08000eb1   Thumb Code   106  hal_misc.o(.text)
    NVIC_SetVectorTable                      0x08000f1b   Thumb Code     2  hal_misc.o(.text)
    NVIC_SystemLPConfig                      0x08000f1d   Thumb Code    28  hal_misc.o(.text)
    SysTick_CLKSourceConfig                  0x08000f39   Thumb Code    32  hal_misc.o(.text)
    RCC_DeInit                               0x08000f65   Thumb Code    90  hal_rcc.o(.text)
    RCC_HSEConfig                            0x08000fbf   Thumb Code   104  hal_rcc.o(.text)
    RCC_GetFlagStatus                        0x08001027   Thumb Code    48  hal_rcc.o(.text)
    RCC_WaitForHSEStartUp                    0x08001057   Thumb Code    60  hal_rcc.o(.text)
    RCC_AdjustHSICalibrationValue            0x08001093   Thumb Code    30  hal_rcc.o(.text)
    RCC_HSICmd                               0x080010b1   Thumb Code    32  hal_rcc.o(.text)
    RCC_PLLDMDNConfig                        0x080010d1   Thumb Code    28  hal_rcc.o(.text)
    RCC_PLLConfig                            0x080010ed   Thumb Code   300  hal_rcc.o(.text)
    RCC_PLLCmd                               0x08001219   Thumb Code    36  hal_rcc.o(.text)
    RCC_SYSCLKConfig                         0x0800123d   Thumb Code    24  hal_rcc.o(.text)
    RCC_GetSYSCLKSource                      0x08001255   Thumb Code    10  hal_rcc.o(.text)
    RCC_HCLKConfig                           0x0800125f   Thumb Code    28  hal_rcc.o(.text)
    RCC_PCLK1Config                          0x0800127b   Thumb Code    30  hal_rcc.o(.text)
    RCC_PCLK2Config                          0x08001299   Thumb Code    28  hal_rcc.o(.text)
    RCC_ITConfig                             0x080012b5   Thumb Code    32  hal_rcc.o(.text)
    RCC_USBCLKConfig                         0x080012d5   Thumb Code    24  hal_rcc.o(.text)
    RCC_LSICmd                               0x080012ed   Thumb Code    32  hal_rcc.o(.text)
    RCC_GetClocksFreq                        0x0800130d   Thumb Code   264  hal_rcc.o(.text)
    RCC_AHBPeriphClockCmd                    0x08001415   Thumb Code    28  hal_rcc.o(.text)
    RCC_APB2PeriphClockCmd                   0x08001431   Thumb Code    28  hal_rcc.o(.text)
    RCC_APB1PeriphClockCmd                   0x0800144d   Thumb Code    28  hal_rcc.o(.text)
    RCC_APB2PeriphResetCmd                   0x08001469   Thumb Code    28  hal_rcc.o(.text)
    RCC_APB1PeriphResetCmd                   0x08001485   Thumb Code    28  hal_rcc.o(.text)
    RCC_ClockSecuritySystemCmd               0x080014a1   Thumb Code    34  hal_rcc.o(.text)
    RCC_MCOConfig                            0x080014c3   Thumb Code    28  hal_rcc.o(.text)
    RCC_ClearFlag                            0x080014df   Thumb Code    16  hal_rcc.o(.text)
    RCC_GetITStatus                          0x080014ef   Thumb Code    22  hal_rcc.o(.text)
    RCC_ClearITPendingBit                    0x08001505   Thumb Code    14  hal_rcc.o(.text)
    SPI_DeInit                               0x08001529   Thumb Code    66  hal_spi.o(.text)
    SPI_Init                                 0x0800156b   Thumb Code    88  hal_spi.o(.text)
    SPI_StructInit                           0x080015c3   Thumb Code    32  hal_spi.o(.text)
    SPI_Cmd                                  0x080015e3   Thumb Code    26  hal_spi.o(.text)
    SPI_ITConfig                             0x080015fd   Thumb Code    40  hal_spi.o(.text)
    SPI_DMACmd                               0x08001625   Thumb Code    20  hal_spi.o(.text)
    SPI_FifoTrigger                          0x08001639   Thumb Code    20  hal_spi.o(.text)
    SPI_SendData                             0x0800164d   Thumb Code    48  hal_spi.o(.text)
    SPI_ReceiveData                          0x0800167d   Thumb Code    62  hal_spi.o(.text)
    SPI_CSInternalSelected                   0x080016bb   Thumb Code    24  hal_spi.o(.text)
    SPI_NSSInternalSoftwareConfig            0x080016d3   Thumb Code    30  hal_spi.o(.text)
    SPI_DataSizeConfig                       0x080016f1   Thumb Code    16  hal_spi.o(.text)
    SPI_BiDirectionalLineConfig              0x08001701   Thumb Code    58  hal_spi.o(.text)
    SPI_GetFlagStatus                        0x0800173b   Thumb Code   104  hal_spi.o(.text)
    SPI_GetITStatus                          0x080017a3   Thumb Code    20  hal_spi.o(.text)
    SPI_ClearITPendingBit                    0x080017b7   Thumb Code     8  hal_spi.o(.text)
    SPI_RxBytes                              0x080017bf   Thumb Code     4  hal_spi.o(.text)
    SPI_SlaveAdjust                          0x080017c3   Thumb Code     8  hal_spi.o(.text)
    SYSCFG_DeInit                            0x080017d9   Thumb Code    28  hal_syscfg.o(.text)
    SYSCFG_MemoryRemapConfig                 0x080017f5   Thumb Code    24  hal_syscfg.o(.text)
    SYSCFG_DMAChannelRemapConfig             0x0800180d   Thumb Code    28  hal_syscfg.o(.text)
    SYSCFG_EXTILineConfig                    0x08001829   Thumb Code    66  hal_syscfg.o(.text)
    UART_DeInit                              0x08001871   Thumb Code    66  hal_uart.o(.text)
    UART_Init                                0x080018b3   Thumb Code   116  hal_uart.o(.text)
    UART_StructInit                          0x08001927   Thumb Code    26  hal_uart.o(.text)
    UART_Cmd                                 0x08001941   Thumb Code    24  hal_uart.o(.text)
    UART_ITConfig                            0x08001959   Thumb Code    20  hal_uart.o(.text)
    UART_DMACmd                              0x0800196d   Thumb Code    20  hal_uart.o(.text)
    UART_SendData                            0x08001981   Thumb Code     6  hal_uart.o(.text)
    UART_ReceiveData                         0x08001987   Thumb Code     8  hal_uart.o(.text)
    UART_GetFlagStatus                       0x0800198f   Thumb Code    20  hal_uart.o(.text)
    UART_ClearFlag                           0x080019a3   Thumb Code     2  hal_uart.o(.text)
    UART_GetITStatus                         0x080019a5   Thumb Code    20  hal_uart.o(.text)
    UART_ClearITPendingBit                   0x080019b9   Thumb Code     4  hal_uart.o(.text)
    SPI_WriteRead                            0x080019c9   Thumb Code    42  spi.o(.text)
    SPI_CS_Enable_                           0x080019f3   Thumb Code    14  spi.o(.text)
    SPI_CS_Disable_                          0x08001a01   Thumb Code    14  spi.o(.text)
    SPIM_TXEn                                0x08001a0f   Thumb Code    14  spi.o(.text)
    SPIM_TXDisable                           0x08001a1d   Thumb Code    14  spi.o(.text)
    SPIM_RXEn                                0x08001a2b   Thumb Code    14  spi.o(.text)
    SPIM_RXDisable                           0x08001a39   Thumb Code    16  spi.o(.text)
    SPIM_Init                                0x08001a49   Thumb Code   234  spi.o(.text)
    McuGotoSleepAndWakeup                    0x08001b41   Thumb Code    94  callback.o(.text)
    SysClk8M                                 0x08001b9f   Thumb Code    78  callback.o(.text)
    IrqMcuGotoSleepAndWakeup                 0x08001bed   Thumb Code   160  callback.o(.text)
    NMI_Handler                              0x08001c8d   Thumb Code    16  callback.o(.text)
    DisableEnvINT                            0x08001c9d   Thumb Code    24  callback.o(.text)
    EnableEnvINT                             0x08001cb5   Thumb Code    36  callback.o(.text)
    CheckComPortInData                       0x08001cd9   Thumb Code   134  callback.o(.text)
    UsrProcCallback                          0x08001d5f   Thumb Code   150  callback.o(.text)
    IIC_Init                                 0x08001ebd   Thumb Code   164  iic.o(.text)
    I2C1_IRQHandler                          0x08001f61   Thumb Code   162  iic.o(.text)
    IRQ_RF                                   0x08002021   Thumb Code   122  irq_rf.o(.text)
    IsIrqEnabled                             0x0800209b   Thumb Code    16  irq_rf.o(.text)
    EXTI0_1_IRQHandler                       0x080020ab   Thumb Code   106  irq_rf.o(.text)
    SetSysClock_HSI                          0x080021dd   Thumb Code   172  rcc.o(.text)
    SystemClk_HSEInit                        0x08002289   Thumb Code    26  rcc.o(.text)
    SysClk8to48                              0x080022a3   Thumb Code    14  rcc.o(.text)
    SysClk48to8                              0x080022b1   Thumb Code    42  rcc.o(.text)
    PVU_CheckStatus                          0x08002365   Thumb Code    22  iwdg.o(.text)
    RVU_CheckStatus                          0x0800237b   Thumb Code    22  iwdg.o(.text)
    Write_Iwdg_ON                            0x08002391   Thumb Code    68  iwdg.o(.text)
    Write_Iwdg_RL                            0x080023d5   Thumb Code     8  iwdg.o(.text)
    getDeviceInfoData                        0x080023e1   Thumb Code    10  app.o(.text)
    updateDeviceInfoData                     0x080023eb   Thumb Code    34  app.o(.text)
    GetCharListDim                           0x0800240d   Thumb Code     4  app.o(.text)
    att_server_rdByGrType                    0x08002411   Thumb Code    74  app.o(.text)
    ser_write_rsp                            0x0800245b   Thumb Code    92  app.o(.text)
    ser_prepare_write                        0x080024b7   Thumb Code     2  app.o(.text)
    ser_execute_write                        0x080024b9   Thumb Code     2  app.o(.text)
    server_rd_rsp                            0x080024bb   Thumb Code   260  app.o(.text)
    GetPrimaryServiceHandle                  0x080025bf   Thumb Code    10  app.o(.text)
    gatt_user_send_notify_data_callback      0x080025c9   Thumb Code     2  app.o(.text)
    getsoftwareversion                       0x080025cb   Thumb Code     4  app.o(.text)
    GetConnectedStatus                       0x080025cf   Thumb Code     6  app.o(.text)
    server_blob_rd_rsp                       0x080025d5   Thumb Code    22  app.o(.text)
    ConnectStausUpdate                       0x080025eb   Thumb Code    34  app.o(.text)
    __aeabi_uidiv                            0x08002641   Thumb Code     0  uidiv.o(.text)
    __aeabi_uidivmod                         0x08002641   Thumb Code    44  uidiv.o(.text)
    __aeabi_idiv                             0x0800266d   Thumb Code     0  idiv.o(.text)
    __aeabi_idivmod                          0x0800266d   Thumb Code    40  idiv.o(.text)
    __aeabi_memcpy                           0x08002695   Thumb Code    36  memcpya.o(.text)
    __aeabi_memcpy4                          0x08002695   Thumb Code     0  memcpya.o(.text)
    __aeabi_memcpy8                          0x08002695   Thumb Code     0  memcpya.o(.text)
    __aeabi_memset                           0x080026b9   Thumb Code    14  memseta.o(.text)
    __aeabi_memset4                          0x080026b9   Thumb Code     0  memseta.o(.text)
    __aeabi_memset8                          0x080026b9   Thumb Code     0  memseta.o(.text)
    __aeabi_memclr                           0x080026c7   Thumb Code     4  memseta.o(.text)
    __aeabi_memclr4                          0x080026c7   Thumb Code     0  memseta.o(.text)
    __aeabi_memclr8                          0x080026c7   Thumb Code     0  memseta.o(.text)
    _memset$wrapper                          0x080026cb   Thumb Code    18  memseta.o(.text)
    strlen                                   0x080026dd   Thumb Code    14  strlen.o(.text)
    memcmp                                   0x080026eb   Thumb Code    26  memcmp.o(.text)
    __aeabi_uldivmod                         0x08002705   Thumb Code    96  uldiv.o(.text)
    __scatterload                            0x08002765   Thumb Code    28  init.o(.text)
    __scatterload_rt2                        0x08002765   Thumb Code     0  init.o(.text)
    __aeabi_llsl                             0x08002789   Thumb Code    32  llshl.o(.text)
    _ll_shift_l                              0x08002789   Thumb Code     0  llshl.o(.text)
    __aeabi_llsr                             0x080027a9   Thumb Code    34  llushr.o(.text)
    _ll_ushift_r                             0x080027a9   Thumb Code     0  llushr.o(.text)
    __decompress                             0x080027cb   Thumb Code     0  __dczerorl.o(.text)
    __decompress0                            0x080027cb   Thumb Code    58  __dczerorl.o(.text)
    CheckMcuTimerForRcCal                    0x08002835   Thumb Code    42  fsm_adv_generic.o(i.CheckMcuTimerForRcCal)
    DoRcConvert_HF_LF_COEF                   0x080028c5   Thumb Code    16  fsm_adv_generic.o(i.DoRcConvert_HF_LF_COEF)
    DoRcConvert_LF_AMPLE                     0x080028d9   Thumb Code    38  fsm_adv_generic.o(i.DoRcConvert_LF_AMPLE)
    GenerateTxQueue                          0x08002905   Thumb Code    48  slave_dispatch.o(i.GenerateTxQueue)
    GetAdvCh                                 0x08002939   Thumb Code     6  fsm_adv_generic.o(i.GetAdvCh)
    GetAdvEnable                             0x08002945   Thumb Code     6  fsm_adv_generic.o(i.GetAdvEnable)
    GetFirmwareInfo                          0x08002951   Thumb Code    32  att.o(i.GetFirmwareInfo)
    IsSwTimeOut                              0x08002979   Thumb Code    32  hwtest.o(i.IsSwTimeOut)
    ReSConnect                               0x0800299d   Thumb Code    98  fsm_sconn.o(i.ReSConnect)
    SIG_CommandRej                           0x08002a11   Thumb Code    52  l2cap.o(i.SIG_CommandRej)
    SaveCurrentHdr                           0x08002a45   Thumb Code     6  slave_dispatch.o(i.SaveCurrentHdr)
    SetBleIntRunningMode                     0x08002a51   Thumb Code     8  hwtest.o(i.SetBleIntRunningMode)
    SetMcuSleepFlag                          0x08002a5d   Thumb Code    10  hwtest.o(i.SetMcuSleepFlag)
    SetSwTimer                               0x08002a6d   Thumb Code    20  hwtest.o(i.SetSwTimer)
    StartBBTimerForRcCal                     0x08002a85   Thumb Code    22  fsm_adv_generic.o(i.StartBBTimerForRcCal)
    Tx_len                                   0x08002aa1   Thumb Code    14  fsm_base.o(i.Tx_len)
    __0printf$8                              0x08002ab5   Thumb Code    24  printf8.o(i.__0printf$8)
    __1printf$8                              0x08002ab5   Thumb Code     0  printf8.o(i.__0printf$8)
    __2printf                                0x08002ab5   Thumb Code     0  printf8.o(i.__0printf$8)
    __ARM_common_switch8                     0x08002ad5   Thumb Code    26  mg_driver.o(i.__ARM_common_switch8)
    __scatterload_copy                       0x08002aef   Thumb Code    14  handlers.o(i.__scatterload_copy)
    __scatterload_null                       0x08002afd   Thumb Code     2  handlers.o(i.__scatterload_null)
    __scatterload_zeroinit                   0x08002aff   Thumb Code    14  handlers.o(i.__scatterload_zeroinit)
    att_ErrorFd_eCode                        0x080032ed   Thumb Code    44  att.o(i.att_ErrorFd_eCode)
    att_exMtuReq                             0x08003325   Thumb Code    30  att.o(i.att_exMtuReq)
    att_notFd                                0x0800334d   Thumb Code    10  att.o(i.att_notFd)
    att_server_findByType                    0x0800335f   Thumb Code   110  att.o(i.att_server_findByType)
    att_server_findIn                        0x080033cd   Thumb Code   126  att.o(i.att_server_findIn)
    att_server_rd                            0x08003451   Thumb Code    80  att.o(i.att_server_rd)
    att_server_rdByGrTypeRspDeviceInfo       0x080034a1   Thumb Code    92  att.o(i.att_server_rdByGrTypeRspDeviceInfo)
    att_server_rdByGrTypeRspPrimaryService   0x08003501   Thumb Code    90  att.o(i.att_server_rdByGrTypeRspPrimaryService)
    att_server_rdByType                      0x0800355d   Thumb Code   478  att.o(i.att_server_rdByType)
    bb_DoRcCal                               0x0800374d   Thumb Code    40  fsm_adv_generic.o(i.bb_DoRcCal)
    bb_advCalTimerIrq                        0x08003781   Thumb Code    12  fsm_adv_generic.o(i.bb_advCalTimerIrq)
    bb_advGenericSetup                       0x0800378d   Thumb Code    38  fsm_adv_generic.o(i.bb_advGenericSetup)
    bb_advGenericStart                       0x080037b9   Thumb Code    10  fsm_adv_generic.o(i.bb_advGenericStart)
    bb_getConnState                          0x080037cd   Thumb Code    26  fsm_base.o(i.bb_getConnState)
    bb_sconnStart                            0x080037ed   Thumb Code   110  fsm_sconn.o(i.bb_sconnStart)
    bb_setConnState                          0x08003871   Thumb Code     6  fsm_base.o(i.bb_setConnState)
    ble_nMsRoutine                           0x0800387d   Thumb Code    38  hwtest.o(i.ble_nMsRoutine)
    ble_run                                  0x080038ad   Thumb Code   512  hwtest.o(i.ble_run)
    ble_run_interrupt_McuCanSleep            0x08003ac1   Thumb Code    32  hwtest.o(i.ble_run_interrupt_McuCanSleep)
    ble_run_interrupt_start                  0x08003ae5   Thumb Code    34  hwtest.o(i.ble_run_interrupt_start)
    ble_set_adv_type                         0x08003b0d   Thumb Code    22  hwtest.o(i.ble_set_adv_type)
    ble_set_name                             0x08003b29   Thumb Code    50  hwtest.o(i.ble_set_name)
    empty_pk                                 0x08003bbd   Thumb Code    14  ll_control.o(i.empty_pk)
    get_ble_version                          0x08003bcd   Thumb Code     4  hwtest.o(i.get_ble_version)
    get_node_free                            0x08003bdd   Thumb Code     6  data_queue.o(i.get_node_free)
    is_node_empty                            0x08003be9   Thumb Code    16  data_queue.o(i.is_node_empty)
    mg_activate                              0x08003bfd   Thumb Code    30  mg_driver.o(i.mg_activate)
    mg_readBuf                               0x08003c1b   Thumb Code    52  mg_driver.o(i.mg_readBuf)
    mg_readReg                               0x08003c4f   Thumb Code    34  mg_driver.o(i.mg_readReg)
    mg_writeBuf                              0x08003c71   Thumb Code    56  mg_driver.o(i.mg_writeBuf)
    mg_writeReg                              0x08003ca9   Thumb Code    34  mg_driver.o(i.mg_writeReg)
    queue_empty                              0x08003ccb   Thumb Code    20  data_queue.o(i.queue_empty)
    queue_init                               0x08003ce1   Thumb Code    14  data_queue.o(i.queue_init)
    queue_pop                                0x08003cf5   Thumb Code    24  data_queue.o(i.queue_pop)
    queue_push                               0x08003d0d   Thumb Code    34  data_queue.o(i.queue_push)
    radio_do_cal                             0x08003d2f   Thumb Code   146  mg_driver.o(i.radio_do_cal)
    radio_do_cal_check_result                0x08003dc1   Thumb Code    34  mg_driver.o(i.radio_do_cal_check_result)
    radio_do_cal_start                       0x08003de5   Thumb Code    36  mg_driver.o(i.radio_do_cal_start)
    radio_do_cal_step_check                  0x08003e0d   Thumb Code   152  mg_driver.o(i.radio_do_cal_step_check)
    radio_getClock                           0x08003ea9   Thumb Code    56  mg_driver.o(i.radio_getClock)
    radio_getHClock                          0x08003ee1   Thumb Code    38  mg_driver.o(i.radio_getHClock)
    radio_getHdr                             0x08003f09   Thumb Code    54  mg_driver.o(i.radio_getHdr)
    radio_getPdu                             0x08003f45   Thumb Code   142  mg_driver.o(i.radio_getPdu)
    radio_initBle                            0x08003fd9   Thumb Code   392  mg_driver.o(i.radio_initBle)
    radio_readClearIRQ                       0x0800416d   Thumb Code    26  mg_driver.o(i.radio_readClearIRQ)
    radio_setAccessCode                      0x08004187   Thumb Code    32  mg_driver.o(i.radio_setAccessCode)
    radio_setAdvHeader                       0x080041a7   Thumb Code    24  mg_driver.o(i.radio_setAdvHeader)
    radio_setAdvPayload                      0x080041bf   Thumb Code    14  mg_driver.o(i.radio_setAdvPayload)
    radio_setChannel                         0x080041cd   Thumb Code    16  mg_driver.o(i.radio_setChannel)
    radio_setCrcInit                         0x080041dd   Thumb Code    28  mg_driver.o(i.radio_setCrcInit)
    radio_setIrqMask                         0x080041f9   Thumb Code    22  mg_driver.o(i.radio_setIrqMask)
    radio_setMode                            0x0800420f   Thumb Code    56  mg_driver.o(i.radio_setMode)
    radio_setPaGain                          0x08004247   Thumb Code    22  mg_driver.o(i.radio_setPaGain)
    radio_setStartTime                       0x0800425d   Thumb Code    26  mg_driver.o(i.radio_setStartTime)
    radio_setTimeout                         0x08004279   Thumb Code    36  mg_driver.o(i.radio_setTimeout)
    radio_setTxPayload                       0x080042a1   Thumb Code    14  mg_driver.o(i.radio_setTxPayload)
    radio_setTxPduHeader                     0x080042af   Thumb Code    28  mg_driver.o(i.radio_setTxPduHeader)
    radio_setWakeupTime                      0x080042cb   Thumb Code    30  mg_driver.o(i.radio_setWakeupTime)
    radio_sleep                              0x080042e9   Thumb Code    26  mg_driver.o(i.radio_sleep)
    radio_standby                            0x08004305   Thumb Code    94  mg_driver.o(i.radio_standby)
    radio_wakeup                             0x08004369   Thumb Code    12  mg_driver.o(i.radio_wakeup)
    readQueue                                0x08004375   Thumb Code    62  data_queue.o(i.readQueue)
    sOpCheck_Start                           0x080043b9   Thumb Code    20  slave_dispatch.o(i.sOpCheck_Start)
    s_llChmReq                               0x080043d5   Thumb Code     2  ll_control.o(i.s_llChmReq)
    s_llConnParaRsp                          0x080043d9   Thumb Code    42  ll_control.o(i.s_llConnParaRsp)
    s_llEnc                                  0x08004421   Thumb Code    62  ll_control.o(i.s_llEnc)
    s_llFea                                  0x08004465   Thumb Code    36  ll_control.o(i.s_llFea)
    s_llSmPair                               0x08004499   Thumb Code    60  ll_control.o(i.s_llSmPair)
    s_llTer                                  0x080044d9   Thumb Code    36  ll_control.o(i.s_llTer)
    s_llUnknownRsp                           0x08004501   Thumb Code    38  ll_control.o(i.s_llUnknownRsp)
    s_llVersion                              0x08004531   Thumb Code    38  ll_control.o(i.s_llVersion)
    s_opcodeCheckOld                         0x080045c1   Thumb Code   640  slave_dispatch.o(i.s_opcodeCheckOld)
    savetxbuf                                0x08004849   Thumb Code    24  ll_control.o(i.savetxbuf)
    sconnConUpdate                           0x08004869   Thumb Code    90  fsm_sconn.o(i.sconnConUpdate)
    sconnUpChm                               0x080048cd   Thumb Code    44  fsm_sconn.o(i.sconnUpChm)
    sconn_ReSetLLSupvTimer                   0x08004901   Thumb Code     8  fsm_sconn.o(i.sconn_ReSetLLSupvTimer)
    sconn_notifydata                         0x08004909   Thumb Code    64  att.o(i.sconn_notifydata)
    ser_execute_write_rsp                    0x08004d5d   Thumb Code    34  att.o(i.ser_execute_write_rsp)
    ser_notify_handle                        0x08004d7f   Thumb Code    88  att.o(i.ser_notify_handle)
    ser_prepare_write_rsp                    0x08004dd7   Thumb Code    70  att.o(i.ser_prepare_write_rsp)
    ser_write_rsp_pkt                        0x08004e1d   Thumb Code    30  att.o(i.ser_write_rsp_pkt)
    test_adv_generic                         0x08004e45   Thumb Code    36  hwtest.o(i.test_adv_generic)
    txRsp                                    0x08004e6d   Thumb Code    42  ll_control.o(i.txRsp)
    AttCharList                              0x08004f30   Data          90  app.o(.constdata)
    AttUuid128List                           0x08004f8a   Data          64  app.o(.constdata)
    adv_generic_fsm                          0x08004fcc   Data          28  fsm_adv_generic.o(.constdata)
    Region$$Table$$Base                      0x08005008   Number         0  anon$$obj.o(Region$$Table)
    Region$$Table$$Limit                     0x08005028   Number         0  anon$$obj.o(Region$$Table)
    ble_mac_addr                             0x20000000   Data           4  main.o(.data)
    value_t                                  0x20000004   Data           2  main.o(.data)
    BaudRate                                 0x20000008   Data           4  uart.o(.data)
    len                                      0x2000000c   Data           1  uart.o(.data)
    t                                        0x2000000d   Data           1  uart.o(.data)
    UART_RX_STA                              0x2000000e   Data           2  uart.o(.data)
    __stdout                                 0x20000010   Data           4  uart.o(.data)
    SysTick_Count                            0x20000014   Data           4  sys.o(.data)
    I2C_DMA_DIR                              0x2000001a   Data           2  hal_i2c.o(.data)
    comrxbuf_rd_pos                          0x2000002c   Data           2  callback.o(.data)
    AtCmdBufDataSize                         0x2000002e   Data           1  callback.o(.data)
    txLen                                    0x2000002f   Data           1  callback.o(.data)
    RxCont                                   0x20000030   Data           2  callback.o(.data)
    PosW                                     0x20000032   Data           1  callback.o(.data)
    tempI2cData                              0x20000034   Data           4  callback.o(.data)
    TxTimeout                                0x20000038   Data           4  callback.o(.data)
    SleepStop                                0x2000003c   Data           1  callback.o(.data)
    SleepStatus                              0x2000003d   Data           1  callback.o(.data)
    RxTimeout                                0x20000040   Data           4  callback.o(.data)
    DeviceInfo                               0x20000046   Data          24  app.o(.data)
    NotifyCont                               0x2000005e   Data           2  app.o(.data)
    CanNotifyFlag                            0x20000060   Data           1  app.o(.data)
    txBufFromBLEtoUSB                        0x20000061   Data           8  app.o(.data)
    cur_notifyhandle                         0x2000006a   Data           2  app.o(.data)
    BLE_DATA                                 0x2000006c   Data           1  app.o(.data)
    att_enable_default_device_info           0x2000006e   Data           1  att.o(.data)
    lamp_lum                                 0x2000006f   Data           1  att.o(.data)
    lamp_onoff                               0x20000070   Data           1  att.o(.data)
    rsp_data_sn                              0x20000071   Data           1  att.o(.data)
    lamp_addr                                0x20000072   Data           2  att.o(.data)
    FIRMWARE_INFO                            0x20000074   Data          11  att.o(.data)
    s_flags                                  0x20000080   Data           1  hwtest.o(.data)
    m_flags                                  0x20000081   Data           1  hwtest.o(.data)
    BleRunStepFlags                          0x20000084   Data           1  hwtest.o(.data)
    role_type                                0x20000086   Data           1  hwtest.o(.data)
    myAddr                                   0x200000bb   Data           6  hwtest.o(.data)
    WakeupDelay                              0x200000e2   Data           2  fsm_adv_generic.o(.data)
    ChipVer                                  0x20000118   Data           1  mg_driver.o(.data)
    radio_do_cal_state                       0x20000119   Data           1  mg_driver.o(.data)
    radio_rf_cal_method                      0x2000011a   Data           1  mg_driver.o(.data)
    s_opcodeChe                              0x20000130   Data           4  slave_dispatch.o(.data)
    s_TxBuff                                 0x20000144   Data          33  slave_dispatch.o(.data)
    bb_fsm                                   0x20000168   Data           4  fsm_base.o(.data)
    wakeup_hfclk                             0x2000016c   Data           4  fsm_base.o(.data)
    wakeup_lfclk                             0x20000170   Data           4  fsm_base.o(.data)
    tx_len_hfclkb                            0x20000178   Data           4  fsm_base.o(.data)
    rssi_data                                0x2000017f   Data           1  fsm_sconn.o(.data)
    RX_DATA_BUFF                             0x200001c8   Data         125  uart.o(.bss)
    UART_RX_BUF                              0x20000245   Data         256  uart.o(.bss)
    AtCmdBuf                                 0x20000345   Data          52  callback.o(.bss)
    txBuf                                    0x20000379   Data         100  callback.o(.bss)
    rxBuf                                    0x200003dd   Data         100  callback.o(.bss)
    __initial_sp                             0x20000b10   Data           0  startup_mm32w0xx.o(STACK)



==============================================================================

Memory Map of the image

  Image Entry point : 0x080000c1

  Load Region LR_IROM1 (Base: 0x08000000, Size: 0x000051f0, Max: 0x00020000, ABSOLUTE, COMPRESSED[0x000050a0])

    Execution Region ER_IROM1 (Exec base: 0x08000000, Load base: 0x08000000, Size: 0x00005028, Max: 0x00020000, ABSOLUTE)

    Exec Addr    Load Addr    Size         Type   Attr      Idx    E Section Name        Object

    0x08000000   0x08000000   0x000000c0   Data   RO           47    RESET               startup_mm32w0xx.o
    0x080000c0   0x080000c0   0x00000000   Code   RO         2082  * .ARM.Collect$$$$00000000  mc_p.l(entry.o)
    0x080000c0   0x080000c0   0x00000004   Code   RO         2362    .ARM.Collect$$$$00000001  mc_p.l(entry2.o)
    0x080000c4   0x080000c4   0x00000004   Code   RO         2365    .ARM.Collect$$$$00000004  mc_p.l(entry5.o)
    0x080000c8   0x080000c8   0x00000000   Code   RO         2367    .ARM.Collect$$$$00000008  mc_p.l(entry7b.o)
    0x080000c8   0x080000c8   0x00000000   Code   RO         2369    .ARM.Collect$$$$0000000A  mc_p.l(entry8b.o)
    0x080000c8   0x080000c8   0x00000008   Code   RO         2370    .ARM.Collect$$$$0000000B  mc_p.l(entry9a.o)
    0x080000d0   0x080000d0   0x00000000   Code   RO         2372    .ARM.Collect$$$$0000000D  mc_p.l(entry10a.o)
    0x080000d0   0x080000d0   0x00000000   Code   RO         2374    .ARM.Collect$$$$0000000F  mc_p.l(entry11a.o)
    0x080000d0   0x080000d0   0x00000004   Code   RO         2363    .ARM.Collect$$$$00002712  mc_p.l(entry2.o)
    0x080000d4   0x080000d4   0x00000184   Code   RO            3    .text               system_mm32w0xx.o
    0x08000258   0x08000258   0x00000058   Code   RO           48    .text               startup_mm32w0xx.o
    0x080002b0   0x080002b0   0x00000118   Code   RO           54    .text               main.o
    0x080003c8   0x080003c8   0x0000025c   Code   RO          172    .text               uart.o
    0x08000624   0x08000624   0x00000044   Code   RO          204    .text               delay.o
    0x08000668   0x08000668   0x000000c8   Code   RO          224    .text               sys.o
    0x08000730   0x08000730   0x00000104   Code   RO          381    .text               hal_exti.o
    0x08000834   0x08000834   0x00000210   Code   RO          421    .text               hal_gpio.o
    0x08000a44   0x08000a44   0x00000428   Code   RO          441    .text               hal_i2c.o
    0x08000e6c   0x08000e6c   0x00000044   Code   RO          464    .text               hal_iwdg.o
    0x08000eb0   0x08000eb0   0x000000b4   Code   RO          507    .text               hal_misc.o
    0x08000f64   0x08000f64   0x000005c4   Code   RO          547    .text               hal_rcc.o
    0x08001528   0x08001528   0x000002b0   Code   RO          569    .text               hal_spi.o
    0x080017d8   0x080017d8   0x00000098   Code   RO          589    .text               hal_syscfg.o
    0x08001870   0x08001870   0x00000158   Code   RO          629    .text               hal_uart.o
    0x080019c8   0x080019c8   0x00000178   Code   RO          669    .text               spi.o
    0x08001b40   0x08001b40   0x0000037c   Code   RO          689    .text               callback.o
    0x08001ebc   0x08001ebc   0x00000164   Code   RO          714    .text               iic.o
    0x08002020   0x08002020   0x00000190   Code   RO          735    .text               irq_rf.o
    0x080021b0   0x080021b0   0x000001b4   Code   RO          756    .text               rcc.o
    0x08002364   0x08002364   0x0000007c   Code   RO          830    .text               iwdg.o
    0x080023e0   0x080023e0   0x00000260   Code   RO          850    .text               app.o
    0x08002640   0x08002640   0x0000002c   Code   RO         2085    .text               mc_p.l(uidiv.o)
    0x0800266c   0x0800266c   0x00000028   Code   RO         2087    .text               mc_p.l(idiv.o)
    0x08002694   0x08002694   0x00000024   Code   RO         2089    .text               mc_p.l(memcpya.o)
    0x080026b8   0x080026b8   0x00000024   Code   RO         2091    .text               mc_p.l(memseta.o)
    0x080026dc   0x080026dc   0x0000000e   Code   RO         2093    .text               mc_p.l(strlen.o)
    0x080026ea   0x080026ea   0x0000001a   Code   RO         2095    .text               mc_p.l(memcmp.o)
    0x08002704   0x08002704   0x00000060   Code   RO         2376    .text               mc_p.l(uldiv.o)
    0x08002764   0x08002764   0x00000024   Code   RO         2389    .text               mc_p.l(init.o)
    0x08002788   0x08002788   0x00000020   Code   RO         2391    .text               mc_p.l(llshl.o)
    0x080027a8   0x080027a8   0x00000022   Code   RO         2393    .text               mc_p.l(llushr.o)
    0x080027ca   0x080027ca   0x0000003a   Code   RO         2408    .text               mc_p.l(__dczerorl.o)
    0x08002804   0x08002804   0x00000030   Code   RO         1057    i.CanSleep          mg_BLE_lib_m0.lib(hwtest.o)
    0x08002834   0x08002834   0x00000030   Code   RO         1376    i.CheckMcuTimerForRcCal  mg_BLE_lib_m0.lib(fsm_adv_generic.o)
    0x08002864   0x08002864   0x0000004c   Code   RO         1928    i.ConnUpdate        mg_BLE_lib_m0.lib(fsm_sconn.o)
    0x080028b0   0x080028b0   0x00000012   Code   RO         1493    i.DelayUs           mg_BLE_lib_m0.lib(mg_driver.o)
    0x080028c2   0x080028c2   0x00000002   PAD
    0x080028c4   0x080028c4   0x00000014   Code   RO         1377    i.DoRcConvert_HF_LF_COEF  mg_BLE_lib_m0.lib(fsm_adv_generic.o)
    0x080028d8   0x080028d8   0x0000002c   Code   RO         1378    i.DoRcConvert_LF_AMPLE  mg_BLE_lib_m0.lib(fsm_adv_generic.o)
    0x08002904   0x08002904   0x00000034   Code   RO         1847    i.GenerateTxQueue   mg_BLE_lib_m0.lib(slave_dispatch.o)
    0x08002938   0x08002938   0x0000000c   Code   RO         1379    i.GetAdvCh          mg_BLE_lib_m0.lib(fsm_adv_generic.o)
    0x08002944   0x08002944   0x0000000c   Code   RO         1380    i.GetAdvEnable      mg_BLE_lib_m0.lib(fsm_adv_generic.o)
    0x08002950   0x08002950   0x00000028   Code   RO          877    i.GetFirmwareInfo   mg_BLE_lib_m0.lib(att.o)
    0x08002978   0x08002978   0x00000024   Code   RO         1058    i.IsSwTimeOut       mg_BLE_lib_m0.lib(hwtest.o)
    0x0800299c   0x0800299c   0x00000074   Code   RO         1931    i.ReSConnect        mg_BLE_lib_m0.lib(fsm_sconn.o)
    0x08002a10   0x08002a10   0x00000034   Code   RO         2062    i.SIG_CommandRej    mg_BLE_lib_m0.lib(l2cap.o)
    0x08002a44   0x08002a44   0x0000000c   Code   RO         1848    i.SaveCurrentHdr    mg_BLE_lib_m0.lib(slave_dispatch.o)
    0x08002a50   0x08002a50   0x0000000c   Code   RO         1059    i.SetBleIntRunningMode  mg_BLE_lib_m0.lib(hwtest.o)
    0x08002a5c   0x08002a5c   0x00000010   Code   RO         1061    i.SetMcuSleepFlag   mg_BLE_lib_m0.lib(hwtest.o)
    0x08002a6c   0x08002a6c   0x00000018   Code   RO         1062    i.SetSwTimer        mg_BLE_lib_m0.lib(hwtest.o)
    0x08002a84   0x08002a84   0x0000001c   Code   RO         1382    i.StartBBTimerForRcCal  mg_BLE_lib_m0.lib(fsm_adv_generic.o)
    0x08002aa0   0x08002aa0   0x00000014   Code   RO         1894    i.Tx_len            mg_BLE_lib_m0.lib(fsm_base.o)
    0x08002ab4   0x08002ab4   0x00000020   Code   RO         2308    i.__0printf$8       mc_p.l(printf8.o)
    0x08002ad4   0x08002ad4   0x0000001a   Code   RO         1762    i.__ARM_common_switch8  mg_BLE_lib_m0.lib(mg_driver.o)
    0x08002aee   0x08002aee   0x0000000e   Code   RO         2402    i.__scatterload_copy  mc_p.l(handlers.o)
    0x08002afc   0x08002afc   0x00000002   Code   RO         2403    i.__scatterload_null  mc_p.l(handlers.o)
    0x08002afe   0x08002afe   0x0000000e   Code   RO         2404    i.__scatterload_zeroinit  mc_p.l(handlers.o)
    0x08002b0c   0x08002b0c   0x00000428   Code   RO         2315    i._printf_core      mc_p.l(printf8.o)
    0x08002f34   0x08002f34   0x00000020   Code   RO         2316    i._printf_post_padding  mc_p.l(printf8.o)
    0x08002f54   0x08002f54   0x0000002c   Code   RO         2317    i._printf_pre_padding  mc_p.l(printf8.o)
    0x08002f80   0x08002f80   0x00000030   Code   RO         1383    i.adv_generic_onRxAA  mg_BLE_lib_m0.lib(fsm_adv_generic.o)
    0x08002fb0   0x08002fb0   0x00000090   Code   RO         1384    i.adv_generic_onRxPDU  mg_BLE_lib_m0.lib(fsm_adv_generic.o)
    0x08003040   0x08003040   0x00000100   Code   RO         1385    i.adv_generic_onSleep  mg_BLE_lib_m0.lib(fsm_adv_generic.o)
    0x08003140   0x08003140   0x00000030   Code   RO         1386    i.adv_generic_onStart  mg_BLE_lib_m0.lib(fsm_adv_generic.o)
    0x08003170   0x08003170   0x00000038   Code   RO         1387    i.adv_generic_onTxStarted  mg_BLE_lib_m0.lib(fsm_adv_generic.o)
    0x080031a8   0x080031a8   0x00000074   Code   RO         1388    i.adv_generic_onWakeup  mg_BLE_lib_m0.lib(fsm_adv_generic.o)
    0x0800321c   0x0800321c   0x00000048   Code   RO         1932    i.applyConnUpdate   mg_BLE_lib_m0.lib(fsm_sconn.o)
    0x08003264   0x08003264   0x00000088   Code   RO         1933    i.apply_connPara    mg_BLE_lib_m0.lib(fsm_sconn.o)
    0x080032ec   0x080032ec   0x00000038   Code   RO          879    i.att_ErrorFd_eCode  mg_BLE_lib_m0.lib(att.o)
    0x08003324   0x08003324   0x00000028   Code   RO          881    i.att_exMtuReq      mg_BLE_lib_m0.lib(att.o)
    0x0800334c   0x0800334c   0x0000000a   Code   RO          882    i.att_notFd         mg_BLE_lib_m0.lib(att.o)
    0x08003356   0x08003356   0x00000008   Code   RO          883    i.att_rsp           mg_BLE_lib_m0.lib(att.o)
    0x0800335e   0x0800335e   0x0000006e   Code   RO          884    i.att_server_findByType  mg_BLE_lib_m0.lib(att.o)
    0x080033cc   0x080033cc   0x00000084   Code   RO          885    i.att_server_findIn  mg_BLE_lib_m0.lib(att.o)
    0x08003450   0x08003450   0x00000050   Code   RO          886    i.att_server_rd     mg_BLE_lib_m0.lib(att.o)
    0x080034a0   0x080034a0   0x00000060   Code   RO          887    i.att_server_rdByGrTypeRspDeviceInfo  mg_BLE_lib_m0.lib(att.o)
    0x08003500   0x08003500   0x0000005a   Code   RO          888    i.att_server_rdByGrTypeRspPrimaryService  mg_BLE_lib_m0.lib(att.o)
    0x0800355a   0x0800355a   0x00000002   PAD
    0x0800355c   0x0800355c   0x000001f0   Code   RO          889    i.att_server_rdByType  mg_BLE_lib_m0.lib(att.o)
    0x0800374c   0x0800374c   0x00000034   Code   RO         1389    i.bb_DoRcCal        mg_BLE_lib_m0.lib(fsm_adv_generic.o)
    0x08003780   0x08003780   0x0000000c   Code   RO         1390    i.bb_advCalTimerIrq  mg_BLE_lib_m0.lib(fsm_adv_generic.o)
    0x0800378c   0x0800378c   0x0000002c   Code   RO         1391    i.bb_advGenericSetup  mg_BLE_lib_m0.lib(fsm_adv_generic.o)
    0x080037b8   0x080037b8   0x00000014   Code   RO         1392    i.bb_advGenericStart  mg_BLE_lib_m0.lib(fsm_adv_generic.o)
    0x080037cc   0x080037cc   0x00000020   Code   RO         1895    i.bb_getConnState   mg_BLE_lib_m0.lib(fsm_base.o)
    0x080037ec   0x080037ec   0x00000084   Code   RO         1934    i.bb_sconnStart     mg_BLE_lib_m0.lib(fsm_sconn.o)
    0x08003870   0x08003870   0x0000000c   Code   RO         1896    i.bb_setConnState   mg_BLE_lib_m0.lib(fsm_base.o)
    0x0800387c   0x0800387c   0x00000030   Code   RO         1063    i.ble_nMsRoutine    mg_BLE_lib_m0.lib(hwtest.o)
    0x080038ac   0x080038ac   0x00000214   Code   RO         1064    i.ble_run           mg_BLE_lib_m0.lib(hwtest.o)
    0x08003ac0   0x08003ac0   0x00000024   Code   RO         1065    i.ble_run_interrupt_McuCanSleep  mg_BLE_lib_m0.lib(hwtest.o)
    0x08003ae4   0x08003ae4   0x00000028   Code   RO         1066    i.ble_run_interrupt_start  mg_BLE_lib_m0.lib(hwtest.o)
    0x08003b0c   0x08003b0c   0x0000001c   Code   RO         1069    i.ble_set_adv_type  mg_BLE_lib_m0.lib(hwtest.o)
    0x08003b28   0x08003b28   0x00000038   Code   RO         1071    i.ble_set_name      mg_BLE_lib_m0.lib(hwtest.o)
    0x08003b60   0x08003b60   0x0000005c   Code   RO         1768    i.create_node       mg_BLE_lib_m0.lib(data_queue.o)
    0x08003bbc   0x08003bbc   0x0000000e   Code   RO         1250    i.empty_pk          mg_BLE_lib_m0.lib(ll_control.o)
    0x08003bca   0x08003bca   0x00000002   PAD
    0x08003bcc   0x08003bcc   0x00000010   Code   RO         1072    i.get_ble_version   mg_BLE_lib_m0.lib(hwtest.o)
    0x08003bdc   0x08003bdc   0x0000000c   Code   RO         1769    i.get_node_free     mg_BLE_lib_m0.lib(data_queue.o)
    0x08003be8   0x08003be8   0x00000014   Code   RO         1770    i.is_node_empty     mg_BLE_lib_m0.lib(data_queue.o)
    0x08003bfc   0x08003bfc   0x0000001e   Code   RO         1496    i.mg_activate       mg_BLE_lib_m0.lib(mg_driver.o)
    0x08003c1a   0x08003c1a   0x00000034   Code   RO         1497    i.mg_readBuf        mg_BLE_lib_m0.lib(mg_driver.o)
    0x08003c4e   0x08003c4e   0x00000022   Code   RO         1498    i.mg_readReg        mg_BLE_lib_m0.lib(mg_driver.o)
    0x08003c70   0x08003c70   0x00000038   Code   RO         1499    i.mg_writeBuf       mg_BLE_lib_m0.lib(mg_driver.o)
    0x08003ca8   0x08003ca8   0x00000022   Code   RO         1500    i.mg_writeReg       mg_BLE_lib_m0.lib(mg_driver.o)
    0x08003cca   0x08003cca   0x00000014   Code   RO         1772    i.queue_empty       mg_BLE_lib_m0.lib(data_queue.o)
    0x08003cde   0x08003cde   0x00000002   PAD
    0x08003ce0   0x08003ce0   0x00000014   Code   RO         1774    i.queue_init        mg_BLE_lib_m0.lib(data_queue.o)
    0x08003cf4   0x08003cf4   0x00000018   Code   RO         1775    i.queue_pop         mg_BLE_lib_m0.lib(data_queue.o)
    0x08003d0c   0x08003d0c   0x00000022   Code   RO         1776    i.queue_push        mg_BLE_lib_m0.lib(data_queue.o)
    0x08003d2e   0x08003d2e   0x00000092   Code   RO         1502    i.radio_do_cal      mg_BLE_lib_m0.lib(mg_driver.o)
    0x08003dc0   0x08003dc0   0x00000022   Code   RO         1503    i.radio_do_cal_check_result  mg_BLE_lib_m0.lib(mg_driver.o)
    0x08003de2   0x08003de2   0x00000002   PAD
    0x08003de4   0x08003de4   0x00000028   Code   RO         1505    i.radio_do_cal_start  mg_BLE_lib_m0.lib(mg_driver.o)
    0x08003e0c   0x08003e0c   0x0000009c   Code   RO         1506    i.radio_do_cal_step_check  mg_BLE_lib_m0.lib(mg_driver.o)
    0x08003ea8   0x08003ea8   0x00000038   Code   RO         1508    i.radio_getClock    mg_BLE_lib_m0.lib(mg_driver.o)
    0x08003ee0   0x08003ee0   0x00000026   Code   RO         1509    i.radio_getHClock   mg_BLE_lib_m0.lib(mg_driver.o)
    0x08003f06   0x08003f06   0x00000002   PAD
    0x08003f08   0x08003f08   0x0000003c   Code   RO         1510    i.radio_getHdr      mg_BLE_lib_m0.lib(mg_driver.o)
    0x08003f44   0x08003f44   0x00000094   Code   RO         1511    i.radio_getPdu      mg_BLE_lib_m0.lib(mg_driver.o)
    0x08003fd8   0x08003fd8   0x00000194   Code   RO         1512    i.radio_initBle     mg_BLE_lib_m0.lib(mg_driver.o)
    0x0800416c   0x0800416c   0x0000001a   Code   RO         1515    i.radio_readClearIRQ  mg_BLE_lib_m0.lib(mg_driver.o)
    0x08004186   0x08004186   0x00000020   Code   RO         1517    i.radio_setAccessCode  mg_BLE_lib_m0.lib(mg_driver.o)
    0x080041a6   0x080041a6   0x00000018   Code   RO         1518    i.radio_setAdvHeader  mg_BLE_lib_m0.lib(mg_driver.o)
    0x080041be   0x080041be   0x0000000e   Code   RO         1519    i.radio_setAdvPayload  mg_BLE_lib_m0.lib(mg_driver.o)
    0x080041cc   0x080041cc   0x00000010   Code   RO         1522    i.radio_setChannel  mg_BLE_lib_m0.lib(mg_driver.o)
    0x080041dc   0x080041dc   0x0000001c   Code   RO         1523    i.radio_setCrcInit  mg_BLE_lib_m0.lib(mg_driver.o)
    0x080041f8   0x080041f8   0x00000016   Code   RO         1524    i.radio_setIrqMask  mg_BLE_lib_m0.lib(mg_driver.o)
    0x0800420e   0x0800420e   0x00000038   Code   RO         1525    i.radio_setMode     mg_BLE_lib_m0.lib(mg_driver.o)
    0x08004246   0x08004246   0x00000016   Code   RO         1526    i.radio_setPaGain   mg_BLE_lib_m0.lib(mg_driver.o)
    0x0800425c   0x0800425c   0x0000001a   Code   RO         1529    i.radio_setStartTime  mg_BLE_lib_m0.lib(mg_driver.o)
    0x08004276   0x08004276   0x00000002   PAD
    0x08004278   0x08004278   0x00000028   Code   RO         1530    i.radio_setTimeout  mg_BLE_lib_m0.lib(mg_driver.o)
    0x080042a0   0x080042a0   0x0000000e   Code   RO         1531    i.radio_setTxPayload  mg_BLE_lib_m0.lib(mg_driver.o)
    0x080042ae   0x080042ae   0x0000001c   Code   RO         1532    i.radio_setTxPduHeader  mg_BLE_lib_m0.lib(mg_driver.o)
    0x080042ca   0x080042ca   0x0000001e   Code   RO         1533    i.radio_setWakeupTime  mg_BLE_lib_m0.lib(mg_driver.o)
    0x080042e8   0x080042e8   0x0000001a   Code   RO         1535    i.radio_sleep       mg_BLE_lib_m0.lib(mg_driver.o)
    0x08004302   0x08004302   0x00000002   PAD
    0x08004304   0x08004304   0x00000064   Code   RO         1536    i.radio_standby     mg_BLE_lib_m0.lib(mg_driver.o)
    0x08004368   0x08004368   0x0000000c   Code   RO         1537    i.radio_wakeup      mg_BLE_lib_m0.lib(mg_driver.o)
    0x08004374   0x08004374   0x00000044   Code   RO         1778    i.readQueue         mg_BLE_lib_m0.lib(data_queue.o)
    0x080043b8   0x080043b8   0x0000001c   Code   RO         1849    i.sOpCheck_Start    mg_BLE_lib_m0.lib(slave_dispatch.o)
    0x080043d4   0x080043d4   0x00000002   Code   RO         1252    i.s_llChmReq        mg_BLE_lib_m0.lib(ll_control.o)
    0x080043d6   0x080043d6   0x00000002   PAD
    0x080043d8   0x080043d8   0x00000048   Code   RO         1254    i.s_llConnParaRsp   mg_BLE_lib_m0.lib(ll_control.o)
    0x08004420   0x08004420   0x00000044   Code   RO         1255    i.s_llEnc           mg_BLE_lib_m0.lib(ll_control.o)
    0x08004464   0x08004464   0x00000034   Code   RO         1256    i.s_llFea           mg_BLE_lib_m0.lib(ll_control.o)
    0x08004498   0x08004498   0x00000040   Code   RO         1257    i.s_llSmPair        mg_BLE_lib_m0.lib(ll_control.o)
    0x080044d8   0x080044d8   0x00000028   Code   RO         1258    i.s_llTer           mg_BLE_lib_m0.lib(ll_control.o)
    0x08004500   0x08004500   0x00000030   Code   RO         1260    i.s_llUnknownRsp    mg_BLE_lib_m0.lib(ll_control.o)
    0x08004530   0x08004530   0x00000034   Code   RO         1261    i.s_llVersion       mg_BLE_lib_m0.lib(ll_control.o)
    0x08004564   0x08004564   0x0000005c   Code   RO         1850    i.s_opcodeCheck     mg_BLE_lib_m0.lib(slave_dispatch.o)
    0x080045c0   0x080045c0   0x00000288   Code   RO         1851    i.s_opcodeCheckOld  mg_BLE_lib_m0.lib(slave_dispatch.o)
    0x08004848   0x08004848   0x00000020   Code   RO         1262    i.savetxbuf         mg_BLE_lib_m0.lib(ll_control.o)
    0x08004868   0x08004868   0x00000064   Code   RO         1938    i.sconnConUpdate    mg_BLE_lib_m0.lib(fsm_sconn.o)
    0x080048cc   0x080048cc   0x00000034   Code   RO         1939    i.sconnUpChm        mg_BLE_lib_m0.lib(fsm_sconn.o)
    0x08004900   0x08004900   0x00000008   Code   RO         1941    i.sconn_ReSetLLSupvTimer  mg_BLE_lib_m0.lib(fsm_sconn.o)
    0x08004908   0x08004908   0x00000044   Code   RO          892    i.sconn_notifydata  mg_BLE_lib_m0.lib(att.o)
    0x0800494c   0x0800494c   0x0000003c   Code   RO         1943    i.sconn_onNumUsedCh  mg_BLE_lib_m0.lib(fsm_sconn.o)
    0x08004988   0x08004988   0x0000001c   Code   RO         1944    i.sconn_onRxAA      mg_BLE_lib_m0.lib(fsm_sconn.o)
    0x080049a4   0x080049a4   0x000000e0   Code   RO         1945    i.sconn_onRxPDU     mg_BLE_lib_m0.lib(fsm_sconn.o)
    0x08004a84   0x08004a84   0x0000025c   Code   RO         1946    i.sconn_onSleep     mg_BLE_lib_m0.lib(fsm_sconn.o)
    0x08004ce0   0x08004ce0   0x00000020   Code   RO         1947    i.sconn_onTxStarted  mg_BLE_lib_m0.lib(fsm_sconn.o)
    0x08004d00   0x08004d00   0x0000005c   Code   RO         1948    i.sconn_onWakeup    mg_BLE_lib_m0.lib(fsm_sconn.o)
    0x08004d5c   0x08004d5c   0x00000022   Code   RO          893    i.ser_execute_write_rsp  mg_BLE_lib_m0.lib(att.o)
    0x08004d7e   0x08004d7e   0x00000058   Code   RO          894    i.ser_notify_handle  mg_BLE_lib_m0.lib(att.o)
    0x08004dd6   0x08004dd6   0x00000046   Code   RO          895    i.ser_prepare_write_rsp  mg_BLE_lib_m0.lib(att.o)
    0x08004e1c   0x08004e1c   0x00000028   Code   RO          896    i.ser_write_rsp_pkt  mg_BLE_lib_m0.lib(att.o)
    0x08004e44   0x08004e44   0x00000028   Code   RO         1073    i.test_adv_generic  mg_BLE_lib_m0.lib(hwtest.o)
    0x08004e6c   0x08004e6c   0x0000002a   Code   RO         1265    i.txRsp             mg_BLE_lib_m0.lib(ll_control.o)
    0x08004e96   0x08004e96   0x00000002   PAD
    0x08004e98   0x08004e98   0x00000098   Code   RO         1074    i.update_adv_generic_para  mg_BLE_lib_m0.lib(hwtest.o)
    0x08004f30   0x08004f30   0x0000009a   Data   RO          851    .constdata          app.o
    0x08004fca   0x08004fca   0x00000002   PAD
    0x08004fcc   0x08004fcc   0x0000001c   Data   RO         1395    .constdata          mg_BLE_lib_m0.lib(fsm_adv_generic.o)
    0x08004fe8   0x08004fe8   0x00000004   Data   RO         1853    .constdata          mg_BLE_lib_m0.lib(slave_dispatch.o)
    0x08004fec   0x08004fec   0x0000001c   Data   RO         1951    .constdata          mg_BLE_lib_m0.lib(fsm_sconn.o)
    0x08005008   0x08005008   0x00000020   Data   RO         2401    Region$$Table       anon$$obj.o


    Execution Region RW_IRAM1 (Exec base: 0x20000000, Load base: 0x08005028, Size: 0x00000b10, Max: 0x00002000, ABSOLUTE, COMPRESSED[0x00000078])

    Exec Addr    Load Addr    Size         Type   Attr      Idx    E Section Name        Object

    0x20000000   COMPRESSED   0x00000006   Data   RW           55    .data               main.o
    0x20000006   COMPRESSED   0x00000002   PAD
    0x20000008   COMPRESSED   0x0000000c   Data   RW          174    .data               uart.o
    0x20000014   COMPRESSED   0x00000004   Data   RW          225    .data               sys.o
    0x20000018   COMPRESSED   0x00000004   Data   RW          442    .data               hal_i2c.o
    0x2000001c   COMPRESSED   0x00000010   Data   RW          548    .data               hal_rcc.o
    0x2000002c   COMPRESSED   0x00000019   Data   RW          691    .data               callback.o
    0x20000045   COMPRESSED   0x00000001   PAD
    0x20000046   COMPRESSED   0x00000028   Data   RW          852    .data               app.o
    0x2000006e   COMPRESSED   0x00000011   Data   RW          898    .data               mg_BLE_lib_m0.lib(att.o)
    0x2000007f   COMPRESSED   0x00000001   PAD
    0x20000080   COMPRESSED   0x0000003b   Data   RW         1076    .data               mg_BLE_lib_m0.lib(hwtest.o)
    0x200000bb   COMPRESSED   0x00000006   Data   RW         1077    .data               mg_BLE_lib_m0.lib(hwtest.o)
    0x200000c1   COMPRESSED   0x00000001   PAD
    0x200000c2   COMPRESSED   0x00000008   Data   RW         1268    .data               mg_BLE_lib_m0.lib(ll_control.o)
    0x200000ca   COMPRESSED   0x00000002   PAD
    0x200000cc   COMPRESSED   0x0000000c   Data   RW         1269    .data               mg_BLE_lib_m0.lib(ll_control.o)
    0x200000d8   COMPRESSED   0x00000040   Data   RW         1396    .data               mg_BLE_lib_m0.lib(fsm_adv_generic.o)
    0x20000118   COMPRESSED   0x00000005   Data   RW         1538    .data               mg_BLE_lib_m0.lib(mg_driver.o)
    0x2000011d   COMPRESSED   0x00000003   PAD
    0x20000120   COMPRESSED   0x00000008   Data   RW         1781    .data               mg_BLE_lib_m0.lib(data_queue.o)
    0x20000128   COMPRESSED   0x0000003d   Data   RW         1854    .data               mg_BLE_lib_m0.lib(slave_dispatch.o)
    0x20000165   COMPRESSED   0x00000003   PAD
    0x20000168   COMPRESSED   0x00000004   Data   RW         1897    .data               mg_BLE_lib_m0.lib(fsm_base.o)
    0x2000016c   COMPRESSED   0x00000004   Data   RW         1898    .data               mg_BLE_lib_m0.lib(fsm_base.o)
    0x20000170   COMPRESSED   0x00000004   Data   RW         1899    .data               mg_BLE_lib_m0.lib(fsm_base.o)
    0x20000174   COMPRESSED   0x00000008   Data   RW         1900    .data               mg_BLE_lib_m0.lib(fsm_base.o)
    0x2000017c   COMPRESSED   0x00000043   Data   RW         1952    .data               mg_BLE_lib_m0.lib(fsm_sconn.o)
    0x200001bf   COMPRESSED   0x00000001   PAD
    0x200001c0   COMPRESSED   0x00000008   Data   RW         1953    .data               mg_BLE_lib_m0.lib(fsm_sconn.o)
    0x200001c8        -       0x0000017d   Zero   RW          173    .bss                uart.o
    0x20000345        -       0x000000fc   Zero   RW          690    .bss                callback.o
    0x20000441        -       0x00000065   Zero   RW         1075    .bss                mg_BLE_lib_m0.lib(hwtest.o)
    0x200004a6        -       0x0000000c   Zero   RW         1266    .bss                mg_BLE_lib_m0.lib(ll_control.o)
    0x200004b2        -       0x00000025   Zero   RW         1267    .bss                mg_BLE_lib_m0.lib(ll_control.o)
    0x200004d7   COMPRESSED   0x00000001   PAD
    0x200004d8        -       0x000001c4   Zero   RW         1780    .bss                mg_BLE_lib_m0.lib(data_queue.o)
    0x2000069c        -       0x0000001d   Zero   RW         1852    .bss                mg_BLE_lib_m0.lib(slave_dispatch.o)
    0x200006b9   COMPRESSED   0x00000001   PAD
    0x200006ba        -       0x0000000c   Zero   RW         1949    .bss                mg_BLE_lib_m0.lib(fsm_sconn.o)
    0x200006c6        -       0x00000046   Zero   RW         1950    .bss                mg_BLE_lib_m0.lib(fsm_sconn.o)
    0x2000070c   COMPRESSED   0x00000004   PAD
    0x20000710        -       0x00000400   Zero   RW           45    STACK               startup_mm32w0xx.o


==============================================================================

Image component sizes


      Code (inc. data)   RO Data    RW Data    ZI Data      Debug   Object Name

       608         52        154         40          0       6389   app.o
       892         86          0         25        252       3605   callback.o
        68          4          0          0          0       1028   delay.o
       260         10          0          0          0       2367   hal_exti.o
       528          0          0          0          0       4561   hal_gpio.o
      1064         46          0          4          0       7292   hal_i2c.o
        68         12          0          0          0       1329   hal_iwdg.o
       180         12          0          0          0       1732   hal_misc.o
      1476         50          0         16          0       9137   hal_rcc.o
       688         14          0          0          0       5294   hal_spi.o
       152          6          0          0          0       1324   hal_syscfg.o
       344         12          0          0          0       3668   hal_uart.o
       356         30          0          0          0       1391   iic.o
       400         42          0          0          0       1241   irq_rf.o
       124          4          0          0          0       1058   iwdg.o
       280         68          0          6          0      34207   main.o
       436         28          0          0          0       7172   rcc.o
       376         14          0          0          0       2467   spi.o
        88         38        192          0       1024        752   startup_mm32w0xx.o
       200         24          0          4          0       7180   sys.o
       388         28          0          0          0     135441   system_mm32w0xx.o
       604         56          0         12        381       4446   uart.o

    ----------------------------------------------------------------------
      9580        636        380        110       1657     243081   Object Totals
         0          0         32          0          0          0   (incl. Generated)
         0          0          2          3          0          0   (incl. Padding)

    ----------------------------------------------------------------------

      Code (inc. data)   RO Data    RW Data    ZI Data      Debug   Library Member Name

        58          0          0          0          0          0   __dczerorl.o
         0          0          0          0          0          0   entry.o
         0          0          0          0          0          0   entry10a.o
         0          0          0          0          0          0   entry11a.o
         8          4          0          0          0          0   entry2.o
         4          0          0          0          0          0   entry5.o
         0          0          0          0          0          0   entry7b.o
         0          0          0          0          0          0   entry8b.o
         8          4          0          0          0          0   entry9a.o
        30          0          0          0          0          0   handlers.o
        40          0          0          0          0         72   idiv.o
        36          8          0          0          0         68   init.o
        32          0          0          0          0         68   llshl.o
        34          0          0          0          0         68   llushr.o
        26          0          0          0          0         72   memcmp.o
        36          0          0          0          0         60   memcpya.o
        36          0          0          0          0        100   memseta.o
      1172         52          0          0          0        324   printf8.o
        14          0          0          0          0         60   strlen.o
        44          0          0          0          0         72   uidiv.o
        96          0          0          0          0         84   uldiv.o
      1458         72          0         17          0      24578   att.o
       290         36          0          8        452       5306   data_queue.o
       960        108         28         64          0      10603   fsm_adv_generic.o
        64         18          0         20          0       4508   fsm_base.o
      1732        152         28         75         82      13023   fsm_sconn.o
      1084        106          0         65        101      13565   hwtest.o
        52          0          0          0          0        545   l2cap.o
       486         92          0         20         49       6622   ll_control.o
      1848         52          0          5          0      18873   mg_driver.o
       832         66          4         61         29       5404   slave_dispatch.o

    ----------------------------------------------------------------------
     10500        770         60        346        719     104075   Library Totals
        20          0          0         11          6          0   (incl. Padding)

    ----------------------------------------------------------------------

      Code (inc. data)   RO Data    RW Data    ZI Data      Debug   Library Name

      1674         68          0          0          0       1048   mc_p.l
      8806        702         60        335        713     103027   mg_BLE_lib_m0.lib

    ----------------------------------------------------------------------
     10500        770         60        346        719     104075   Library Totals

    ----------------------------------------------------------------------

==============================================================================


      Code (inc. data)   RO Data    RW Data    ZI Data      Debug   

     20080       1406        440        456       2376     339856   Grand Totals
     20080       1406        440        120       2376     339856   ELF Image Totals (compressed)
     20080       1406        440        120          0          0   ROM Totals

==============================================================================

    Total RO  Size (Code + RO Data)                20520 (  20.04kB)
    Total RW  Size (RW Data + ZI Data)              2832 (   2.77kB)
    Total ROM Size (Code + RO Data + RW Data)      20640 (  20.16kB)

==============================================================================

